Build started 4/12/2026 7:18:19 PM.
     1>Project "D:\source\repos\donellmccoy\FormValidationExperiments\ECTSystem.Tests\ECTSystem.Tests.csproj" on node 1 (VSTest target(s)).
     1>BuildProject:
         Build started, please wait...
     1>Project "D:\source\repos\donellmccoy\FormValidationExperiments\ECTSystem.Tests\ECTSystem.Tests.csproj" (1) is building "D:\source\repos\donellmccoy\FormValidationExperiments\ECTSystem.Tests\ECTSystem.Tests.csproj" (1:2) on node 1 (default targets).
   1:2>Project "D:\source\repos\donellmccoy\FormValidationExperiments\ECTSystem.Tests\ECTSystem.Tests.csproj" (1:2) is building "D:\source\repos\donellmccoy\FormValidationExperiments\ECTSystem.Shared\ECTSystem.Shared.csproj" (3:2) on node 2 (default targets).
     3>GenerateTargetFrameworkMonikerAttribute:
       Skipping target "GenerateTargetFrameworkMonikerAttribute" because all output files are up-to-date with respect to the input files.
       CoreGenerateAssemblyInfo:
       Skipping target "CoreGenerateAssemblyInfo" because all output files are up-to-date with respect to the input files.
       _GenerateSourceLinkFile:
         Source Link file 'obj\Debug\net10.0\ECTSystem.Shared.sourcelink.json' is up-to-date.
       CoreCompile:
       Skipping target "CoreCompile" because all output files are up-to-date with respect to the input files.
       GenerateBuildDependencyFile:
       Skipping target "GenerateBuildDependencyFile" because all output files are up-to-date with respect to the input files.
       CopyFilesToOutputDirectory:
         ECTSystem.Shared -> D:\source\repos\donellmccoy\FormValidationExperiments\ECTSystem.Shared\bin\Debug\net10.0\ECTSystem.Shared.dll
     3>Done Building Project "D:\source\repos\donellmccoy\FormValidationExperiments\ECTSystem.Shared\ECTSystem.Shared.csproj" (default targets).
   1:2>Project "D:\source\repos\donellmccoy\FormValidationExperiments\ECTSystem.Tests\ECTSystem.Tests.csproj" (1:2) is building "D:\source\repos\donellmccoy\FormValidationExperiments\ECTSystem.Persistence\ECTSystem.Persistence.csproj" (4:2) on node 3 (default targets).
     4>GenerateTargetFrameworkMonikerAttribute:
       Skipping target "GenerateTargetFrameworkMonikerAttribute" because all output files are up-to-date with respect to the input files.
       CoreGenerateAssemblyInfo:
       Skipping target "CoreGenerateAssemblyInfo" because all output files are up-to-date with respect to the input files.
   1:2>Project "D:\source\repos\donellmccoy\FormValidationExperiments\ECTSystem.Tests\ECTSystem.Tests.csproj" (1:2) is building "D:\source\repos\donellmccoy\FormValidationExperiments\ECTSystem.Web\ECTSystem.Web.csproj" (5:2) on node 4 (default targets).
     5>GenerateTargetFrameworkMonikerAttribute:
       Skipping target "GenerateTargetFrameworkMonikerAttribute" because all output files are up-to-date with respect to the input files.
     4>_GenerateSourceLinkFile:
         Source Link file 'obj\Debug\net10.0\ECTSystem.Persistence.sourcelink.json' is up-to-date.
       CoreCompile:
       Skipping target "CoreCompile" because all output files are up-to-date with respect to the input files.
       GenerateBuildDependencyFile:
       Skipping target "GenerateBuildDependencyFile" because all output files are up-to-date with respect to the input files.
       GenerateBuildRuntimeConfigurationFiles:
       Skipping target "GenerateBuildRuntimeConfigurationFiles" because all output files are up-to-date with respect to the input files.
       CopyFilesToOutputDirectory:
         ECTSystem.Persistence -> D:\source\repos\donellmccoy\FormValidationExperiments\ECTSystem.Persistence\bin\Debug\net10.0\ECTSystem.Persistence.dll
     4>Done Building Project "D:\source\repos\donellmccoy\FormValidationExperiments\ECTSystem.Persistence\ECTSystem.Persistence.csproj" (default targets).
     5>CoreGenerateAssemblyInfo:
       Skipping target "CoreGenerateAssemblyInfo" because all output files are up-to-date with respect to the input files.
       _DiscoverMvcApplicationParts:
       Skipping target "_DiscoverMvcApplicationParts" because all output files are up-to-date with respect to the input files.
       _GenerateSourceLinkFile:
         Source Link file 'obj\Debug\net10.0\ECTSystem.Web.sourcelink.json' is up-to-date.
       CoreCompile:
       Skipping target "CoreCompile" because all output files are up-to-date with respect to the input files.
       _ResolveWasmOutputs:
         Task assembly was loaded from 'C:\Program Files\dotnet\sdk\10.0.201\Microsoft.Build.dll' while the desired location was 'D:\packages\NuGet\cache\microsoft.net.sdk.webassembly.pack\10.0.5\tools\net10.0\Microsoft.NET.Sdk.WebAssembly.Pack.Tasks.dll'.
   1:2>Project "D:\source\repos\donellmccoy\FormValidationExperiments\ECTSystem.Tests\ECTSystem.Tests.csproj" (1:2) is building "D:\source\repos\donellmccoy\FormValidationExperiments\ECTSystem.Api\ECTSystem.Api.csproj" (2:2) on node 1 (default targets).
     2>GenerateTargetFrameworkMonikerAttribute:
       Skipping target "GenerateTargetFrameworkMonikerAttribute" because all output files are up-to-date with respect to the input files.
       CoreGenerateAssemblyInfo:
       Skipping target "CoreGenerateAssemblyInfo" because all output files are up-to-date with respect to the input files.
       _DiscoverMvcApplicationParts:
       Skipping target "_DiscoverMvcApplicationParts" because all output files are up-to-date with respect to the input files.
       _GenerateSourceLinkFile:
         Source Link file 'obj\Debug\net10.0\ECTSystem.Api.sourcelink.json' is up-to-date.
       CoreCompile:
       Skipping target "CoreCompile" because all output files are up-to-date with respect to the input files.
       _CreateAppHost:
       Skipping target "_CreateAppHost" because all output files are up-to-date with respect to the input files.
     5>_ResolveWasmOutputs:
         Task assembly was loaded from 'C:\Program Files\dotnet\sdk\10.0.201\Microsoft.Build.dll' while the desired location was 'D:\packages\NuGet\cache\microsoft.net.sdk.webassembly.pack\10.0.5\tools\net10.0\Microsoft.NET.Sdk.WebAssembly.Pack.Tasks.dll'.
     2>_ProcessScopedCssFiles:
       Skipping target "_ProcessScopedCssFiles" because it has no outputs.
       _ProcessScopedCssFiles:
       Skipping target "_ProcessScopedCssFiles" because it has no outputs.
       _BuildCopyStaticWebAssetsPreserveNewest:
       Skipping target "_BuildCopyStaticWebAssetsPreserveNewest" because it has no outputs.
       _CopyOutOfDateSourceItemsToOutputDirectory:
       Skipping target "_CopyOutOfDateSourceItemsToOutputDirectory" because all output files are up-to-date with respect to the input files.
       GenerateBuildDependencyFile:
       Skipping target "GenerateBuildDependencyFile" because all output files are up-to-date with respect to the input files.
       GenerateBuildRuntimeConfigurationFiles:
       Skipping target "GenerateBuildRuntimeConfigurationFiles" because all output files are up-to-date with respect to the input files.
       CopyFilesToOutputDirectory:
         ECTSystem.Api -> D:\source\repos\donellmccoy\FormValidationExperiments\ECTSystem.Api\bin\Debug\net10.0\ECTSystem.Api.dll
     2>Done Building Project "D:\source\repos\donellmccoy\FormValidationExperiments\ECTSystem.Api\ECTSystem.Api.csproj" (default targets).
     5>_ProcessScopedCssFiles:
       Skipping target "_ProcessScopedCssFiles" because all output files are up-to-date with respect to the input files.
       GenerateBuildRuntimeConfigurationFiles:
       Skipping target "GenerateBuildRuntimeConfigurationFiles" because all output files are up-to-date with respect to the input files.
       _GenerateBuildWasmBootJson:
         Task assembly was loaded from 'C:\Program Files\dotnet\sdk\10.0.201\Microsoft.Build.dll' while the desired location was 'D:\packages\NuGet\cache\microsoft.net.sdk.webassembly.pack\10.0.5\tools\net10.0\Microsoft.NET.Sdk.WebAssembly.Pack.Tasks.dll'.
         Write config in format '.js'
       GenerateHtmlAssetPlaceholdersBuildStaticWebAssets:
         Writing importmap to 'D:\source\repos\donellmccoy\FormValidationExperiments\ECTSystem.Web\wwwroot\index.html'
         Writing preload links to 'D:\source\repos\donellmccoy\FormValidationExperiments\ECTSystem.Web\wwwroot\index.html'
         Replacing asset '_framework/blazor.webassembly.js' with fingerprinted version '_framework/blazor.webassembly.66stpp682q.js'
       ResolveBuildCompressedStaticWebAssetsConfiguration:
         Accepted compressed asset 'D:\source\repos\donellmccoy\FormValidationExperiments\ECTSystem.Web\obj\Debug\net10.0\compressed\c1kki6wrpy-{0}-ufbwknq582-ufbwknq582.gz' for 'D:\packages\NuGet\cache\radzen.blazor\9.0.5\staticwebassets\css\dark.css'.
         Accepted compressed asset 'D:\source\repos\donellmccoy\FormValidationExperiments\ECTSystem.Web\obj\Debug\net10.0\compressed\13w5d5gf1p-{0}-fcngimj9x2-fcngimj9x2.gz' for 'D:\packages\NuGet\cache\radzen.blazor\9.0.5\staticwebassets\css\dark-base.css'.
         Accepted compressed asset 'D:\source\repos\donellmccoy\FormValidationExperiments\ECTSystem.Web\obj\Debug\net10.0\compressed\t8kfz0jwhf-{0}-38fu9w4dua-38fu9w4dua.gz' for 'D:\packages\NuGet\cache\radzen.blazor\9.0.5\staticwebassets\css\dark-wcag.css'.
         Accepted compressed asset 'D:\source\repos\donellmccoy\FormValidationExperiments\ECTSystem.Web\obj\Debug\net10.0\compressed\e8lwkmfe8l-{0}-z84a0of3gc-z84a0of3gc.gz' for 'D:\packages\NuGet\cache\radzen.blazor\9.0.5\staticwebassets\css\default.css'.
         Accepted compressed asset 'D:\source\repos\donellmccoy\FormValidationExperiments\ECTSystem.Web\obj\Debug\net10.0\compressed\o7ej72sj20-{0}-1hqyf75c7q-1hqyf75c7q.gz' for 'D:\packages\NuGet\cache\radzen.blazor\9.0.5\staticwebassets\css\default-base.css'.
         Accepted compressed asset 'D:\source\repos\donellmccoy\FormValidationExperiments\ECTSystem.Web\obj\Debug\net10.0\compressed\puhzzxxpds-{0}-4owp47ww22-4owp47ww22.gz' for 'D:\packages\NuGet\cache\radzen.blazor\9.0.5\staticwebassets\css\default-wcag.css'.
         Accepted compressed asset 'D:\source\repos\donellmccoy\FormValidationExperiments\ECTSystem.Web\obj\Debug\net10.0\compressed\vp43n8brm6-{0}-odyim21f0k-odyim21f0k.gz' for 'D:\packages\NuGet\cache\radzen.blazor\9.0.5\staticwebassets\css\humanistic.css'.
         Accepted compressed asset 'D:\source\repos\donellmccoy\FormValidationExperiments\ECTSystem.Web\obj\Debug\net10.0\compressed\3mkt4spddn-{0}-0rcyclkryr-0rcyclkryr.gz' for 'D:\packages\NuGet\cache\radzen.blazor\9.0.5\staticwebassets\css\humanistic-base.css'.
         Accepted compressed asset 'D:\source\repos\donellmccoy\FormValidationExperiments\ECTSystem.Web\obj\Debug\net10.0\compressed\6o9s175gvo-{0}-xualez7bry-xualez7bry.gz' for 'D:\packages\NuGet\cache\radzen.blazor\9.0.5\staticwebassets\css\humanistic-dark.css'.
         Accepted compressed asset 'D:\source\repos\donellmccoy\FormValidationExperiments\ECTSystem.Web\obj\Debug\net10.0\compressed\1i7dq2ynh3-{0}-nfipy3i7sp-nfipy3i7sp.gz' for 'D:\packages\NuGet\cache\radzen.blazor\9.0.5\staticwebassets\css\humanistic-dark-base.css'.
         Accepted compressed asset 'D:\source\repos\donellmccoy\FormValidationExperiments\ECTSystem.Web\obj\Debug\net10.0\compressed\tpbz3kwmi1-{0}-i3e4j215l4-i3e4j215l4.gz' for 'D:\packages\NuGet\cache\radzen.blazor\9.0.5\staticwebassets\css\humanistic-dark-wcag.css'.
         Accepted compressed asset 'D:\source\repos\donellmccoy\FormValidationExperiments\ECTSystem.Web\obj\Debug\net10.0\compressed\lajis6h9q2-{0}-b9puhc56nt-b9puhc56nt.gz' for 'D:\packages\NuGet\cache\radzen.blazor\9.0.5\staticwebassets\css\humanistic-wcag.css'.
         Accepted compressed asset 'D:\source\repos\donellmccoy\FormValidationExperiments\ECTSystem.Web\obj\Debug\net10.0\compressed\ljz8shcmxy-{0}-9ede6580t1-9ede6580t1.gz' for 'D:\packages\NuGet\cache\radzen.blazor\9.0.5\staticwebassets\css\material.css'.
         Accepted compressed asset 'D:\source\repos\donellmccoy\FormValidationExperiments\ECTSystem.Web\obj\Debug\net10.0\compressed\hhff85vxhh-{0}-cw3g6c6mi4-cw3g6c6mi4.gz' for 'D:\packages\NuGet\cache\radzen.blazor\9.0.5\staticwebassets\css\material-base.css'.
         Accepted compressed asset 'D:\source\repos\donellmccoy\FormValidationExperiments\ECTSystem.Web\obj\Debug\net10.0\compressed\umq7d7hlv3-{0}-byw33130mf-byw33130mf.gz' for 'D:\packages\NuGet\cache\radzen.blazor\9.0.5\staticwebassets\css\material-dark.css'.
         Accepted compressed asset 'D:\source\repos\donellmccoy\FormValidationExperiments\ECTSystem.Web\obj\Debug\net10.0\compressed\tk49g4xv5u-{0}-wx4hensadt-wx4hensadt.gz' for 'D:\packages\NuGet\cache\radzen.blazor\9.0.5\staticwebassets\css\material-dark-base.css'.
         Accepted compressed asset 'D:\source\repos\donellmccoy\FormValidationExperiments\ECTSystem.Web\obj\Debug\net10.0\compressed\s9otf05z8q-{0}-h7er6lhgnt-h7er6lhgnt.gz' for 'D:\packages\NuGet\cache\radzen.blazor\9.0.5\staticwebassets\css\material-dark-wcag.css'.
         Accepted compressed asset 'D:\source\repos\donellmccoy\FormValidationExperiments\ECTSystem.Web\obj\Debug\net10.0\compressed\fp7uetamp1-{0}-2iaqigxizv-2iaqigxizv.gz' for 'D:\packages\NuGet\cache\radzen.blazor\9.0.5\staticwebassets\css\material-wcag.css'.
         Accepted compressed asset 'D:\source\repos\donellmccoy\FormValidationExperiments\ECTSystem.Web\obj\Debug\net10.0\compressed\l647vub447-{0}-dlszvg16vp-dlszvg16vp.gz' for 'D:\packages\NuGet\cache\radzen.blazor\9.0.5\staticwebassets\css\math.css'.
         Accepted compressed asset 'D:\source\repos\donellmccoy\FormValidationExperiments\ECTSystem.Web\obj\Debug\net10.0\compressed\4d1o7blez5-{0}-e0myv1rzzt-e0myv1rzzt.gz' for 'D:\packages\NuGet\cache\radzen.blazor\9.0.5\staticwebassets\css\software.css'.
         Accepted compressed asset 'D:\source\repos\donellmccoy\FormValidationExperiments\ECTSystem.Web\obj\Debug\net10.0\compressed\iziymon70z-{0}-yxfjmmom7a-yxfjmmom7a.gz' for 'D:\packages\NuGet\cache\radzen.blazor\9.0.5\staticwebassets\css\software-base.css'.
         Accepted compressed asset 'D:\source\repos\donellmccoy\FormValidationExperiments\ECTSystem.Web\obj\Debug\net10.0\compressed\gkqy78lw9w-{0}-x2fspauj3u-x2fspauj3u.gz' for 'D:\packages\NuGet\cache\radzen.blazor\9.0.5\staticwebassets\css\software-dark.css'.
         Accepted compressed asset 'D:\source\repos\donellmccoy\FormValidationExperiments\ECTSystem.Web\obj\Debug\net10.0\compressed\63oc1n27oy-{0}-uy6j2rpg6j-uy6j2rpg6j.gz' for 'D:\packages\NuGet\cache\radzen.blazor\9.0.5\staticwebassets\css\software-dark-base.css'.
         Accepted compressed asset 'D:\source\repos\donellmccoy\FormValidationExperiments\ECTSystem.Web\obj\Debug\net10.0\compressed\hzxay3wjwu-{0}-ju2iwv8des-ju2iwv8des.gz' for 'D:\packages\NuGet\cache\radzen.blazor\9.0.5\staticwebassets\css\software-dark-wcag.css'.
         Accepted compressed asset 'D:\source\repos\donellmccoy\FormValidationExperiments\ECTSystem.Web\obj\Debug\net10.0\compressed\4tfzvf9qks-{0}-egy13jlyl1-egy13jlyl1.gz' for 'D:\packages\NuGet\cache\radzen.blazor\9.0.5\staticwebassets\css\software-wcag.css'.
         Accepted compressed asset 'D:\source\repos\donellmccoy\FormValidationExperiments\ECTSystem.Web\obj\Debug\net10.0\compressed\pzoc9euazt-{0}-hyts3pyym0-hyts3pyym0.gz' for 'D:\packages\NuGet\cache\radzen.blazor\9.0.5\staticwebassets\css\standard.css'.
         Accepted compressed asset 'D:\source\repos\donellmccoy\FormValidationExperiments\ECTSystem.Web\obj\Debug\net10.0\compressed\a9qr3lfjcz-{0}-hi84ijhz2t-hi84ijhz2t.gz' for 'D:\packages\NuGet\cache\radzen.blazor\9.0.5\staticwebassets\css\standard-base.css'.
         Accepted compressed asset 'D:\source\repos\donellmccoy\FormValidationExperiments\ECTSystem.Web\obj\Debug\net10.0\compressed\6crp8u0vy1-{0}-pcfajf7zxp-pcfajf7zxp.gz' for 'D:\packages\NuGet\cache\radzen.blazor\9.0.5\staticwebassets\css\standard-dark.css'.
         Accepted compressed asset 'D:\source\repos\donellmccoy\FormValidationExperiments\ECTSystem.Web\obj\Debug\net10.0\compressed\tyl999z8ld-{0}-779xqrv1gv-779xqrv1gv.gz' for 'D:\packages\NuGet\cache\radzen.blazor\9.0.5\staticwebassets\css\standard-dark-base.css'.
         Accepted compressed asset 'D:\source\repos\donellmccoy\FormValidationExperiments\ECTSystem.Web\obj\Debug\net10.0\compressed\r9w1mufl9l-{0}-4vyp0a2xjt-4vyp0a2xjt.gz' for 'D:\packages\NuGet\cache\radzen.blazor\9.0.5\staticwebassets\css\standard-dark-wcag.css'.
         Accepted compressed asset 'D:\source\repos\donellmccoy\FormValidationExperiments\ECTSystem.Web\obj\Debug\net10.0\compressed\i1901ftr2x-{0}-cjvtifvnlk-cjvtifvnlk.gz' for 'D:\packages\NuGet\cache\radzen.blazor\9.0.5\staticwebassets\css\standard-wcag.css'.
         Accepted compressed asset 'D:\source\repos\donellmccoy\FormValidationExperiments\ECTSystem.Web\obj\Debug\net10.0\compressed\6xb9o06z95-{0}-7zqmirtkch-7zqmirtkch.gz' for 'D:\packages\NuGet\cache\radzen.blazor\9.0.5\staticwebassets\Radzen.Blazor.js'.
         Accepted compressed asset 'D:\source\repos\donellmccoy\FormValidationExperiments\ECTSystem.Web\obj\Debug\net10.0\compressed\t2tvocn0z4-{0}-ceh8u7ziaj-ceh8u7ziaj.gz' for 'D:\packages\NuGet\cache\radzen.blazor\9.0.5\staticwebassets\Radzen.Blazor.min.js'.
         Accepted compressed asset 'D:\source\repos\donellmccoy\FormValidationExperiments\ECTSystem.Web\obj\Debug\net10.0\compressed\f9o902iofb-{0}-99zm1jdh75-99zm1jdh75.gz' for 'D:\packages\NuGet\cache\microsoft.dotnet.hotreload.webassembly.browser\10.0.201\staticwebassets\Microsoft.DotNet.HotReload.WebAssembly.Browser.99zm1jdh75.lib.module.js'.
         Accepted compressed asset 'D:\source\repos\donellmccoy\FormValidationExperiments\ECTSystem.Web\obj\Debug\net10.0\compressed\2u42paajbc-{0}-ewsmvs08vw-ewsmvs08vw.gz' for 'D:\source\repos\donellmccoy\FormValidationExperiments\ECTSystem.Web\wwwroot\css\app.css'.
         Accepted compressed asset 'D:\source\repos\donellmccoy\FormValidationExperiments\ECTSystem.Web\obj\Debug\net10.0\compressed\szfz6g4sx5-{0}-d039sms3sd-d039sms3sd.gz' for 'D:\source\repos\donellmccoy\FormValidationExperiments\ECTSystem.Web\wwwroot\images\af-wings.svg'.
         Accepted compressed asset 'D:\source\repos\donellmccoy\FormValidationExperiments\ECTSystem.Web\obj\Debug\net10.0\compressed\nzdneg7gvn-{0}-nrqb74wf92-nrqb74wf92.gz' for 'D:\source\repos\donellmccoy\FormValidationExperiments\ECTSystem.Web\wwwroot\js\download.js'.
         Accepted compressed asset 'D:\source\repos\donellmccoy\FormValidationExperiments\ECTSystem.Web\obj\Debug\net10.0\compressed\ykol1ispkm-{0}-xr0hippj5z-xr0hippj5z.gz' for 'D:\source\repos\donellmccoy\FormValidationExperiments\ECTSystem.Web\wwwroot\js\pdf-viewer.js'.
         Accepted compressed asset 'D:\source\repos\donellmccoy\FormValidationExperiments\ECTSystem.Web\obj\Debug\net10.0\compressed\gx01nmpfm0-{0}-lruor1g3w9-lruor1g3w9.gz' for 'D:\source\repos\donellmccoy\FormValidationExperiments\ECTSystem.Web\wwwroot\manifest.webmanifest'.
         Accepted compressed asset 'D:\source\repos\donellmccoy\FormValidationExperiments\ECTSystem.Web\obj\Debug\net10.0\compressed\b9p5czqe9a-{0}-whqb1l4zue-whqb1l4zue.gz' for 'D:\source\repos\donellmccoy\FormValidationExperiments\ECTSystem.Web\wwwroot\staticwebapp.config.json'.
         Accepted compressed asset 'D:\source\repos\donellmccoy\FormValidationExperiments\ECTSystem.Web\obj\Debug\net10.0\compressed\cx7bzp8hnb-{0}-29qxocl83q-29qxocl83q.gz' for 'D:\source\repos\donellmccoy\FormValidationExperiments\ECTSystem.Web\wwwroot\appsettings.Development.json'.
         Accepted compressed asset 'D:\source\repos\donellmccoy\FormValidationExperiments\ECTSystem.Web\obj\Debug\net10.0\compressed\23k2u02q7k-{0}-29qxocl83q-29qxocl83q.gz' for 'D:\source\repos\donellmccoy\FormValidationExperiments\ECTSystem.Web\wwwroot\appsettings.json'.
         Accepted compressed asset 'D:\source\repos\donellmccoy\FormValidationExperiments\ECTSystem.Web\obj\Debug\net10.0\compressed\q2w9w4oq5r-{0}-nla4dzqv36-nla4dzqv36.gz' for 'D:\source\repos\donellmccoy\FormValidationExperiments\ECTSystem.Web\wwwroot\appsettings.Production.json'.
         Accepted compressed asset 'D:\source\repos\donellmccoy\FormValidationExperiments\ECTSystem.Web\obj\Debug\net10.0\compressed\bzd88wugf7-{0}-z63f4u7x7n-z63f4u7x7n.gz' for 'D:\source\repos\donellmccoy\FormValidationExperiments\ECTSystem.Web\wwwroot\appsettings.Staging.json'.
         Accepted compressed asset 'D:\source\repos\donellmccoy\FormValidationExperiments\ECTSystem.Web\obj\Debug\net10.0\compressed\vr3s8khe9q-{0}-66stpp682q-66stpp682q.gz' for 'D:\source\repos\donellmccoy\FormValidationExperiments\ECTSystem.Web\bin\Debug\net10.0\wwwroot\_framework\blazor.webassembly.66stpp682q.js'.
         Accepted compressed asset 'D:\source\repos\donellmccoy\FormValidationExperiments\ECTSystem.Web\obj\Debug\net10.0\compressed\c3onxnxibh-{0}-jajyg5jqf4-jajyg5jqf4.gz' for 'D:\source\repos\donellmccoy\FormValidationExperiments\ECTSystem.Web\obj\Debug\net10.0\scopedcss\bundle\ECTSystem.Web.styles.css'.
         Accepted compressed asset 'D:\source\repos\donellmccoy\FormValidationExperiments\ECTSystem.Web\obj\Debug\net10.0\compressed\4kt63ecug1-{0}-jajyg5jqf4-jajyg5jqf4.gz' for 'D:\source\repos\donellmccoy\FormValidationExperiments\ECTSystem.Web\obj\Debug\net10.0\scopedcss\projectbundle\ECTSystem.Web.bundle.scp.css'.
         Accepted compressed asset 'D:\source\repos\donellmccoy\FormValidationExperiments\ECTSystem.Web\obj\Debug\net10.0\compressed\t1iec63g8o-{0}-12n6dz54qr-12n6dz54qr.gz' for 'D:\source\repos\donellmccoy\FormValidationExperiments\ECTSystem.Web\bin\Debug\net10.0\wwwroot\_framework\Blazored.LocalStorage.12n6dz54qr.wasm'.
         Accepted compressed asset 'D:\source\repos\donellmccoy\FormValidationExperiments\ECTSystem.Web\obj\Debug\net10.0\compressed\9m7b1mta63-{0}-i178n7uvlk-i178n7uvlk.gz' for 'D:\source\repos\donellmccoy\FormValidationExperiments\ECTSystem.Web\bin\Debug\net10.0\wwwroot\_framework\Humanizer.i178n7uvlk.wasm'.
         Accepted compressed asset 'D:\source\repos\donellmccoy\FormValidationExperiments\ECTSystem.Web\obj\Debug\net10.0\compressed\dqwb45bvr0-{0}-3ur142rhlk-3ur142rhlk.gz' for 'D:\source\repos\donellmccoy\FormValidationExperiments\ECTSystem.Web\bin\Debug\net10.0\wwwroot\_framework\Microsoft.AspNetCore.Authorization.3ur142rhlk.wasm'.
         Accepted compressed asset 'D:\source\repos\donellmccoy\FormValidationExperiments\ECTSystem.Web\obj\Debug\net10.0\compressed\f4iiz58w9n-{0}-ld1j2d23tn-ld1j2d23tn.gz' for 'D:\source\repos\donellmccoy\FormValidationExperiments\ECTSystem.Web\bin\Debug\net10.0\wwwroot\_framework\Microsoft.AspNetCore.Components.ld1j2d23tn.wasm'.
         Accepted compressed asset 'D:\source\repos\donellmccoy\FormValidationExperiments\ECTSystem.Web\obj\Debug\net10.0\compressed\l0a4z5q4xb-{0}-br78doeg3e-br78doeg3e.gz' for 'D:\source\repos\donellmccoy\FormValidationExperiments\ECTSystem.Web\bin\Debug\net10.0\wwwroot\_framework\Microsoft.AspNetCore.Components.Authorization.br78doeg3e.wasm'.
         Accepted compressed asset 'D:\source\repos\donellmccoy\FormValidationExperiments\ECTSystem.Web\obj\Debug\net10.0\compressed\yb753b6uu9-{0}-jnskqyrki7-jnskqyrki7.gz' for 'D:\source\repos\donellmccoy\FormValidationExperiments\ECTSystem.Web\bin\Debug\net10.0\wwwroot\_framework\Microsoft.AspNetCore.Components.Forms.jnskqyrki7.wasm'.
         Accepted compressed asset 'D:\source\repos\donellmccoy\FormValidationExperiments\ECTSystem.Web\obj\Debug\net10.0\compressed\yrja4rjavn-{0}-pe34czp7g7-pe34czp7g7.gz' for 'D:\source\repos\donellmccoy\FormValidationExperiments\ECTSystem.Web\bin\Debug\net10.0\wwwroot\_framework\Microsoft.AspNetCore.Components.Web.pe34czp7g7.wasm'.
         Accepted compressed asset 'D:\source\repos\donellmccoy\FormValidationExperiments\ECTSystem.Web\obj\Debug\net10.0\compressed\bxwb1uf4ma-{0}-u0zj27cx7o-u0zj27cx7o.gz' for 'D:\source\repos\donellmccoy\FormValidationExperiments\ECTSystem.Web\bin\Debug\net10.0\wwwroot\_framework\Microsoft.AspNetCore.Components.WebAssembly.u0zj27cx7o.wasm'.
         Accepted compressed asset 'D:\source\repos\donellmccoy\FormValidationExperiments\ECTSystem.Web\obj\Debug\net10.0\compressed\07dvhoryo3-{0}-a9671ymty2-a9671ymty2.gz' for 'D:\source\repos\donellmccoy\FormValidationExperiments\ECTSystem.Web\bin\Debug\net10.0\wwwroot\_framework\Microsoft.AspNetCore.Metadata.a9671ymty2.wasm'.
         Accepted compressed asset 'D:\source\repos\donellmccoy\FormValidationExperiments\ECTSystem.Web\obj\Debug\net10.0\compressed\mhuzu2aisl-{0}-cejwwy890b-cejwwy890b.gz' for 'D:\source\repos\donellmccoy\FormValidationExperiments\ECTSystem.Web\bin\Debug\net10.0\wwwroot\_framework\Microsoft.Bcl.AsyncInterfaces.cejwwy890b.wasm'.
         Accepted compressed asset 'D:\source\repos\donellmccoy\FormValidationExperiments\ECTSystem.Web\obj\Debug\net10.0\compressed\bq2gqsp214-{0}-hrhwg3a64c-hrhwg3a64c.gz' for 'D:\source\repos\donellmccoy\FormValidationExperiments\ECTSystem.Web\bin\Debug\net10.0\wwwroot\_framework\Microsoft.DotNet.HotReload.WebAssembly.Browser.hrhwg3a64c.wasm'.
         Accepted compressed asset 'D:\source\repos\donellmccoy\FormValidationExperiments\ECTSystem.Web\obj\Debug\net10.0\compressed\m73p78mmyd-{0}-b07hl8kc7e-b07hl8kc7e.gz' for 'D:\source\repos\donellmccoy\FormValidationExperiments\ECTSystem.Web\bin\Debug\net10.0\wwwroot\_framework\Microsoft.Extensions.AmbientMetadata.Application.b07hl8kc7e.wasm'.
         Accepted compressed asset 'D:\source\repos\donellmccoy\FormValidationExperiments\ECTSystem.Web\obj\Debug\net10.0\compressed\p3lb7646bf-{0}-0s0u9vohhl-0s0u9vohhl.gz' for 'D:\source\repos\donellmccoy\FormValidationExperiments\ECTSystem.Web\bin\Debug\net10.0\wwwroot\_framework\Microsoft.Extensions.Compliance.Abstractions.0s0u9vohhl.wasm'.
         Accepted compressed asset 'D:\source\repos\donellmccoy\FormValidationExperiments\ECTSystem.Web\obj\Debug\net10.0\compressed\wichti9hcg-{0}-0foh9fjffd-0foh9fjffd.gz' for 'D:\source\repos\donellmccoy\FormValidationExperiments\ECTSystem.Web\bin\Debug\net10.0\wwwroot\_framework\Microsoft.Extensions.Configuration.0foh9fjffd.wasm'.
         Accepted compressed asset 'D:\source\repos\donellmccoy\FormValidationExperiments\ECTSystem.Web\obj\Debug\net10.0\compressed\pqkwucy92a-{0}-rerhkqr3eb-rerhkqr3eb.gz' for 'D:\source\repos\donellmccoy\FormValidationExperiments\ECTSystem.Web\bin\Debug\net10.0\wwwroot\_framework\Microsoft.Extensions.Configuration.Abstractions.rerhkqr3eb.wasm'.
         Accepted compressed asset 'D:\source\repos\donellmccoy\FormValidationExperiments\ECTSystem.Web\obj\Debug\net10.0\compressed\6r4m6i5vje-{0}-i87u3da4xe-i87u3da4xe.gz' for 'D:\source\repos\donellmccoy\FormValidationExperiments\ECTSystem.Web\bin\Debug\net10.0\wwwroot\_framework\Microsoft.Extensions.Configuration.Binder.i87u3da4xe.wasm'.
         Accepted compressed asset 'D:\source\repos\donellmccoy\FormValidationExperiments\ECTSystem.Web\obj\Debug\net10.0\compressed\m02bjb8is8-{0}-yli8mx0eos-yli8mx0eos.gz' for 'D:\source\repos\donellmccoy\FormValidationExperiments\ECTSystem.Web\bin\Debug\net10.0\wwwroot\_framework\Microsoft.Extensions.Configuration.FileExtensions.yli8mx0eos.wasm'.
         Accepted compressed asset 'D:\source\repos\donellmccoy\FormValidationExperiments\ECTSystem.Web\obj\Debug\net10.0\compressed\hv73puyvcv-{0}-slxs9murh9-slxs9murh9.gz' for 'D:\source\repos\donellmccoy\FormValidationExperiments\ECTSystem.Web\bin\Debug\net10.0\wwwroot\_framework\Microsoft.Extensions.Configuration.Json.slxs9murh9.wasm'.
         Accepted compressed asset 'D:\source\repos\donellmccoy\FormValidationExperiments\ECTSystem.Web\obj\Debug\net10.0\compressed\s0x82sxc3p-{0}-5j2hllj6bi-5j2hllj6bi.gz' for 'D:\source\repos\donellmccoy\FormValidationExperiments\ECTSystem.Web\bin\Debug\net10.0\wwwroot\_framework\Microsoft.Extensions.DependencyInjection.5j2hllj6bi.wasm'.
         Accepted compressed asset 'D:\source\repos\donellmccoy\FormValidationExperiments\ECTSystem.Web\obj\Debug\net10.0\compressed\5j6sx5hybn-{0}-bo3l2cgml4-bo3l2cgml4.gz' for 'D:\source\repos\donellmccoy\FormValidationExperiments\ECTSystem.Web\bin\Debug\net10.0\wwwroot\_framework\Microsoft.Extensions.DependencyInjection.Abstractions.bo3l2cgml4.wasm'.
         Accepted compressed asset 'D:\source\repos\donellmccoy\FormValidationExperiments\ECTSystem.Web\obj\Debug\net10.0\compressed\ujqjaj8hak-{0}-5m14pyqyxw-5m14pyqyxw.gz' for 'D:\source\repos\donellmccoy\FormValidationExperiments\ECTSystem.Web\bin\Debug\net10.0\wwwroot\_framework\Microsoft.Extensions.DependencyInjection.AutoActivation.5m14pyqyxw.wasm'.
         Accepted compressed asset 'D:\source\repos\donellmccoy\FormValidationExperiments\ECTSystem.Web\obj\Debug\net10.0\compressed\jbfza82tln-{0}-uwboh8k0t2-uwboh8k0t2.gz' for 'D:\source\repos\donellmccoy\FormValidationExperiments\ECTSystem.Web\bin\Debug\net10.0\wwwroot\_framework\Microsoft.Extensions.Diagnostics.uwboh8k0t2.wasm'.
         Accepted compressed asset 'D:\source\repos\donellmccoy\FormValidationExperiments\ECTSystem.Web\obj\Debug\net10.0\compressed\riz7o6txdj-{0}-bzcztxg906-bzcztxg906.gz' for 'D:\source\repos\donellmccoy\FormValidationExperiments\ECTSystem.Web\bin\Debug\net10.0\wwwroot\_framework\Microsoft.Extensions.Diagnostics.Abstractions.bzcztxg906.wasm'.
         Accepted compressed asset 'D:\source\repos\donellmccoy\FormValidationExperiments\ECTSystem.Web\obj\Debug\net10.0\compressed\u2wfnkw1dm-{0}-be076d6uos-be076d6uos.gz' for 'D:\source\repos\donellmccoy\FormValidationExperiments\ECTSystem.Web\bin\Debug\net10.0\wwwroot\_framework\Microsoft.Extensions.Diagnostics.ExceptionSummarization.be076d6uos.wasm'.
         Accepted compressed asset 'D:\source\repos\donellmccoy\FormValidationExperiments\ECTSystem.Web\obj\Debug\net10.0\compressed\9pawogmopu-{0}-mpgzemyed2-mpgzemyed2.gz' for 'D:\source\repos\donellmccoy\FormValidationExperiments\ECTSystem.Web\bin\Debug\net10.0\wwwroot\_framework\Microsoft.Extensions.FileProviders.Abstractions.mpgzemyed2.wasm'.
         Accepted compressed asset 'D:\source\repos\donellmccoy\FormValidationExperiments\ECTSystem.Web\obj\Debug\net10.0\compressed\f8s0r1389f-{0}-b7hjew9l8i-b7hjew9l8i.gz' for 'D:\source\repos\donellmccoy\FormValidationExperiments\ECTSystem.Web\bin\Debug\net10.0\wwwroot\_framework\Microsoft.Extensions.FileProviders.Physical.b7hjew9l8i.wasm'.
         Accepted compressed asset 'D:\source\repos\donellmccoy\FormValidationExperiments\ECTSystem.Web\obj\Debug\net10.0\compressed\hioko8hpdo-{0}-l0tb2qjzko-l0tb2qjzko.gz' for 'D:\source\repos\donellmccoy\FormValidationExperiments\ECTSystem.Web\bin\Debug\net10.0\wwwroot\_framework\Microsoft.Extensions.FileSystemGlobbing.l0tb2qjzko.wasm'.
         Accepted compressed asset 'D:\source\repos\donellmccoy\FormValidationExperiments\ECTSystem.Web\obj\Debug\net10.0\compressed\xcdu1o1bi6-{0}-wdatjiax62-wdatjiax62.gz' for 'D:\source\repos\donellmccoy\FormValidationExperiments\ECTSystem.Web\bin\Debug\net10.0\wwwroot\_framework\Microsoft.Extensions.Hosting.Abstractions.wdatjiax62.wasm'.
         Accepted compressed asset 'D:\source\repos\donellmccoy\FormValidationExperiments\ECTSystem.Web\obj\Debug\net10.0\compressed\r1sqplipov-{0}-0ycr47j6ov-0ycr47j6ov.gz' for 'D:\source\repos\donellmccoy\FormValidationExperiments\ECTSystem.Web\bin\Debug\net10.0\wwwroot\_framework\Microsoft.Extensions.Http.0ycr47j6ov.wasm'.
         Accepted compressed asset 'D:\source\repos\donellmccoy\FormValidationExperiments\ECTSystem.Web\obj\Debug\net10.0\compressed\6t3lvijj4b-{0}-tgkwkkq1be-tgkwkkq1be.gz' for 'D:\source\repos\donellmccoy\FormValidationExperiments\ECTSystem.Web\bin\Debug\net10.0\wwwroot\_framework\Microsoft.Extensions.Http.Diagnostics.tgkwkkq1be.wasm'.
         Accepted compressed asset 'D:\source\repos\donellmccoy\FormValidationExperiments\ECTSystem.Web\obj\Debug\net10.0\compressed\8h78ypyjij-{0}-6x98xfwa0f-6x98xfwa0f.gz' for 'D:\source\repos\donellmccoy\FormValidationExperiments\ECTSystem.Web\bin\Debug\net10.0\wwwroot\_framework\Microsoft.Extensions.Http.Resilience.6x98xfwa0f.wasm'.
         Accepted compressed asset 'D:\source\repos\donellmccoy\FormValidationExperiments\ECTSystem.Web\obj\Debug\net10.0\compressed\61tjce6q3g-{0}-lp2m26x9dr-lp2m26x9dr.gz' for 'D:\source\repos\donellmccoy\FormValidationExperiments\ECTSystem.Web\bin\Debug\net10.0\wwwroot\_framework\Microsoft.Extensions.Logging.lp2m26x9dr.wasm'.
         Accepted compressed asset 'D:\source\repos\donellmccoy\FormValidationExperiments\ECTSystem.Web\obj\Debug\net10.0\compressed\r214i2muun-{0}-h2nvdx8wws-h2nvdx8wws.gz' for 'D:\source\repos\donellmccoy\FormValidationExperiments\ECTSystem.Web\bin\Debug\net10.0\wwwroot\_framework\Microsoft.Extensions.Logging.Abstractions.h2nvdx8wws.wasm'.
         Accepted compressed asset 'D:\source\repos\donellmccoy\FormValidationExperiments\ECTSystem.Web\obj\Debug\net10.0\compressed\e72srl2sv3-{0}-96honmlmct-96honmlmct.gz' for 'D:\source\repos\donellmccoy\FormValidationExperiments\ECTSystem.Web\bin\Debug\net10.0\wwwroot\_framework\Microsoft.Extensions.Logging.Configuration.96honmlmct.wasm'.
         Accepted compressed asset 'D:\source\repos\donellmccoy\FormValidationExperiments\ECTSystem.Web\obj\Debug\net10.0\compressed\ij1ptatll4-{0}-zdinc1wo6g-zdinc1wo6g.gz' for 'D:\source\repos\donellmccoy\FormValidationExperiments\ECTSystem.Web\bin\Debug\net10.0\wwwroot\_framework\Microsoft.Extensions.ObjectPool.zdinc1wo6g.wasm'.
         Accepted compressed asset 'D:\source\repos\donellmccoy\FormValidationExperiments\ECTSystem.Web\obj\Debug\net10.0\compressed\g76pqese9o-{0}-yjc3y1bk49-yjc3y1bk49.gz' for 'D:\source\repos\donellmccoy\FormValidationExperiments\ECTSystem.Web\bin\Debug\net10.0\wwwroot\_framework\Microsoft.Extensions.Options.yjc3y1bk49.wasm'.
         Accepted compressed asset 'D:\source\repos\donellmccoy\FormValidationExperiments\ECTSystem.Web\obj\Debug\net10.0\compressed\oma787zxdg-{0}-dzi10xomgb-dzi10xomgb.gz' for 'D:\source\repos\donellmccoy\FormValidationExperiments\ECTSystem.Web\bin\Debug\net10.0\wwwroot\_framework\Microsoft.Extensions.Options.ConfigurationExtensions.dzi10xomgb.wasm'.
         Accepted compressed asset 'D:\source\repos\donellmccoy\FormValidationExperiments\ECTSystem.Web\obj\Debug\net10.0\compressed\vejtf4fxfb-{0}-dqct702y6d-dqct702y6d.gz' for 'D:\source\repos\donellmccoy\FormValidationExperiments\ECTSystem.Web\bin\Debug\net10.0\wwwroot\_framework\Microsoft.Extensions.Primitives.dqct702y6d.wasm'.
         Accepted compressed asset 'D:\source\repos\donellmccoy\FormValidationExperiments\ECTSystem.Web\obj\Debug\net10.0\compressed\3e11vhhh0l-{0}-cl88u6s2p3-cl88u6s2p3.gz' for 'D:\source\repos\donellmccoy\FormValidationExperiments\ECTSystem.Web\bin\Debug\net10.0\wwwroot\_framework\Microsoft.Extensions.Resilience.cl88u6s2p3.wasm'.
         Accepted compressed asset 'D:\source\repos\donellmccoy\FormValidationExperiments\ECTSystem.Web\obj\Debug\net10.0\compressed\0xc7yywch5-{0}-2m2hn9zxqe-2m2hn9zxqe.gz' for 'D:\source\repos\donellmccoy\FormValidationExperiments\ECTSystem.Web\bin\Debug\net10.0\wwwroot\_framework\Microsoft.Extensions.Telemetry.2m2hn9zxqe.wasm'.
         Accepted compressed asset 'D:\source\repos\donellmccoy\FormValidationExperiments\ECTSystem.Web\obj\Debug\net10.0\compressed\rxzwsql60f-{0}-z05jp344dk-z05jp344dk.gz' for 'D:\source\repos\donellmccoy\FormValidationExperiments\ECTSystem.Web\bin\Debug\net10.0\wwwroot\_framework\Microsoft.Extensions.Telemetry.Abstractions.z05jp344dk.wasm'.
         Accepted compressed asset 'D:\source\repos\donellmccoy\FormValidationExperiments\ECTSystem.Web\obj\Debug\net10.0\compressed\6q4ix0tlsg-{0}-ya5jjh9lxk-ya5jjh9lxk.gz' for 'D:\source\repos\donellmccoy\FormValidationExperiments\ECTSystem.Web\bin\Debug\net10.0\wwwroot\_framework\Microsoft.Extensions.Validation.ya5jjh9lxk.wasm'.
         Accepted compressed asset 'D:\source\repos\donellmccoy\FormValidationExperiments\ECTSystem.Web\obj\Debug\net10.0\compressed\53i3c9ek5d-{0}-czes0k4x7b-czes0k4x7b.gz' for 'D:\source\repos\donellmccoy\FormValidationExperiments\ECTSystem.Web\bin\Debug\net10.0\wwwroot\_framework\Microsoft.IdentityModel.Abstractions.czes0k4x7b.wasm'.
         Accepted compressed asset 'D:\source\repos\donellmccoy\FormValidationExperiments\ECTSystem.Web\obj\Debug\net10.0\compressed\2k99p44jcs-{0}-tpsadyu7ul-tpsadyu7ul.gz' for 'D:\source\repos\donellmccoy\FormValidationExperiments\ECTSystem.Web\bin\Debug\net10.0\wwwroot\_framework\Microsoft.IdentityModel.JsonWebTokens.tpsadyu7ul.wasm'.
         Accepted compressed asset 'D:\source\repos\donellmccoy\FormValidationExperiments\ECTSystem.Web\obj\Debug\net10.0\compressed\3tz08ucs3z-{0}-qafrifugjr-qafrifugjr.gz' for 'D:\source\repos\donellmccoy\FormValidationExperiments\ECTSystem.Web\bin\Debug\net10.0\wwwroot\_framework\Microsoft.IdentityModel.Logging.qafrifugjr.wasm'.
         Accepted compressed asset 'D:\source\repos\donellmccoy\FormValidationExperiments\ECTSystem.Web\obj\Debug\net10.0\compressed\sv7dcygva4-{0}-log61ajt28-log61ajt28.gz' for 'D:\source\repos\donellmccoy\FormValidationExperiments\ECTSystem.Web\bin\Debug\net10.0\wwwroot\_framework\Microsoft.IdentityModel.Tokens.log61ajt28.wasm'.
         Accepted compressed asset 'D:\source\repos\donellmccoy\FormValidationExperiments\ECTSystem.Web\obj\Debug\net10.0\compressed\pis7llidsi-{0}-rq6fr0awtg-rq6fr0awtg.gz' for 'D:\source\repos\donellmccoy\FormValidationExperiments\ECTSystem.Web\bin\Debug\net10.0\wwwroot\_framework\Microsoft.JSInterop.rq6fr0awtg.wasm'.
         Accepted compressed asset 'D:\source\repos\donellmccoy\FormValidationExperiments\ECTSystem.Web\obj\Debug\net10.0\compressed\8gb97tf24y-{0}-zh9llui9wt-zh9llui9wt.gz' for 'D:\source\repos\donellmccoy\FormValidationExperiments\ECTSystem.Web\bin\Debug\net10.0\wwwroot\_framework\Microsoft.JSInterop.WebAssembly.zh9llui9wt.wasm'.
         Accepted compressed asset 'D:\source\repos\donellmccoy\FormValidationExperiments\ECTSystem.Web\obj\Debug\net10.0\compressed\wr5rt2idnl-{0}-nftbn7gcfk-nftbn7gcfk.gz' for 'D:\source\repos\donellmccoy\FormValidationExperiments\ECTSystem.Web\bin\Debug\net10.0\wwwroot\_framework\Microsoft.OData.Client.nftbn7gcfk.wasm'.
         Accepted compressed asset 'D:\source\repos\donellmccoy\FormValidationExperiments\ECTSystem.Web\obj\Debug\net10.0\compressed\8ltt89qj2w-{0}-jo6ym5gycc-jo6ym5gycc.gz' for 'D:\source\repos\donellmccoy\FormValidationExperiments\ECTSystem.Web\bin\Debug\net10.0\wwwroot\_framework\Microsoft.OData.Core.jo6ym5gycc.wasm'.
         Accepted compressed asset 'D:\source\repos\donellmccoy\FormValidationExperiments\ECTSystem.Web\obj\Debug\net10.0\compressed\rsl3ybkx1e-{0}-wbofut26dc-wbofut26dc.gz' for 'D:\source\repos\donellmccoy\FormValidationExperiments\ECTSystem.Web\bin\Debug\net10.0\wwwroot\_framework\Microsoft.OData.Edm.wbofut26dc.wasm'.
         Accepted compressed asset 'D:\source\repos\donellmccoy\FormValidationExperiments\ECTSystem.Web\obj\Debug\net10.0\compressed\zt3qq05f71-{0}-hvilx8x6d4-hvilx8x6d4.gz' for 'D:\source\repos\donellmccoy\FormValidationExperiments\ECTSystem.Web\bin\Debug\net10.0\wwwroot\_framework\Microsoft.Spatial.hvilx8x6d4.wasm'.
         Accepted compressed asset 'D:\source\repos\donellmccoy\FormValidationExperiments\ECTSystem.Web\obj\Debug\net10.0\compressed\hyn793knqi-{0}-77fpsnyqm1-77fpsnyqm1.gz' for 'D:\source\repos\donellmccoy\FormValidationExperiments\ECTSystem.Web\bin\Debug\net10.0\wwwroot\_framework\Polly.Core.77fpsnyqm1.wasm'.
         Accepted compressed asset 'D:\source\repos\donellmccoy\FormValidationExperiments\ECTSystem.Web\obj\Debug\net10.0\compressed\ptqauacbkp-{0}-9hic17cyez-9hic17cyez.gz' for 'D:\source\repos\donellmccoy\FormValidationExperiments\ECTSystem.Web\bin\Debug\net10.0\wwwroot\_framework\Polly.Extensions.9hic17cyez.wasm'.
         Accepted compressed asset 'D:\source\repos\donellmccoy\FormValidationExperiments\ECTSystem.Web\obj\Debug\net10.0\compressed\oibtp3bc1q-{0}-chhix0v2ww-chhix0v2ww.gz' for 'D:\source\repos\donellmccoy\FormValidationExperiments\ECTSystem.Web\bin\Debug\net10.0\wwwroot\_framework\Polly.RateLimiting.chhix0v2ww.wasm'.
         Accepted compressed asset 'D:\source\repos\donellmccoy\FormValidationExperiments\ECTSystem.Web\obj\Debug\net10.0\compressed\uvqi77yb04-{0}-hjuhjeexw9-hjuhjeexw9.gz' for 'D:\source\repos\donellmccoy\FormValidationExperiments\ECTSystem.Web\bin\Debug\net10.0\wwwroot\_framework\Radzen.Blazor.hjuhjeexw9.wasm'.
         Accepted compressed asset 'D:\source\repos\donellmccoy\FormValidationExperiments\ECTSystem.Web\obj\Debug\net10.0\compressed\w22virkbcw-{0}-bgo5wowxjs-bgo5wowxjs.gz' for 'D:\source\repos\donellmccoy\FormValidationExperiments\ECTSystem.Web\bin\Debug\net10.0\wwwroot\_framework\Riok.Mapperly.Abstractions.bgo5wowxjs.wasm'.
         Accepted compressed asset 'D:\source\repos\donellmccoy\FormValidationExperiments\ECTSystem.Web\obj\Debug\net10.0\compressed\6fce8d4g10-{0}-hwcb405m6v-hwcb405m6v.gz' for 'D:\source\repos\donellmccoy\FormValidationExperiments\ECTSystem.Web\bin\Debug\net10.0\wwwroot\_framework\Stateless.hwcb405m6v.wasm'.
         Accepted compressed asset 'D:\source\repos\donellmccoy\FormValidationExperiments\ECTSystem.Web\obj\Debug\net10.0\compressed\0hp4vutske-{0}-e12aoin6r0-e12aoin6r0.gz' for 'D:\source\repos\donellmccoy\FormValidationExperiments\ECTSystem.Web\bin\Debug\net10.0\wwwroot\_framework\System.IdentityModel.Tokens.Jwt.e12aoin6r0.wasm'.
         Accepted compressed asset 'D:\source\repos\donellmccoy\FormValidationExperiments\ECTSystem.Web\obj\Debug\net10.0\compressed\v7sojjzmqh-{0}-0l1hebbunv-0l1hebbunv.gz' for 'D:\source\repos\donellmccoy\FormValidationExperiments\ECTSystem.Web\bin\Debug\net10.0\wwwroot\_framework\System.Threading.RateLimiting.0l1hebbunv.wasm'.
         Accepted compressed asset 'D:\source\repos\donellmccoy\FormValidationExperiments\ECTSystem.Web\obj\Debug\net10.0\compressed\h4t35vs29w-{0}-452y5fjxmv-452y5fjxmv.gz' for 'D:\source\repos\donellmccoy\FormValidationExperiments\ECTSystem.Web\bin\Debug\net10.0\wwwroot\_framework\Microsoft.CSharp.452y5fjxmv.wasm'.
         Accepted compressed asset 'D:\source\repos\donellmccoy\FormValidationExperiments\ECTSystem.Web\obj\Debug\net10.0\compressed\bwdt1716r5-{0}-re3geseai5-re3geseai5.gz' for 'D:\source\repos\donellmccoy\FormValidationExperiments\ECTSystem.Web\bin\Debug\net10.0\wwwroot\_framework\Microsoft.VisualBasic.Core.re3geseai5.wasm'.
         Accepted compressed asset 'D:\source\repos\donellmccoy\FormValidationExperiments\ECTSystem.Web\obj\Debug\net10.0\compressed\vskosmm08l-{0}-91iw3j3d9p-91iw3j3d9p.gz' for 'D:\source\repos\donellmccoy\FormValidationExperiments\ECTSystem.Web\bin\Debug\net10.0\wwwroot\_framework\Microsoft.VisualBasic.91iw3j3d9p.wasm'.
         Accepted compressed asset 'D:\source\repos\donellmccoy\FormValidationExperiments\ECTSystem.Web\obj\Debug\net10.0\compressed\9tqqe1ib84-{0}-2mjytoh92q-2mjytoh92q.gz' for 'D:\source\repos\donellmccoy\FormValidationExperiments\ECTSystem.Web\bin\Debug\net10.0\wwwroot\_framework\Microsoft.Win32.Primitives.2mjytoh92q.wasm'.
         Accepted compressed asset 'D:\source\repos\donellmccoy\FormValidationExperiments\ECTSystem.Web\obj\Debug\net10.0\compressed\iwxysxo9np-{0}-yz8nt3ycsq-yz8nt3ycsq.gz' for 'D:\source\repos\donellmccoy\FormValidationExperiments\ECTSystem.Web\bin\Debug\net10.0\wwwroot\_framework\Microsoft.Win32.Registry.yz8nt3ycsq.wasm'.
         Accepted compressed asset 'D:\source\repos\donellmccoy\FormValidationExperiments\ECTSystem.Web\obj\Debug\net10.0\compressed\u1gdgynx9h-{0}-uwq3fpef1w-uwq3fpef1w.gz' for 'D:\source\repos\donellmccoy\FormValidationExperiments\ECTSystem.Web\bin\Debug\net10.0\wwwroot\_framework\System.AppContext.uwq3fpef1w.wasm'.
         Accepted compressed asset 'D:\source\repos\donellmccoy\FormValidationExperiments\ECTSystem.Web\obj\Debug\net10.0\compressed\20zildyrdo-{0}-m4yhcvz2y2-m4yhcvz2y2.gz' for 'D:\source\repos\donellmccoy\FormValidationExperiments\ECTSystem.Web\bin\Debug\net10.0\wwwroot\_framework\System.Buffers.m4yhcvz2y2.wasm'.
         Accepted compressed asset 'D:\source\repos\donellmccoy\FormValidationExperiments\ECTSystem.Web\obj\Debug\net10.0\compressed\h51vta1wqv-{0}-1zv6wuzklu-1zv6wuzklu.gz' for 'D:\source\repos\donellmccoy\FormValidationExperiments\ECTSystem.Web\bin\Debug\net10.0\wwwroot\_framework\System.Collections.Concurrent.1zv6wuzklu.wasm'.
         Accepted compressed asset 'D:\source\repos\donellmccoy\FormValidationExperiments\ECTSystem.Web\obj\Debug\net10.0\compressed\bj4739p398-{0}-6uzpuv4o5d-6uzpuv4o5d.gz' for 'D:\source\repos\donellmccoy\FormValidationExperiments\ECTSystem.Web\bin\Debug\net10.0\wwwroot\_framework\System.Collections.Immutable.6uzpuv4o5d.wasm'.
         Accepted compressed asset 'D:\source\repos\donellmccoy\FormValidationExperiments\ECTSystem.Web\obj\Debug\net10.0\compressed\3vf1kpytnq-{0}-k5rgagff9o-k5rgagff9o.gz' for 'D:\source\repos\donellmccoy\FormValidationExperiments\ECTSystem.Web\bin\Debug\net10.0\wwwroot\_framework\System.Collections.NonGeneric.k5rgagff9o.wasm'.
         Accepted compressed asset 'D:\source\repos\donellmccoy\FormValidationExperiments\ECTSystem.Web\obj\Debug\net10.0\compressed\a1kge7kb61-{0}-84wojkejb4-84wojkejb4.gz' for 'D:\source\repos\donellmccoy\FormValidationExperiments\ECTSystem.Web\bin\Debug\net10.0\wwwroot\_framework\System.Collections.Specialized.84wojkejb4.wasm'.
         Accepted compressed asset 'D:\source\repos\donellmccoy\FormValidationExperiments\ECTSystem.Web\obj\Debug\net10.0\compressed\8wgu91r1rk-{0}-63jrcion39-63jrcion39.gz' for 'D:\source\repos\donellmccoy\FormValidationExperiments\ECTSystem.Web\bin\Debug\net10.0\wwwroot\_framework\System.Collections.63jrcion39.wasm'.
         Accepted compressed asset 'D:\source\repos\donellmccoy\FormValidationExperiments\ECTSystem.Web\obj\Debug\net10.0\compressed\ks2n4gyv0r-{0}-cjsvkufomv-cjsvkufomv.gz' for 'D:\source\repos\donellmccoy\FormValidationExperiments\ECTSystem.Web\bin\Debug\net10.0\wwwroot\_framework\System.ComponentModel.Annotations.cjsvkufomv.wasm'.
         Accepted compressed asset 'D:\source\repos\donellmccoy\FormValidationExperiments\ECTSystem.Web\obj\Debug\net10.0\compressed\hkbqzs2i26-{0}-vpng0qt4u6-vpng0qt4u6.gz' for 'D:\source\repos\donellmccoy\FormValidationExperiments\ECTSystem.Web\bin\Debug\net10.0\wwwroot\_framework\System.ComponentModel.DataAnnotations.vpng0qt4u6.wasm'.
         Accepted compressed asset 'D:\source\repos\donellmccoy\FormValidationExperiments\ECTSystem.Web\obj\Debug\net10.0\compressed\mjjnt8581z-{0}-en4q13ibd5-en4q13ibd5.gz' for 'D:\source\repos\donellmccoy\FormValidationExperiments\ECTSystem.Web\bin\Debug\net10.0\wwwroot\_framework\System.ComponentModel.EventBasedAsync.en4q13ibd5.wasm'.
         Accepted compressed asset 'D:\source\repos\donellmccoy\FormValidationExperiments\ECTSystem.Web\obj\Debug\net10.0\compressed\bcqbhbwjt6-{0}-u0y5oi3qdg-u0y5oi3qdg.gz' for 'D:\source\repos\donellmccoy\FormValidationExperiments\ECTSystem.Web\bin\Debug\net10.0\wwwroot\_framework\System.ComponentModel.Primitives.u0y5oi3qdg.wasm'.
         Accepted compressed asset 'D:\source\repos\donellmccoy\FormValidationExperiments\ECTSystem.Web\obj\Debug\net10.0\compressed\4b8fwd9u5z-{0}-e2hbv9lola-e2hbv9lola.gz' for 'D:\source\repos\donellmccoy\FormValidationExperiments\ECTSystem.Web\bin\Debug\net10.0\wwwroot\_framework\System.ComponentModel.TypeConverter.e2hbv9lola.wasm'.
         Accepted compressed asset 'D:\source\repos\donellmccoy\FormValidationExperiments\ECTSystem.Web\obj\Debug\net10.0\compressed\d5tq2dpqyd-{0}-m11rh1qn2x-m11rh1qn2x.gz' for 'D:\source\repos\donellmccoy\FormValidationExperiments\ECTSystem.Web\bin\Debug\net10.0\wwwroot\_framework\System.ComponentModel.m11rh1qn2x.wasm'.
         Accepted compressed asset 'D:\source\repos\donellmccoy\FormValidationExperiments\ECTSystem.Web\obj\Debug\net10.0\compressed\7twb2mtlh0-{0}-j8qjkqg593-j8qjkqg593.gz' for 'D:\source\repos\donellmccoy\FormValidationExperiments\ECTSystem.Web\bin\Debug\net10.0\wwwroot\_framework\System.Configuration.j8qjkqg593.wasm'.
         Accepted compressed asset 'D:\source\repos\donellmccoy\FormValidationExperiments\ECTSystem.Web\obj\Debug\net10.0\compressed\g2xtjwi3bv-{0}-x9at0eh4vs-x9at0eh4vs.gz' for 'D:\source\repos\donellmccoy\FormValidationExperiments\ECTSystem.Web\bin\Debug\net10.0\wwwroot\_framework\System.Console.x9at0eh4vs.wasm'.
         Accepted compressed asset 'D:\source\repos\donellmccoy\FormValidationExperiments\ECTSystem.Web\obj\Debug\net10.0\compressed\gvh9dc9nvf-{0}-ickp29885z-ickp29885z.gz' for 'D:\source\repos\donellmccoy\FormValidationExperiments\ECTSystem.Web\bin\Debug\net10.0\wwwroot\_framework\System.Core.ickp29885z.wasm'.
         Accepted compressed asset 'D:\source\repos\donellmccoy\FormValidationExperiments\ECTSystem.Web\obj\Debug\net10.0\compressed\6fhrimm7qy-{0}-4wisaz8pj4-4wisaz8pj4.gz' for 'D:\source\repos\donellmccoy\FormValidationExperiments\ECTSystem.Web\bin\Debug\net10.0\wwwroot\_framework\System.Data.Common.4wisaz8pj4.wasm'.
         Accepted compressed asset 'D:\source\repos\donellmccoy\FormValidationExperiments\ECTSystem.Web\obj\Debug\net10.0\compressed\tskf43jz7q-{0}-904tnen1ot-904tnen1ot.gz' for 'D:\source\repos\donellmccoy\FormValidationExperiments\ECTSystem.Web\bin\Debug\net10.0\wwwroot\_framework\System.Data.DataSetExtensions.904tnen1ot.wasm'.
         Accepted compressed asset 'D:\source\repos\donellmccoy\FormValidationExperiments\ECTSystem.Web\obj\Debug\net10.0\compressed\i7b6hoi66w-{0}-0h75nr7qqd-0h75nr7qqd.gz' for 'D:\source\repos\donellmccoy\FormValidationExperiments\ECTSystem.Web\bin\Debug\net10.0\wwwroot\_framework\System.Data.0h75nr7qqd.wasm'.
         Accepted compressed asset 'D:\source\repos\donellmccoy\FormValidationExperiments\ECTSystem.Web\obj\Debug\net10.0\compressed\mrwlhuy16l-{0}-z1eotzj35n-z1eotzj35n.gz' for 'D:\source\repos\donellmccoy\FormValidationExperiments\ECTSystem.Web\bin\Debug\net10.0\wwwroot\_framework\System.Diagnostics.Contracts.z1eotzj35n.wasm'.
         Accepted compressed asset 'D:\source\repos\donellmccoy\FormValidationExperiments\ECTSystem.Web\obj\Debug\net10.0\compressed\hvupvoz043-{0}-aeh9b1tcuc-aeh9b1tcuc.gz' for 'D:\source\repos\donellmccoy\FormValidationExperiments\ECTSystem.Web\bin\Debug\net10.0\wwwroot\_framework\System.Diagnostics.Debug.aeh9b1tcuc.wasm'.
         Accepted compressed asset 'D:\source\repos\donellmccoy\FormValidationExperiments\ECTSystem.Web\obj\Debug\net10.0\compressed\f3qbtlr0my-{0}-ou2dt7nfo2-ou2dt7nfo2.gz' for 'D:\source\repos\donellmccoy\FormValidationExperiments\ECTSystem.Web\bin\Debug\net10.0\wwwroot\_framework\System.Diagnostics.DiagnosticSource.ou2dt7nfo2.wasm'.
         Accepted compressed asset 'D:\source\repos\donellmccoy\FormValidationExperiments\ECTSystem.Web\obj\Debug\net10.0\compressed\smt3ja054t-{0}-kv9gl8mgag-kv9gl8mgag.gz' for 'D:\source\repos\donellmccoy\FormValidationExperiments\ECTSystem.Web\bin\Debug\net10.0\wwwroot\_framework\System.Diagnostics.FileVersionInfo.kv9gl8mgag.wasm'.
         Accepted compressed asset 'D:\source\repos\donellmccoy\FormValidationExperiments\ECTSystem.Web\obj\Debug\net10.0\compressed\wx5bexteey-{0}-lqtqkmw274-lqtqkmw274.gz' for 'D:\source\repos\donellmccoy\FormValidationExperiments\ECTSystem.Web\bin\Debug\net10.0\wwwroot\_framework\System.Diagnostics.Process.lqtqkmw274.wasm'.
         Accepted compressed asset 'D:\source\repos\donellmccoy\FormValidationExperiments\ECTSystem.Web\obj\Debug\net10.0\compressed\hqg6gnwovq-{0}-wvlboxd9cz-wvlboxd9cz.gz' for 'D:\source\repos\donellmccoy\FormValidationExperiments\ECTSystem.Web\bin\Debug\net10.0\wwwroot\_framework\System.Diagnostics.StackTrace.wvlboxd9cz.wasm'.
         Accepted compressed asset 'D:\source\repos\donellmccoy\FormValidationExperiments\ECTSystem.Web\obj\Debug\net10.0\compressed\mi58pmxtt3-{0}-mx5w1z1p6w-mx5w1z1p6w.gz' for 'D:\source\repos\donellmccoy\FormValidationExperiments\ECTSystem.Web\bin\Debug\net10.0\wwwroot\_framework\System.Diagnostics.TextWriterTraceListener.mx5w1z1p6w.wasm'.
         Accepted compressed asset 'D:\source\repos\donellmccoy\FormValidationExperiments\ECTSystem.Web\obj\Debug\net10.0\compressed\usxbfkvgsk-{0}-862j1ozg5o-862j1ozg5o.gz' for 'D:\source\repos\donellmccoy\FormValidationExperiments\ECTSystem.Web\bin\Debug\net10.0\wwwroot\_framework\System.Diagnostics.Tools.862j1ozg5o.wasm'.
         Accepted compressed asset 'D:\source\repos\donellmccoy\FormValidationExperiments\ECTSystem.Web\obj\Debug\net10.0\compressed\2blhb2mfzv-{0}-j08okd90mo-j08okd90mo.gz' for 'D:\source\repos\donellmccoy\FormValidationExperiments\ECTSystem.Web\bin\Debug\net10.0\wwwroot\_framework\System.Diagnostics.TraceSource.j08okd90mo.wasm'.
         Accepted compressed asset 'D:\source\repos\donellmccoy\FormValidationExperiments\ECTSystem.Web\obj\Debug\net10.0\compressed\6o1g3g8ai2-{0}-bnz7jo4op8-bnz7jo4op8.gz' for 'D:\source\repos\donellmccoy\FormValidationExperiments\ECTSystem.Web\bin\Debug\net10.0\wwwroot\_framework\System.Diagnostics.Tracing.bnz7jo4op8.wasm'.
         Accepted compressed asset 'D:\source\repos\donellmccoy\FormValidationExperiments\ECTSystem.Web\obj\Debug\net10.0\compressed\8nosw3ced3-{0}-k3z431p3v7-k3z431p3v7.gz' for 'D:\source\repos\donellmccoy\FormValidationExperiments\ECTSystem.Web\bin\Debug\net10.0\wwwroot\_framework\System.Drawing.Primitives.k3z431p3v7.wasm'.
         Accepted compressed asset 'D:\source\repos\donellmccoy\FormValidationExperiments\ECTSystem.Web\obj\Debug\net10.0\compressed\1764zfsu26-{0}-v0usa2s224-v0usa2s224.gz' for 'D:\source\repos\donellmccoy\FormValidationExperiments\ECTSystem.Web\bin\Debug\net10.0\wwwroot\_framework\System.Drawing.v0usa2s224.wasm'.
         Accepted compressed asset 'D:\source\repos\donellmccoy\FormValidationExperiments\ECTSystem.Web\obj\Debug\net10.0\compressed\mu7s186gaw-{0}-iktlm0yhdx-iktlm0yhdx.gz' for 'D:\source\repos\donellmccoy\FormValidationExperiments\ECTSystem.Web\bin\Debug\net10.0\wwwroot\_framework\System.Dynamic.Runtime.iktlm0yhdx.wasm'.
         Accepted compressed asset 'D:\source\repos\donellmccoy\FormValidationExperiments\ECTSystem.Web\obj\Debug\net10.0\compressed\la69066su6-{0}-9iyl1hnh76-9iyl1hnh76.gz' for 'D:\source\repos\donellmccoy\FormValidationExperiments\ECTSystem.Web\bin\Debug\net10.0\wwwroot\_framework\System.Formats.Asn1.9iyl1hnh76.wasm'.
         Accepted compressed asset 'D:\source\repos\donellmccoy\FormValidationExperiments\ECTSystem.Web\obj\Debug\net10.0\compressed\9kqtvo63as-{0}-9ikmelhi7g-9ikmelhi7g.gz' for 'D:\source\repos\donellmccoy\FormValidationExperiments\ECTSystem.Web\bin\Debug\net10.0\wwwroot\_framework\System.Formats.Tar.9ikmelhi7g.wasm'.
         Accepted compressed asset 'D:\source\repos\donellmccoy\FormValidationExperiments\ECTSystem.Web\obj\Debug\net10.0\compressed\njyyr19dvi-{0}-e8yl47y6cv-e8yl47y6cv.gz' for 'D:\source\repos\donellmccoy\FormValidationExperiments\ECTSystem.Web\bin\Debug\net10.0\wwwroot\_framework\System.Globalization.Calendars.e8yl47y6cv.wasm'.
         Accepted compressed asset 'D:\source\repos\donellmccoy\FormValidationExperiments\ECTSystem.Web\obj\Debug\net10.0\compressed\rtf315wpwf-{0}-fvxkfs32tv-fvxkfs32tv.gz' for 'D:\source\repos\donellmccoy\FormValidationExperiments\ECTSystem.Web\bin\Debug\net10.0\wwwroot\_framework\System.Globalization.Extensions.fvxkfs32tv.wasm'.
         Accepted compressed asset 'D:\source\repos\donellmccoy\FormValidationExperiments\ECTSystem.Web\obj\Debug\net10.0\compressed\2j4a092qtu-{0}-4ulc930few-4ulc930few.gz' for 'D:\source\repos\donellmccoy\FormValidationExperiments\ECTSystem.Web\bin\Debug\net10.0\wwwroot\_framework\System.Globalization.4ulc930few.wasm'.
         Accepted compressed asset 'D:\source\repos\donellmccoy\FormValidationExperiments\ECTSystem.Web\obj\Debug\net10.0\compressed\43zpd4l2cj-{0}-ibxx4kh8c6-ibxx4kh8c6.gz' for 'D:\source\repos\donellmccoy\FormValidationExperiments\ECTSystem.Web\bin\Debug\net10.0\wwwroot\_framework\System.IO.Compression.Brotli.ibxx4kh8c6.wasm'.
         Accepted compressed asset 'D:\source\repos\donellmccoy\FormValidationExperiments\ECTSystem.Web\obj\Debug\net10.0\compressed\jio276isbp-{0}-bselp9vv9w-bselp9vv9w.gz' for 'D:\source\repos\donellmccoy\FormValidationExperiments\ECTSystem.Web\bin\Debug\net10.0\wwwroot\_framework\System.IO.Compression.FileSystem.bselp9vv9w.wasm'.
         Accepted compressed asset 'D:\source\repos\donellmccoy\FormValidationExperiments\ECTSystem.Web\obj\Debug\net10.0\compressed\wz0odtulf5-{0}-b0ha8vyo8i-b0ha8vyo8i.gz' for 'D:\source\repos\donellmccoy\FormValidationExperiments\ECTSystem.Web\bin\Debug\net10.0\wwwroot\_framework\System.IO.Compression.ZipFile.b0ha8vyo8i.wasm'.
         Accepted compressed asset 'D:\source\repos\donellmccoy\FormValidationExperiments\ECTSystem.Web\obj\Debug\net10.0\compressed\59ztug4svr-{0}-sgbc42zrd8-sgbc42zrd8.gz' for 'D:\source\repos\donellmccoy\FormValidationExperiments\ECTSystem.Web\bin\Debug\net10.0\wwwroot\_framework\System.IO.Compression.sgbc42zrd8.wasm'.
         Accepted compressed asset 'D:\source\repos\donellmccoy\FormValidationExperiments\ECTSystem.Web\obj\Debug\net10.0\compressed\w7aefx5wwm-{0}-oi9xn5s0h3-oi9xn5s0h3.gz' for 'D:\source\repos\donellmccoy\FormValidationExperiments\ECTSystem.Web\bin\Debug\net10.0\wwwroot\_framework\System.IO.FileSystem.AccessControl.oi9xn5s0h3.wasm'.
         Accepted compressed asset 'D:\source\repos\donellmccoy\FormValidationExperiments\ECTSystem.Web\obj\Debug\net10.0\compressed\7mo5qww314-{0}-fi1uhp9255-fi1uhp9255.gz' for 'D:\source\repos\donellmccoy\FormValidationExperiments\ECTSystem.Web\bin\Debug\net10.0\wwwroot\_framework\System.IO.FileSystem.DriveInfo.fi1uhp9255.wasm'.
         Accepted compressed asset 'D:\source\repos\donellmccoy\FormValidationExperiments\ECTSystem.Web\obj\Debug\net10.0\compressed\vblx14xt0k-{0}-6j2ed42ac7-6j2ed42ac7.gz' for 'D:\source\repos\donellmccoy\FormValidationExperiments\ECTSystem.Web\bin\Debug\net10.0\wwwroot\_framework\System.IO.FileSystem.Primitives.6j2ed42ac7.wasm'.
         Accepted compressed asset 'D:\source\repos\donellmccoy\FormValidationExperiments\ECTSystem.Web\obj\Debug\net10.0\compressed\ba3mcllw40-{0}-v9i07bnq2k-v9i07bnq2k.gz' for 'D:\source\repos\donellmccoy\FormValidationExperiments\ECTSystem.Web\bin\Debug\net10.0\wwwroot\_framework\System.IO.FileSystem.Watcher.v9i07bnq2k.wasm'.
         Accepted compressed asset 'D:\source\repos\donellmccoy\FormValidationExperiments\ECTSystem.Web\obj\Debug\net10.0\compressed\sxuo6y9vzz-{0}-fktu0k4b93-fktu0k4b93.gz' for 'D:\source\repos\donellmccoy\FormValidationExperiments\ECTSystem.Web\bin\Debug\net10.0\wwwroot\_framework\System.IO.FileSystem.fktu0k4b93.wasm'.
         Accepted compressed asset 'D:\source\repos\donellmccoy\FormValidationExperiments\ECTSystem.Web\obj\Debug\net10.0\compressed\ej1beayeld-{0}-8ll4gxwfs1-8ll4gxwfs1.gz' for 'D:\source\repos\donellmccoy\FormValidationExperiments\ECTSystem.Web\bin\Debug\net10.0\wwwroot\_framework\System.IO.IsolatedStorage.8ll4gxwfs1.wasm'.
         Accepted compressed asset 'D:\source\repos\donellmccoy\FormValidationExperiments\ECTSystem.Web\obj\Debug\net10.0\compressed\6ncrisqsiu-{0}-6do4olk7ib-6do4olk7ib.gz' for 'D:\source\repos\donellmccoy\FormValidationExperiments\ECTSystem.Web\bin\Debug\net10.0\wwwroot\_framework\System.IO.MemoryMappedFiles.6do4olk7ib.wasm'.
         Accepted compressed asset 'D:\source\repos\donellmccoy\FormValidationExperiments\ECTSystem.Web\obj\Debug\net10.0\compressed\dx86hy9lpw-{0}-21z0t9w6sq-21z0t9w6sq.gz' for 'D:\source\repos\donellmccoy\FormValidationExperiments\ECTSystem.Web\bin\Debug\net10.0\wwwroot\_framework\System.IO.Pipelines.21z0t9w6sq.wasm'.
         Accepted compressed asset 'D:\source\repos\donellmccoy\FormValidationExperiments\ECTSystem.Web\obj\Debug\net10.0\compressed\6g1s4yle0n-{0}-5lvzz4lks7-5lvzz4lks7.gz' for 'D:\source\repos\donellmccoy\FormValidationExperiments\ECTSystem.Web\bin\Debug\net10.0\wwwroot\_framework\System.IO.Pipes.AccessControl.5lvzz4lks7.wasm'.
         Accepted compressed asset 'D:\source\repos\donellmccoy\FormValidationExperiments\ECTSystem.Web\obj\Debug\net10.0\compressed\fqb2wdm0o5-{0}-xosph8vk4a-xosph8vk4a.gz' for 'D:\source\repos\donellmccoy\FormValidationExperiments\ECTSystem.Web\bin\Debug\net10.0\wwwroot\_framework\System.IO.Pipes.xosph8vk4a.wasm'.
         Accepted compressed asset 'D:\source\repos\donellmccoy\FormValidationExperiments\ECTSystem.Web\obj\Debug\net10.0\compressed\k7t47yijr7-{0}-d1pja42pyi-d1pja42pyi.gz' for 'D:\source\repos\donellmccoy\FormValidationExperiments\ECTSystem.Web\bin\Debug\net10.0\wwwroot\_framework\System.IO.UnmanagedMemoryStream.d1pja42pyi.wasm'.
         Accepted compressed asset 'D:\source\repos\donellmccoy\FormValidationExperiments\ECTSystem.Web\obj\Debug\net10.0\compressed\r8ufj7g0ma-{0}-i9g92fmb9y-i9g92fmb9y.gz' for 'D:\source\repos\donellmccoy\FormValidationExperiments\ECTSystem.Web\bin\Debug\net10.0\wwwroot\_framework\System.IO.i9g92fmb9y.wasm'.
         Accepted compressed asset 'D:\source\repos\donellmccoy\FormValidationExperiments\ECTSystem.Web\obj\Debug\net10.0\compressed\3g9cnzyww9-{0}-4m1mh525k0-4m1mh525k0.gz' for 'D:\source\repos\donellmccoy\FormValidationExperiments\ECTSystem.Web\bin\Debug\net10.0\wwwroot\_framework\System.Linq.AsyncEnumerable.4m1mh525k0.wasm'.
         Accepted compressed asset 'D:\source\repos\donellmccoy\FormValidationExperiments\ECTSystem.Web\obj\Debug\net10.0\compressed\q4ifotvccj-{0}-4nat0rber0-4nat0rber0.gz' for 'D:\source\repos\donellmccoy\FormValidationExperiments\ECTSystem.Web\bin\Debug\net10.0\wwwroot\_framework\System.Linq.Expressions.4nat0rber0.wasm'.
         Accepted compressed asset 'D:\source\repos\donellmccoy\FormValidationExperiments\ECTSystem.Web\obj\Debug\net10.0\compressed\calw5hd3k6-{0}-qf7zemz9aw-qf7zemz9aw.gz' for 'D:\source\repos\donellmccoy\FormValidationExperiments\ECTSystem.Web\bin\Debug\net10.0\wwwroot\_framework\System.Linq.Parallel.qf7zemz9aw.wasm'.
         Accepted compressed asset 'D:\source\repos\donellmccoy\FormValidationExperiments\ECTSystem.Web\obj\Debug\net10.0\compressed\h3o6zftyvc-{0}-vwinf8twbn-vwinf8twbn.gz' for 'D:\source\repos\donellmccoy\FormValidationExperiments\ECTSystem.Web\bin\Debug\net10.0\wwwroot\_framework\System.Linq.Queryable.vwinf8twbn.wasm'.
         Accepted compressed asset 'D:\source\repos\donellmccoy\FormValidationExperiments\ECTSystem.Web\obj\Debug\net10.0\compressed\k5rmfyq224-{0}-rp2jklkmsi-rp2jklkmsi.gz' for 'D:\source\repos\donellmccoy\FormValidationExperiments\ECTSystem.Web\bin\Debug\net10.0\wwwroot\_framework\System.Linq.rp2jklkmsi.wasm'.
         Accepted compressed asset 'D:\source\repos\donellmccoy\FormValidationExperiments\ECTSystem.Web\obj\Debug\net10.0\compressed\zqwlxl0bzj-{0}-3r0soomurg-3r0soomurg.gz' for 'D:\source\repos\donellmccoy\FormValidationExperiments\ECTSystem.Web\bin\Debug\net10.0\wwwroot\_framework\System.Memory.3r0soomurg.wasm'.
         Accepted compressed asset 'D:\source\repos\donellmccoy\FormValidationExperiments\ECTSystem.Web\obj\Debug\net10.0\compressed\4et2jf2v2m-{0}-t9gqpmtbpb-t9gqpmtbpb.gz' for 'D:\source\repos\donellmccoy\FormValidationExperiments\ECTSystem.Web\bin\Debug\net10.0\wwwroot\_framework\System.Net.Http.Json.t9gqpmtbpb.wasm'.
         Accepted compressed asset 'D:\source\repos\donellmccoy\FormValidationExperiments\ECTSystem.Web\obj\Debug\net10.0\compressed\48ssz01eo3-{0}-9rl4gopayw-9rl4gopayw.gz' for 'D:\source\repos\donellmccoy\FormValidationExperiments\ECTSystem.Web\bin\Debug\net10.0\wwwroot\_framework\System.Net.Http.9rl4gopayw.wasm'.
         Accepted compressed asset 'D:\source\repos\donellmccoy\FormValidationExperiments\ECTSystem.Web\obj\Debug\net10.0\compressed\m5cx5kkvl4-{0}-zg37o92yol-zg37o92yol.gz' for 'D:\source\repos\donellmccoy\FormValidationExperiments\ECTSystem.Web\bin\Debug\net10.0\wwwroot\_framework\System.Net.HttpListener.zg37o92yol.wasm'.
         Accepted compressed asset 'D:\source\repos\donellmccoy\FormValidationExperiments\ECTSystem.Web\obj\Debug\net10.0\compressed\7ow6n89k7e-{0}-qk214miut2-qk214miut2.gz' for 'D:\source\repos\donellmccoy\FormValidationExperiments\ECTSystem.Web\bin\Debug\net10.0\wwwroot\_framework\System.Net.Mail.qk214miut2.wasm'.
         Accepted compressed asset 'D:\source\repos\donellmccoy\FormValidationExperiments\ECTSystem.Web\obj\Debug\net10.0\compressed\xu6el74ysl-{0}-50dzekuu9x-50dzekuu9x.gz' for 'D:\source\repos\donellmccoy\FormValidationExperiments\ECTSystem.Web\bin\Debug\net10.0\wwwroot\_framework\System.Net.NameResolution.50dzekuu9x.wasm'.
         Accepted compressed asset 'D:\source\repos\donellmccoy\FormValidationExperiments\ECTSystem.Web\obj\Debug\net10.0\compressed\k6a6m5ruys-{0}-k8343mqust-k8343mqust.gz' for 'D:\source\repos\donellmccoy\FormValidationExperiments\ECTSystem.Web\bin\Debug\net10.0\wwwroot\_framework\System.Net.NetworkInformation.k8343mqust.wasm'.
         Accepted compressed asset 'D:\source\repos\donellmccoy\FormValidationExperiments\ECTSystem.Web\obj\Debug\net10.0\compressed\yqx900ec5a-{0}-00vh2kvsiz-00vh2kvsiz.gz' for 'D:\source\repos\donellmccoy\FormValidationExperiments\ECTSystem.Web\bin\Debug\net10.0\wwwroot\_framework\System.Net.Ping.00vh2kvsiz.wasm'.
         Accepted compressed asset 'D:\source\repos\donellmccoy\FormValidationExperiments\ECTSystem.Web\obj\Debug\net10.0\compressed\zdwcroglin-{0}-whs5oed1wm-whs5oed1wm.gz' for 'D:\source\repos\donellmccoy\FormValidationExperiments\ECTSystem.Web\bin\Debug\net10.0\wwwroot\_framework\System.Net.Primitives.whs5oed1wm.wasm'.
         Accepted compressed asset 'D:\source\repos\donellmccoy\FormValidationExperiments\ECTSystem.Web\obj\Debug\net10.0\compressed\tiahxwz31n-{0}-grloe2ix5j-grloe2ix5j.gz' for 'D:\source\repos\donellmccoy\FormValidationExperiments\ECTSystem.Web\bin\Debug\net10.0\wwwroot\_framework\System.Net.Quic.grloe2ix5j.wasm'.
         Accepted compressed asset 'D:\source\repos\donellmccoy\FormValidationExperiments\ECTSystem.Web\obj\Debug\net10.0\compressed\505yerqr0i-{0}-r8ar2pd94c-r8ar2pd94c.gz' for 'D:\source\repos\donellmccoy\FormValidationExperiments\ECTSystem.Web\bin\Debug\net10.0\wwwroot\_framework\System.Net.Requests.r8ar2pd94c.wasm'.
         Accepted compressed asset 'D:\source\repos\donellmccoy\FormValidationExperiments\ECTSystem.Web\obj\Debug\net10.0\compressed\m41gz86xft-{0}-yn3zcskz4j-yn3zcskz4j.gz' for 'D:\source\repos\donellmccoy\FormValidationExperiments\ECTSystem.Web\bin\Debug\net10.0\wwwroot\_framework\System.Net.Security.yn3zcskz4j.wasm'.
         Accepted compressed asset 'D:\source\repos\donellmccoy\FormValidationExperiments\ECTSystem.Web\obj\Debug\net10.0\compressed\00wtgdd9tq-{0}-37wbq4jfsy-37wbq4jfsy.gz' for 'D:\source\repos\donellmccoy\FormValidationExperiments\ECTSystem.Web\bin\Debug\net10.0\wwwroot\_framework\System.Net.ServerSentEvents.37wbq4jfsy.wasm'.
         Accepted compressed asset 'D:\source\repos\donellmccoy\FormValidationExperiments\ECTSystem.Web\obj\Debug\net10.0\compressed\935vjtb4pt-{0}-j436yqvrg9-j436yqvrg9.gz' for 'D:\source\repos\donellmccoy\FormValidationExperiments\ECTSystem.Web\bin\Debug\net10.0\wwwroot\_framework\System.Net.ServicePoint.j436yqvrg9.wasm'.
         Accepted compressed asset 'D:\source\repos\donellmccoy\FormValidationExperiments\ECTSystem.Web\obj\Debug\net10.0\compressed\ofpkf523o8-{0}-utzdm9sw2p-utzdm9sw2p.gz' for 'D:\source\repos\donellmccoy\FormValidationExperiments\ECTSystem.Web\bin\Debug\net10.0\wwwroot\_framework\System.Net.Sockets.utzdm9sw2p.wasm'.
         Accepted compressed asset 'D:\source\repos\donellmccoy\FormValidationExperiments\ECTSystem.Web\obj\Debug\net10.0\compressed\g15b5rsx89-{0}-e5a4gx4ylt-e5a4gx4ylt.gz' for 'D:\source\repos\donellmccoy\FormValidationExperiments\ECTSystem.Web\bin\Debug\net10.0\wwwroot\_framework\System.Net.WebClient.e5a4gx4ylt.wasm'.
         Accepted compressed asset 'D:\source\repos\donellmccoy\FormValidationExperiments\ECTSystem.Web\obj\Debug\net10.0\compressed\vqqji6difh-{0}-rbzkmij005-rbzkmij005.gz' for 'D:\source\repos\donellmccoy\FormValidationExperiments\ECTSystem.Web\bin\Debug\net10.0\wwwroot\_framework\System.Net.WebHeaderCollection.rbzkmij005.wasm'.
         Accepted compressed asset 'D:\source\repos\donellmccoy\FormValidationExperiments\ECTSystem.Web\obj\Debug\net10.0\compressed\olnx549v44-{0}-38jcv8jeeu-38jcv8jeeu.gz' for 'D:\source\repos\donellmccoy\FormValidationExperiments\ECTSystem.Web\bin\Debug\net10.0\wwwroot\_framework\System.Net.WebProxy.38jcv8jeeu.wasm'.
         Accepted compressed asset 'D:\source\repos\donellmccoy\FormValidationExperiments\ECTSystem.Web\obj\Debug\net10.0\compressed\tu8dulj2i6-{0}-nv5izr3rt6-nv5izr3rt6.gz' for 'D:\source\repos\donellmccoy\FormValidationExperiments\ECTSystem.Web\bin\Debug\net10.0\wwwroot\_framework\System.Net.WebSockets.Client.nv5izr3rt6.wasm'.
         Accepted compressed asset 'D:\source\repos\donellmccoy\FormValidationExperiments\ECTSystem.Web\obj\Debug\net10.0\compressed\g3im30cu7s-{0}-hdzn84g6uh-hdzn84g6uh.gz' for 'D:\source\repos\donellmccoy\FormValidationExperiments\ECTSystem.Web\bin\Debug\net10.0\wwwroot\_framework\System.Net.WebSockets.hdzn84g6uh.wasm'.
         Accepted compressed asset 'D:\source\repos\donellmccoy\FormValidationExperiments\ECTSystem.Web\obj\Debug\net10.0\compressed\5umffnuom5-{0}-zku96ychk7-zku96ychk7.gz' for 'D:\source\repos\donellmccoy\FormValidationExperiments\ECTSystem.Web\bin\Debug\net10.0\wwwroot\_framework\System.Net.zku96ychk7.wasm'.
         Accepted compressed asset 'D:\source\repos\donellmccoy\FormValidationExperiments\ECTSystem.Web\obj\Debug\net10.0\compressed\0fflh5daqd-{0}-1l8xruz8uh-1l8xruz8uh.gz' for 'D:\source\repos\donellmccoy\FormValidationExperiments\ECTSystem.Web\bin\Debug\net10.0\wwwroot\_framework\System.Numerics.Vectors.1l8xruz8uh.wasm'.
         Accepted compressed asset 'D:\source\repos\donellmccoy\FormValidationExperiments\ECTSystem.Web\obj\Debug\net10.0\compressed\fvcpjnqq99-{0}-on9qk50okp-on9qk50okp.gz' for 'D:\source\repos\donellmccoy\FormValidationExperiments\ECTSystem.Web\bin\Debug\net10.0\wwwroot\_framework\System.Numerics.on9qk50okp.wasm'.
         Accepted compressed asset 'D:\source\repos\donellmccoy\FormValidationExperiments\ECTSystem.Web\obj\Debug\net10.0\compressed\ch3epbis75-{0}-4omhtq90sd-4omhtq90sd.gz' for 'D:\source\repos\donellmccoy\FormValidationExperiments\ECTSystem.Web\bin\Debug\net10.0\wwwroot\_framework\System.ObjectModel.4omhtq90sd.wasm'.
         Accepted compressed asset 'D:\source\repos\donellmccoy\FormValidationExperiments\ECTSystem.Web\obj\Debug\net10.0\compressed\0haf0hzgvl-{0}-zlwtcvnuqv-zlwtcvnuqv.gz' for 'D:\source\repos\donellmccoy\FormValidationExperiments\ECTSystem.Web\bin\Debug\net10.0\wwwroot\_framework\System.Private.DataContractSerialization.zlwtcvnuqv.wasm'.
         Accepted compressed asset 'D:\source\repos\donellmccoy\FormValidationExperiments\ECTSystem.Web\obj\Debug\net10.0\compressed\kedg8gsqki-{0}-clehp4avpy-clehp4avpy.gz' for 'D:\source\repos\donellmccoy\FormValidationExperiments\ECTSystem.Web\bin\Debug\net10.0\wwwroot\_framework\System.Private.Uri.clehp4avpy.wasm'.
         Accepted compressed asset 'D:\source\repos\donellmccoy\FormValidationExperiments\ECTSystem.Web\obj\Debug\net10.0\compressed\5heiw67n85-{0}-ga3n3gh9b6-ga3n3gh9b6.gz' for 'D:\source\repos\donellmccoy\FormValidationExperiments\ECTSystem.Web\bin\Debug\net10.0\wwwroot\_framework\System.Private.Xml.Linq.ga3n3gh9b6.wasm'.
         Accepted compressed asset 'D:\source\repos\donellmccoy\FormValidationExperiments\ECTSystem.Web\obj\Debug\net10.0\compressed\yli873p9v8-{0}-g9rvjereoe-g9rvjereoe.gz' for 'D:\source\repos\donellmccoy\FormValidationExperiments\ECTSystem.Web\bin\Debug\net10.0\wwwroot\_framework\System.Private.Xml.g9rvjereoe.wasm'.
         Accepted compressed asset 'D:\source\repos\donellmccoy\FormValidationExperiments\ECTSystem.Web\obj\Debug\net10.0\compressed\msa6alh801-{0}-b7qn4zpc0q-b7qn4zpc0q.gz' for 'D:\source\repos\donellmccoy\FormValidationExperiments\ECTSystem.Web\bin\Debug\net10.0\wwwroot\_framework\System.Reflection.DispatchProxy.b7qn4zpc0q.wasm'.
         Accepted compressed asset 'D:\source\repos\donellmccoy\FormValidationExperiments\ECTSystem.Web\obj\Debug\net10.0\compressed\vwb19x5djz-{0}-x0vkqyycss-x0vkqyycss.gz' for 'D:\source\repos\donellmccoy\FormValidationExperiments\ECTSystem.Web\bin\Debug\net10.0\wwwroot\_framework\System.Reflection.Emit.ILGeneration.x0vkqyycss.wasm'.
         Accepted compressed asset 'D:\source\repos\donellmccoy\FormValidationExperiments\ECTSystem.Web\obj\Debug\net10.0\compressed\26dmqnev6b-{0}-3tzjd7znni-3tzjd7znni.gz' for 'D:\source\repos\donellmccoy\FormValidationExperiments\ECTSystem.Web\bin\Debug\net10.0\wwwroot\_framework\System.Reflection.Emit.Lightweight.3tzjd7znni.wasm'.
         Accepted compressed asset 'D:\source\repos\donellmccoy\FormValidationExperiments\ECTSystem.Web\obj\Debug\net10.0\compressed\onpq1dpbgb-{0}-3t7flfwg7o-3t7flfwg7o.gz' for 'D:\source\repos\donellmccoy\FormValidationExperiments\ECTSystem.Web\bin\Debug\net10.0\wwwroot\_framework\System.Reflection.Emit.3t7flfwg7o.wasm'.
         Accepted compressed asset 'D:\source\repos\donellmccoy\FormValidationExperiments\ECTSystem.Web\obj\Debug\net10.0\compressed\dlvhhx8qdx-{0}-ymwga5opgl-ymwga5opgl.gz' for 'D:\source\repos\donellmccoy\FormValidationExperiments\ECTSystem.Web\bin\Debug\net10.0\wwwroot\_framework\System.Reflection.Extensions.ymwga5opgl.wasm'.
         Accepted compressed asset 'D:\source\repos\donellmccoy\FormValidationExperiments\ECTSystem.Web\obj\Debug\net10.0\compressed\42hazryd90-{0}-9lgg9wjd2a-9lgg9wjd2a.gz' for 'D:\source\repos\donellmccoy\FormValidationExperiments\ECTSystem.Web\bin\Debug\net10.0\wwwroot\_framework\System.Reflection.Metadata.9lgg9wjd2a.wasm'.
         Accepted compressed asset 'D:\source\repos\donellmccoy\FormValidationExperiments\ECTSystem.Web\obj\Debug\net10.0\compressed\vwmd6ki9cz-{0}-n2ngq6as7g-n2ngq6as7g.gz' for 'D:\source\repos\donellmccoy\FormValidationExperiments\ECTSystem.Web\bin\Debug\net10.0\wwwroot\_framework\System.Reflection.Primitives.n2ngq6as7g.wasm'.
         Accepted compressed asset 'D:\source\repos\donellmccoy\FormValidationExperiments\ECTSystem.Web\obj\Debug\net10.0\compressed\1wknz4wbqk-{0}-ivmzcfvrc6-ivmzcfvrc6.gz' for 'D:\source\repos\donellmccoy\FormValidationExperiments\ECTSystem.Web\bin\Debug\net10.0\wwwroot\_framework\System.Reflection.TypeExtensions.ivmzcfvrc6.wasm'.
         Accepted compressed asset 'D:\source\repos\donellmccoy\FormValidationExperiments\ECTSystem.Web\obj\Debug\net10.0\compressed\22qlttsdgo-{0}-v4mfyzbte8-v4mfyzbte8.gz' for 'D:\source\repos\donellmccoy\FormValidationExperiments\ECTSystem.Web\bin\Debug\net10.0\wwwroot\_framework\System.Reflection.v4mfyzbte8.wasm'.
         Accepted compressed asset 'D:\source\repos\donellmccoy\FormValidationExperiments\ECTSystem.Web\obj\Debug\net10.0\compressed\u9kt7qez7t-{0}-c9z9nieytf-c9z9nieytf.gz' for 'D:\source\repos\donellmccoy\FormValidationExperiments\ECTSystem.Web\bin\Debug\net10.0\wwwroot\_framework\System.Resources.Reader.c9z9nieytf.wasm'.
         Accepted compressed asset 'D:\source\repos\donellmccoy\FormValidationExperiments\ECTSystem.Web\obj\Debug\net10.0\compressed\k41w6mxkkg-{0}-f3fiwdwb50-f3fiwdwb50.gz' for 'D:\source\repos\donellmccoy\FormValidationExperiments\ECTSystem.Web\bin\Debug\net10.0\wwwroot\_framework\System.Resources.ResourceManager.f3fiwdwb50.wasm'.
         Accepted compressed asset 'D:\source\repos\donellmccoy\FormValidationExperiments\ECTSystem.Web\obj\Debug\net10.0\compressed\075febvwwd-{0}-tx9namivq6-tx9namivq6.gz' for 'D:\source\repos\donellmccoy\FormValidationExperiments\ECTSystem.Web\bin\Debug\net10.0\wwwroot\_framework\System.Resources.Writer.tx9namivq6.wasm'.
         Accepted compressed asset 'D:\source\repos\donellmccoy\FormValidationExperiments\ECTSystem.Web\obj\Debug\net10.0\compressed\fhkat1rjl4-{0}-5yw8jyjkyt-5yw8jyjkyt.gz' for 'D:\source\repos\donellmccoy\FormValidationExperiments\ECTSystem.Web\bin\Debug\net10.0\wwwroot\_framework\System.Runtime.CompilerServices.Unsafe.5yw8jyjkyt.wasm'.
         Accepted compressed asset 'D:\source\repos\donellmccoy\FormValidationExperiments\ECTSystem.Web\obj\Debug\net10.0\compressed\8bt20fmvgf-{0}-ddbsai2xh9-ddbsai2xh9.gz' for 'D:\source\repos\donellmccoy\FormValidationExperiments\ECTSystem.Web\bin\Debug\net10.0\wwwroot\_framework\System.Runtime.CompilerServices.VisualC.ddbsai2xh9.wasm'.
         Accepted compressed asset 'D:\source\repos\donellmccoy\FormValidationExperiments\ECTSystem.Web\obj\Debug\net10.0\compressed\tgxd8suuz2-{0}-f4fqaba1oz-f4fqaba1oz.gz' for 'D:\source\repos\donellmccoy\FormValidationExperiments\ECTSystem.Web\bin\Debug\net10.0\wwwroot\_framework\System.Runtime.Extensions.f4fqaba1oz.wasm'.
         Accepted compressed asset 'D:\source\repos\donellmccoy\FormValidationExperiments\ECTSystem.Web\obj\Debug\net10.0\compressed\s1g3xnalwm-{0}-kpe61fymig-kpe61fymig.gz' for 'D:\source\repos\donellmccoy\FormValidationExperiments\ECTSystem.Web\bin\Debug\net10.0\wwwroot\_framework\System.Runtime.Handles.kpe61fymig.wasm'.
         Accepted compressed asset 'D:\source\repos\donellmccoy\FormValidationExperiments\ECTSystem.Web\obj\Debug\net10.0\compressed\hfjrnhuyoa-{0}-ythr5w8c2e-ythr5w8c2e.gz' for 'D:\source\repos\donellmccoy\FormValidationExperiments\ECTSystem.Web\bin\Debug\net10.0\wwwroot\_framework\System.Runtime.InteropServices.JavaScript.ythr5w8c2e.wasm'.
         Accepted compressed asset 'D:\source\repos\donellmccoy\FormValidationExperiments\ECTSystem.Web\obj\Debug\net10.0\compressed\swo87tw2vm-{0}-esodb2rpbi-esodb2rpbi.gz' for 'D:\source\repos\donellmccoy\FormValidationExperiments\ECTSystem.Web\bin\Debug\net10.0\wwwroot\_framework\System.Runtime.InteropServices.RuntimeInformation.esodb2rpbi.wasm'.
         Accepted compressed asset 'D:\source\repos\donellmccoy\FormValidationExperiments\ECTSystem.Web\obj\Debug\net10.0\compressed\tmy0mjumob-{0}-02r2ubft18-02r2ubft18.gz' for 'D:\source\repos\donellmccoy\FormValidationExperiments\ECTSystem.Web\bin\Debug\net10.0\wwwroot\_framework\System.Runtime.InteropServices.02r2ubft18.wasm'.
         Accepted compressed asset 'D:\source\repos\donellmccoy\FormValidationExperiments\ECTSystem.Web\obj\Debug\net10.0\compressed\xhd8k0d5z7-{0}-j8lrpban8m-j8lrpban8m.gz' for 'D:\source\repos\donellmccoy\FormValidationExperiments\ECTSystem.Web\bin\Debug\net10.0\wwwroot\_framework\System.Runtime.Intrinsics.j8lrpban8m.wasm'.
         Accepted compressed asset 'D:\source\repos\donellmccoy\FormValidationExperiments\ECTSystem.Web\obj\Debug\net10.0\compressed\qbu6cec86u-{0}-bm8d2pac0a-bm8d2pac0a.gz' for 'D:\source\repos\donellmccoy\FormValidationExperiments\ECTSystem.Web\bin\Debug\net10.0\wwwroot\_framework\System.Runtime.Loader.bm8d2pac0a.wasm'.
         Accepted compressed asset 'D:\source\repos\donellmccoy\FormValidationExperiments\ECTSystem.Web\obj\Debug\net10.0\compressed\vrvlrqpi4h-{0}-e3fl2oogjk-e3fl2oogjk.gz' for 'D:\source\repos\donellmccoy\FormValidationExperiments\ECTSystem.Web\bin\Debug\net10.0\wwwroot\_framework\System.Runtime.Numerics.e3fl2oogjk.wasm'.
         Accepted compressed asset 'D:\source\repos\donellmccoy\FormValidationExperiments\ECTSystem.Web\obj\Debug\net10.0\compressed\epvz3m4t6r-{0}-a0v88kqnif-a0v88kqnif.gz' for 'D:\source\repos\donellmccoy\FormValidationExperiments\ECTSystem.Web\bin\Debug\net10.0\wwwroot\_framework\System.Runtime.Serialization.Formatters.a0v88kqnif.wasm'.
         Accepted compressed asset 'D:\source\repos\donellmccoy\FormValidationExperiments\ECTSystem.Web\obj\Debug\net10.0\compressed\s38jttaise-{0}-pez04wd9mo-pez04wd9mo.gz' for 'D:\source\repos\donellmccoy\FormValidationExperiments\ECTSystem.Web\bin\Debug\net10.0\wwwroot\_framework\System.Runtime.Serialization.Json.pez04wd9mo.wasm'.
         Accepted compressed asset 'D:\source\repos\donellmccoy\FormValidationExperiments\ECTSystem.Web\obj\Debug\net10.0\compressed\jx9p5q1yg8-{0}-xy5d3j3dn1-xy5d3j3dn1.gz' for 'D:\source\repos\donellmccoy\FormValidationExperiments\ECTSystem.Web\bin\Debug\net10.0\wwwroot\_framework\System.Runtime.Serialization.Primitives.xy5d3j3dn1.wasm'.
         Accepted compressed asset 'D:\source\repos\donellmccoy\FormValidationExperiments\ECTSystem.Web\obj\Debug\net10.0\compressed\a3uvcrevow-{0}-mmwsbcsgly-mmwsbcsgly.gz' for 'D:\source\repos\donellmccoy\FormValidationExperiments\ECTSystem.Web\bin\Debug\net10.0\wwwroot\_framework\System.Runtime.Serialization.Xml.mmwsbcsgly.wasm'.
         Accepted compressed asset 'D:\source\repos\donellmccoy\FormValidationExperiments\ECTSystem.Web\obj\Debug\net10.0\compressed\lkuaa58tkb-{0}-qfpmfujegm-qfpmfujegm.gz' for 'D:\source\repos\donellmccoy\FormValidationExperiments\ECTSystem.Web\bin\Debug\net10.0\wwwroot\_framework\System.Runtime.Serialization.qfpmfujegm.wasm'.
         Accepted compressed asset 'D:\source\repos\donellmccoy\FormValidationExperiments\ECTSystem.Web\obj\Debug\net10.0\compressed\v9qthdilmt-{0}-k6ze2203p2-k6ze2203p2.gz' for 'D:\source\repos\donellmccoy\FormValidationExperiments\ECTSystem.Web\bin\Debug\net10.0\wwwroot\_framework\System.Runtime.k6ze2203p2.wasm'.
         Accepted compressed asset 'D:\source\repos\donellmccoy\FormValidationExperiments\ECTSystem.Web\obj\Debug\net10.0\compressed\5zjicfme18-{0}-4mxo8hy5cn-4mxo8hy5cn.gz' for 'D:\source\repos\donellmccoy\FormValidationExperiments\ECTSystem.Web\bin\Debug\net10.0\wwwroot\_framework\System.Security.AccessControl.4mxo8hy5cn.wasm'.
         Accepted compressed asset 'D:\source\repos\donellmccoy\FormValidationExperiments\ECTSystem.Web\obj\Debug\net10.0\compressed\dkio9b55oe-{0}-9n1yusa5e5-9n1yusa5e5.gz' for 'D:\source\repos\donellmccoy\FormValidationExperiments\ECTSystem.Web\bin\Debug\net10.0\wwwroot\_framework\System.Security.Claims.9n1yusa5e5.wasm'.
         Accepted compressed asset 'D:\source\repos\donellmccoy\FormValidationExperiments\ECTSystem.Web\obj\Debug\net10.0\compressed\whjxxensak-{0}-4dnz7b15a9-4dnz7b15a9.gz' for 'D:\source\repos\donellmccoy\FormValidationExperiments\ECTSystem.Web\bin\Debug\net10.0\wwwroot\_framework\System.Security.Cryptography.Algorithms.4dnz7b15a9.wasm'.
         Accepted compressed asset 'D:\source\repos\donellmccoy\FormValidationExperiments\ECTSystem.Web\obj\Debug\net10.0\compressed\fjz0citqwd-{0}-dyaxkkx3lb-dyaxkkx3lb.gz' for 'D:\source\repos\donellmccoy\FormValidationExperiments\ECTSystem.Web\bin\Debug\net10.0\wwwroot\_framework\System.Security.Cryptography.Cng.dyaxkkx3lb.wasm'.
         Accepted compressed asset 'D:\source\repos\donellmccoy\FormValidationExperiments\ECTSystem.Web\obj\Debug\net10.0\compressed\ajkrouvvqn-{0}-20t5iw27a6-20t5iw27a6.gz' for 'D:\source\repos\donellmccoy\FormValidationExperiments\ECTSystem.Web\bin\Debug\net10.0\wwwroot\_framework\System.Security.Cryptography.Csp.20t5iw27a6.wasm'.
         Accepted compressed asset 'D:\source\repos\donellmccoy\FormValidationExperiments\ECTSystem.Web\obj\Debug\net10.0\compressed\ouwgxx6r8r-{0}-0lu5m0tfx2-0lu5m0tfx2.gz' for 'D:\source\repos\donellmccoy\FormValidationExperiments\ECTSystem.Web\bin\Debug\net10.0\wwwroot\_framework\System.Security.Cryptography.Encoding.0lu5m0tfx2.wasm'.
         Accepted compressed asset 'D:\source\repos\donellmccoy\FormValidationExperiments\ECTSystem.Web\obj\Debug\net10.0\compressed\v25wbi1mf0-{0}-4m4pzjxi3g-4m4pzjxi3g.gz' for 'D:\source\repos\donellmccoy\FormValidationExperiments\ECTSystem.Web\bin\Debug\net10.0\wwwroot\_framework\System.Security.Cryptography.OpenSsl.4m4pzjxi3g.wasm'.
         Accepted compressed asset 'D:\source\repos\donellmccoy\FormValidationExperiments\ECTSystem.Web\obj\Debug\net10.0\compressed\fslvcu1bsc-{0}-7bcdd4uolu-7bcdd4uolu.gz' for 'D:\source\repos\donellmccoy\FormValidationExperiments\ECTSystem.Web\bin\Debug\net10.0\wwwroot\_framework\System.Security.Cryptography.Primitives.7bcdd4uolu.wasm'.
         Accepted compressed asset 'D:\source\repos\donellmccoy\FormValidationExperiments\ECTSystem.Web\obj\Debug\net10.0\compressed\bnmehaayaq-{0}-dmew7c9amv-dmew7c9amv.gz' for 'D:\source\repos\donellmccoy\FormValidationExperiments\ECTSystem.Web\bin\Debug\net10.0\wwwroot\_framework\System.Security.Cryptography.X509Certificates.dmew7c9amv.wasm'.
         Accepted compressed asset 'D:\source\repos\donellmccoy\FormValidationExperiments\ECTSystem.Web\obj\Debug\net10.0\compressed\83s419kl4d-{0}-5rp84ijz8t-5rp84ijz8t.gz' for 'D:\source\repos\donellmccoy\FormValidationExperiments\ECTSystem.Web\bin\Debug\net10.0\wwwroot\_framework\System.Security.Cryptography.5rp84ijz8t.wasm'.
         Accepted compressed asset 'D:\source\repos\donellmccoy\FormValidationExperiments\ECTSystem.Web\obj\Debug\net10.0\compressed\g8nt4m2j6d-{0}-7ssqvw2wfy-7ssqvw2wfy.gz' for 'D:\source\repos\donellmccoy\FormValidationExperiments\ECTSystem.Web\bin\Debug\net10.0\wwwroot\_framework\System.Security.Principal.Windows.7ssqvw2wfy.wasm'.
         Accepted compressed asset 'D:\source\repos\donellmccoy\FormValidationExperiments\ECTSystem.Web\obj\Debug\net10.0\compressed\oqwkbp1kvq-{0}-j5dp7k8x6u-j5dp7k8x6u.gz' for 'D:\source\repos\donellmccoy\FormValidationExperiments\ECTSystem.Web\bin\Debug\net10.0\wwwroot\_framework\System.Security.Principal.j5dp7k8x6u.wasm'.
         Accepted compressed asset 'D:\source\repos\donellmccoy\FormValidationExperiments\ECTSystem.Web\obj\Debug\net10.0\compressed\3jipjtodgq-{0}-7weoywtuje-7weoywtuje.gz' for 'D:\source\repos\donellmccoy\FormValidationExperiments\ECTSystem.Web\bin\Debug\net10.0\wwwroot\_framework\System.Security.SecureString.7weoywtuje.wasm'.
         Accepted compressed asset 'D:\source\repos\donellmccoy\FormValidationExperiments\ECTSystem.Web\obj\Debug\net10.0\compressed\hoywgxui4d-{0}-snpv53zusk-snpv53zusk.gz' for 'D:\source\repos\donellmccoy\FormValidationExperiments\ECTSystem.Web\bin\Debug\net10.0\wwwroot\_framework\System.Security.snpv53zusk.wasm'.
         Accepted compressed asset 'D:\source\repos\donellmccoy\FormValidationExperiments\ECTSystem.Web\obj\Debug\net10.0\compressed\9oozp3j04k-{0}-3f1khl8k32-3f1khl8k32.gz' for 'D:\source\repos\donellmccoy\FormValidationExperiments\ECTSystem.Web\bin\Debug\net10.0\wwwroot\_framework\System.ServiceModel.Web.3f1khl8k32.wasm'.
         Accepted compressed asset 'D:\source\repos\donellmccoy\FormValidationExperiments\ECTSystem.Web\obj\Debug\net10.0\compressed\1v7ke601y7-{0}-a95c1olw0i-a95c1olw0i.gz' for 'D:\source\repos\donellmccoy\FormValidationExperiments\ECTSystem.Web\bin\Debug\net10.0\wwwroot\_framework\System.ServiceProcess.a95c1olw0i.wasm'.
         Accepted compressed asset 'D:\source\repos\donellmccoy\FormValidationExperiments\ECTSystem.Web\obj\Debug\net10.0\compressed\ilzq2ywruv-{0}-8bhn50uz8f-8bhn50uz8f.gz' for 'D:\source\repos\donellmccoy\FormValidationExperiments\ECTSystem.Web\bin\Debug\net10.0\wwwroot\_framework\System.Text.Encoding.CodePages.8bhn50uz8f.wasm'.
         Accepted compressed asset 'D:\source\repos\donellmccoy\FormValidationExperiments\ECTSystem.Web\obj\Debug\net10.0\compressed\nzmkh0ci1v-{0}-tqz9dyg6j7-tqz9dyg6j7.gz' for 'D:\source\repos\donellmccoy\FormValidationExperiments\ECTSystem.Web\bin\Debug\net10.0\wwwroot\_framework\System.Text.Encoding.Extensions.tqz9dyg6j7.wasm'.
         Accepted compressed asset 'D:\source\repos\donellmccoy\FormValidationExperiments\ECTSystem.Web\obj\Debug\net10.0\compressed\f5t4n072a3-{0}-s9ic8sulfi-s9ic8sulfi.gz' for 'D:\source\repos\donellmccoy\FormValidationExperiments\ECTSystem.Web\bin\Debug\net10.0\wwwroot\_framework\System.Text.Encoding.s9ic8sulfi.wasm'.
         Accepted compressed asset 'D:\source\repos\donellmccoy\FormValidationExperiments\ECTSystem.Web\obj\Debug\net10.0\compressed\cyhnwtkn6s-{0}-07hq35kp92-07hq35kp92.gz' for 'D:\source\repos\donellmccoy\FormValidationExperiments\ECTSystem.Web\bin\Debug\net10.0\wwwroot\_framework\System.Text.Encodings.Web.07hq35kp92.wasm'.
         Accepted compressed asset 'D:\source\repos\donellmccoy\FormValidationExperiments\ECTSystem.Web\obj\Debug\net10.0\compressed\at08j8qr2d-{0}-2alhj4y3bm-2alhj4y3bm.gz' for 'D:\source\repos\donellmccoy\FormValidationExperiments\ECTSystem.Web\bin\Debug\net10.0\wwwroot\_framework\System.Text.Json.2alhj4y3bm.wasm'.
         Accepted compressed asset 'D:\source\repos\donellmccoy\FormValidationExperiments\ECTSystem.Web\obj\Debug\net10.0\compressed\e65d2p93v5-{0}-h1qtkesphd-h1qtkesphd.gz' for 'D:\source\repos\donellmccoy\FormValidationExperiments\ECTSystem.Web\bin\Debug\net10.0\wwwroot\_framework\System.Text.RegularExpressions.h1qtkesphd.wasm'.
         Accepted compressed asset 'D:\source\repos\donellmccoy\FormValidationExperiments\ECTSystem.Web\obj\Debug\net10.0\compressed\5fjqvhpl0d-{0}-ruehy0ud5k-ruehy0ud5k.gz' for 'D:\source\repos\donellmccoy\FormValidationExperiments\ECTSystem.Web\bin\Debug\net10.0\wwwroot\_framework\System.Threading.AccessControl.ruehy0ud5k.wasm'.
         Accepted compressed asset 'D:\source\repos\donellmccoy\FormValidationExperiments\ECTSystem.Web\obj\Debug\net10.0\compressed\ljd9rri18n-{0}-s3i62rxr2p-s3i62rxr2p.gz' for 'D:\source\repos\donellmccoy\FormValidationExperiments\ECTSystem.Web\bin\Debug\net10.0\wwwroot\_framework\System.Threading.Channels.s3i62rxr2p.wasm'.
         Accepted compressed asset 'D:\source\repos\donellmccoy\FormValidationExperiments\ECTSystem.Web\obj\Debug\net10.0\compressed\x3kn3vaeta-{0}-lzl7igry1t-lzl7igry1t.gz' for 'D:\source\repos\donellmccoy\FormValidationExperiments\ECTSystem.Web\bin\Debug\net10.0\wwwroot\_framework\System.Threading.Overlapped.lzl7igry1t.wasm'.
         Accepted compressed asset 'D:\source\repos\donellmccoy\FormValidationExperiments\ECTSystem.Web\obj\Debug\net10.0\compressed\l4eto4c8ju-{0}-p9bjzp5pyo-p9bjzp5pyo.gz' for 'D:\source\repos\donellmccoy\FormValidationExperiments\ECTSystem.Web\bin\Debug\net10.0\wwwroot\_framework\System.Threading.Tasks.Dataflow.p9bjzp5pyo.wasm'.
         Accepted compressed asset 'D:\source\repos\donellmccoy\FormValidationExperiments\ECTSystem.Web\obj\Debug\net10.0\compressed\6495a6gpdg-{0}-unp0hcfijn-unp0hcfijn.gz' for 'D:\source\repos\donellmccoy\FormValidationExperiments\ECTSystem.Web\bin\Debug\net10.0\wwwroot\_framework\System.Threading.Tasks.Extensions.unp0hcfijn.wasm'.
         Accepted compressed asset 'D:\source\repos\donellmccoy\FormValidationExperiments\ECTSystem.Web\obj\Debug\net10.0\compressed\llm44lxqr6-{0}-hyku0ejwye-hyku0ejwye.gz' for 'D:\source\repos\donellmccoy\FormValidationExperiments\ECTSystem.Web\bin\Debug\net10.0\wwwroot\_framework\System.Threading.Tasks.Parallel.hyku0ejwye.wasm'.
         Accepted compressed asset 'D:\source\repos\donellmccoy\FormValidationExperiments\ECTSystem.Web\obj\Debug\net10.0\compressed\5fzreah1zf-{0}-t0sjw89o0i-t0sjw89o0i.gz' for 'D:\source\repos\donellmccoy\FormValidationExperiments\ECTSystem.Web\bin\Debug\net10.0\wwwroot\_framework\System.Threading.Tasks.t0sjw89o0i.wasm'.
         Accepted compressed asset 'D:\source\repos\donellmccoy\FormValidationExperiments\ECTSystem.Web\obj\Debug\net10.0\compressed\yrz2ive1cn-{0}-nfbg9v9bn0-nfbg9v9bn0.gz' for 'D:\source\repos\donellmccoy\FormValidationExperiments\ECTSystem.Web\bin\Debug\net10.0\wwwroot\_framework\System.Threading.Thread.nfbg9v9bn0.wasm'.
         Accepted compressed asset 'D:\source\repos\donellmccoy\FormValidationExperiments\ECTSystem.Web\obj\Debug\net10.0\compressed\9ufxzoiu2a-{0}-jrzo6stg1k-jrzo6stg1k.gz' for 'D:\source\repos\donellmccoy\FormValidationExperiments\ECTSystem.Web\bin\Debug\net10.0\wwwroot\_framework\System.Threading.ThreadPool.jrzo6stg1k.wasm'.
         Accepted compressed asset 'D:\source\repos\donellmccoy\FormValidationExperiments\ECTSystem.Web\obj\Debug\net10.0\compressed\2jaclh288a-{0}-y8l1kxazi5-y8l1kxazi5.gz' for 'D:\source\repos\donellmccoy\FormValidationExperiments\ECTSystem.Web\bin\Debug\net10.0\wwwroot\_framework\System.Threading.Timer.y8l1kxazi5.wasm'.
         Accepted compressed asset 'D:\source\repos\donellmccoy\FormValidationExperiments\ECTSystem.Web\obj\Debug\net10.0\compressed\dbeikknv9a-{0}-47ucbn1gg1-47ucbn1gg1.gz' for 'D:\source\repos\donellmccoy\FormValidationExperiments\ECTSystem.Web\bin\Debug\net10.0\wwwroot\_framework\System.Threading.47ucbn1gg1.wasm'.
         Accepted compressed asset 'D:\source\repos\donellmccoy\FormValidationExperiments\ECTSystem.Web\obj\Debug\net10.0\compressed\i1a8zx9h7e-{0}-cig01jt23c-cig01jt23c.gz' for 'D:\source\repos\donellmccoy\FormValidationExperiments\ECTSystem.Web\bin\Debug\net10.0\wwwroot\_framework\System.Transactions.Local.cig01jt23c.wasm'.
         Accepted compressed asset 'D:\source\repos\donellmccoy\FormValidationExperiments\ECTSystem.Web\obj\Debug\net10.0\compressed\yh5guka4fy-{0}-pl50n6qbg7-pl50n6qbg7.gz' for 'D:\source\repos\donellmccoy\FormValidationExperiments\ECTSystem.Web\bin\Debug\net10.0\wwwroot\_framework\System.Transactions.pl50n6qbg7.wasm'.
         Accepted compressed asset 'D:\source\repos\donellmccoy\FormValidationExperiments\ECTSystem.Web\obj\Debug\net10.0\compressed\3y6hn9z0u3-{0}-mj3r9p0pcw-mj3r9p0pcw.gz' for 'D:\source\repos\donellmccoy\FormValidationExperiments\ECTSystem.Web\bin\Debug\net10.0\wwwroot\_framework\System.ValueTuple.mj3r9p0pcw.wasm'.
         Accepted compressed asset 'D:\source\repos\donellmccoy\FormValidationExperiments\ECTSystem.Web\obj\Debug\net10.0\compressed\8kngw3xugn-{0}-3jfxpyq4in-3jfxpyq4in.gz' for 'D:\source\repos\donellmccoy\FormValidationExperiments\ECTSystem.Web\bin\Debug\net10.0\wwwroot\_framework\System.Web.HttpUtility.3jfxpyq4in.wasm'.
         Accepted compressed asset 'D:\source\repos\donellmccoy\FormValidationExperiments\ECTSystem.Web\obj\Debug\net10.0\compressed\rcys32jzk4-{0}-2a6wq9gv6d-2a6wq9gv6d.gz' for 'D:\source\repos\donellmccoy\FormValidationExperiments\ECTSystem.Web\bin\Debug\net10.0\wwwroot\_framework\System.Web.2a6wq9gv6d.wasm'.
         Accepted compressed asset 'D:\source\repos\donellmccoy\FormValidationExperiments\ECTSystem.Web\obj\Debug\net10.0\compressed\d0gchbs68b-{0}-bw79ix589z-bw79ix589z.gz' for 'D:\source\repos\donellmccoy\FormValidationExperiments\ECTSystem.Web\bin\Debug\net10.0\wwwroot\_framework\System.Windows.bw79ix589z.wasm'.
         Accepted compressed asset 'D:\source\repos\donellmccoy\FormValidationExperiments\ECTSystem.Web\obj\Debug\net10.0\compressed\d4vu1ykjxy-{0}-nvnhbwdsg6-nvnhbwdsg6.gz' for 'D:\source\repos\donellmccoy\FormValidationExperiments\ECTSystem.Web\bin\Debug\net10.0\wwwroot\_framework\System.Xml.Linq.nvnhbwdsg6.wasm'.
         Accepted compressed asset 'D:\source\repos\donellmccoy\FormValidationExperiments\ECTSystem.Web\obj\Debug\net10.0\compressed\sykaa2laqk-{0}-szsdminork-szsdminork.gz' for 'D:\source\repos\donellmccoy\FormValidationExperiments\ECTSystem.Web\bin\Debug\net10.0\wwwroot\_framework\System.Xml.ReaderWriter.szsdminork.wasm'.
         Accepted compressed asset 'D:\source\repos\donellmccoy\FormValidationExperiments\ECTSystem.Web\obj\Debug\net10.0\compressed\pmcuvw6otb-{0}-b9imguls9w-b9imguls9w.gz' for 'D:\source\repos\donellmccoy\FormValidationExperiments\ECTSystem.Web\bin\Debug\net10.0\wwwroot\_framework\System.Xml.Serialization.b9imguls9w.wasm'.
         Accepted compressed asset 'D:\source\repos\donellmccoy\FormValidationExperiments\ECTSystem.Web\obj\Debug\net10.0\compressed\mri6o8y8b1-{0}-8hg6c0at0c-8hg6c0at0c.gz' for 'D:\source\repos\donellmccoy\FormValidationExperiments\ECTSystem.Web\bin\Debug\net10.0\wwwroot\_framework\System.Xml.XDocument.8hg6c0at0c.wasm'.
         Accepted compressed asset 'D:\source\repos\donellmccoy\FormValidationExperiments\ECTSystem.Web\obj\Debug\net10.0\compressed\ov4n2wueo5-{0}-g7i5gd64yo-g7i5gd64yo.gz' for 'D:\source\repos\donellmccoy\FormValidationExperiments\ECTSystem.Web\bin\Debug\net10.0\wwwroot\_framework\System.Xml.XPath.XDocument.g7i5gd64yo.wasm'.
         Accepted compressed asset 'D:\source\repos\donellmccoy\FormValidationExperiments\ECTSystem.Web\obj\Debug\net10.0\compressed\x3nfnq3egb-{0}-11wk1hhnfk-11wk1hhnfk.gz' for 'D:\source\repos\donellmccoy\FormValidationExperiments\ECTSystem.Web\bin\Debug\net10.0\wwwroot\_framework\System.Xml.XPath.11wk1hhnfk.wasm'.
         Accepted compressed asset 'D:\source\repos\donellmccoy\FormValidationExperiments\ECTSystem.Web\obj\Debug\net10.0\compressed\7m3h4epq8w-{0}-isetn6xlxa-isetn6xlxa.gz' for 'D:\source\repos\donellmccoy\FormValidationExperiments\ECTSystem.Web\bin\Debug\net10.0\wwwroot\_framework\System.Xml.XmlDocument.isetn6xlxa.wasm'.
         Accepted compressed asset 'D:\source\repos\donellmccoy\FormValidationExperiments\ECTSystem.Web\obj\Debug\net10.0\compressed\hub3oaj2hd-{0}-okgnp5v9bw-okgnp5v9bw.gz' for 'D:\source\repos\donellmccoy\FormValidationExperiments\ECTSystem.Web\bin\Debug\net10.0\wwwroot\_framework\System.Xml.XmlSerializer.okgnp5v9bw.wasm'.
         Accepted compressed asset 'D:\source\repos\donellmccoy\FormValidationExperiments\ECTSystem.Web\obj\Debug\net10.0\compressed\xh9hkaq9i3-{0}-zjgi7nrlno-zjgi7nrlno.gz' for 'D:\source\repos\donellmccoy\FormValidationExperiments\ECTSystem.Web\bin\Debug\net10.0\wwwroot\_framework\System.Xml.zjgi7nrlno.wasm'.
         Accepted compressed asset 'D:\source\repos\donellmccoy\FormValidationExperiments\ECTSystem.Web\obj\Debug\net10.0\compressed\gpfdea38zq-{0}-7rk3uansaa-7rk3uansaa.gz' for 'D:\source\repos\donellmccoy\FormValidationExperiments\ECTSystem.Web\bin\Debug\net10.0\wwwroot\_framework\System.7rk3uansaa.wasm'.
         Accepted compressed asset 'D:\source\repos\donellmccoy\FormValidationExperiments\ECTSystem.Web\obj\Debug\net10.0\compressed\9oqbh3iylt-{0}-wz82kkc1p3-wz82kkc1p3.gz' for 'D:\source\repos\donellmccoy\FormValidationExperiments\ECTSystem.Web\bin\Debug\net10.0\wwwroot\_framework\WindowsBase.wz82kkc1p3.wasm'.
         Accepted compressed asset 'D:\source\repos\donellmccoy\FormValidationExperiments\ECTSystem.Web\obj\Debug\net10.0\compressed\d25v6npoxw-{0}-555t1ekkz8-555t1ekkz8.gz' for 'D:\source\repos\donellmccoy\FormValidationExperiments\ECTSystem.Web\bin\Debug\net10.0\wwwroot\_framework\mscorlib.555t1ekkz8.wasm'.
         Accepted compressed asset 'D:\source\repos\donellmccoy\FormValidationExperiments\ECTSystem.Web\obj\Debug\net10.0\compressed\b2nnyq3cq6-{0}-0e3bjkca9m-0e3bjkca9m.gz' for 'D:\source\repos\donellmccoy\FormValidationExperiments\ECTSystem.Web\bin\Debug\net10.0\wwwroot\_framework\netstandard.0e3bjkca9m.wasm'.
         Accepted compressed asset 'D:\source\repos\donellmccoy\FormValidationExperiments\ECTSystem.Web\obj\Debug\net10.0\compressed\2wyciyce2z-{0}-koxlwnosh6-koxlwnosh6.gz' for 'D:\source\repos\donellmccoy\FormValidationExperiments\ECTSystem.Web\bin\Debug\net10.0\wwwroot\_framework\System.Private.CoreLib.koxlwnosh6.wasm'.
         Accepted compressed asset 'D:\source\repos\donellmccoy\FormValidationExperiments\ECTSystem.Web\obj\Debug\net10.0\compressed\nczk3rxil3-{0}-clndu25lif-clndu25lif.gz' for 'D:\source\repos\donellmccoy\FormValidationExperiments\ECTSystem.Web\bin\Debug\net10.0\wwwroot\_framework\dotnet.js.map'.
         Accepted compressed asset 'D:\source\repos\donellmccoy\FormValidationExperiments\ECTSystem.Web\obj\Debug\net10.0\compressed\pnsf01d0gj-{0}-ykrnppwhq2-ykrnppwhq2.gz' for 'D:\source\repos\donellmccoy\FormValidationExperiments\ECTSystem.Web\bin\Debug\net10.0\wwwroot\_framework\dotnet.native.ykrnppwhq2.js'.
         Accepted compressed asset 'D:\source\repos\donellmccoy\FormValidationExperiments\ECTSystem.Web\obj\Debug\net10.0\compressed\n0pzkrbc09-{0}-53ez3dx5uy-53ez3dx5uy.gz' for 'D:\source\repos\donellmccoy\FormValidationExperiments\ECTSystem.Web\bin\Debug\net10.0\wwwroot\_framework\dotnet.native.53ez3dx5uy.wasm'.
         Accepted compressed asset 'D:\source\repos\donellmccoy\FormValidationExperiments\ECTSystem.Web\obj\Debug\net10.0\compressed\cpjtjd3t7f-{0}-peu2mfb29t-peu2mfb29t.gz' for 'D:\source\repos\donellmccoy\FormValidationExperiments\ECTSystem.Web\bin\Debug\net10.0\wwwroot\_framework\dotnet.runtime.peu2mfb29t.js'.
         Accepted compressed asset 'D:\source\repos\donellmccoy\FormValidationExperiments\ECTSystem.Web\obj\Debug\net10.0\compressed\19r65sdffv-{0}-y1cse46x0j-y1cse46x0j.gz' for 'D:\source\repos\donellmccoy\FormValidationExperiments\ECTSystem.Web\bin\Debug\net10.0\wwwroot\_framework\dotnet.runtime.js.map'.
         Accepted compressed asset 'D:\source\repos\donellmccoy\FormValidationExperiments\ECTSystem.Web\obj\Debug\net10.0\compressed\2uykadwvjd-{0}-tjcz0u77k5-tjcz0u77k5.gz' for 'D:\source\repos\donellmccoy\FormValidationExperiments\ECTSystem.Web\bin\Debug\net10.0\wwwroot\_framework\icudt_CJK.tjcz0u77k5.dat'.
         Accepted compressed asset 'D:\source\repos\donellmccoy\FormValidationExperiments\ECTSystem.Web\obj\Debug\net10.0\compressed\45jy0afkgd-{0}-tptq2av103-tptq2av103.gz' for 'D:\source\repos\donellmccoy\FormValidationExperiments\ECTSystem.Web\bin\Debug\net10.0\wwwroot\_framework\icudt_EFIGS.tptq2av103.dat'.
         Accepted compressed asset 'D:\source\repos\donellmccoy\FormValidationExperiments\ECTSystem.Web\obj\Debug\net10.0\compressed\s0dw6picvw-{0}-lfu7j35m59-lfu7j35m59.gz' for 'D:\source\repos\donellmccoy\FormValidationExperiments\ECTSystem.Web\bin\Debug\net10.0\wwwroot\_framework\icudt_no_CJK.lfu7j35m59.dat'.
         Accepted compressed asset 'D:\source\repos\donellmccoy\FormValidationExperiments\ECTSystem.Web\obj\Debug\net10.0\compressed\6ljk4e1jww-{0}-g2f3fcm2ae-g2f3fcm2ae.gz' for 'D:\source\repos\donellmccoy\FormValidationExperiments\ECTSystem.Web\bin\Debug\net10.0\wwwroot\_framework\ECTSystem.Shared.g2f3fcm2ae.wasm'.
         Accepted compressed asset 'D:\source\repos\donellmccoy\FormValidationExperiments\ECTSystem.Web\obj\Debug\net10.0\compressed\d4gxi8uscn-{0}-lwayybchln-lwayybchln.gz' for 'D:\source\repos\donellmccoy\FormValidationExperiments\ECTSystem.Web\bin\Debug\net10.0\wwwroot\_framework\ECTSystem.Shared.lwayybchln.pdb'.
         Accepted compressed asset 'D:\source\repos\donellmccoy\FormValidationExperiments\ECTSystem.Web\obj\Debug\net10.0\compressed\70ucnga118-{0}-0t8gsucp6m-0t8gsucp6m.gz' for 'D:\source\repos\donellmccoy\FormValidationExperiments\ECTSystem.Web\bin\Debug\net10.0\wwwroot\_framework\ECTSystem.Web.0t8gsucp6m.wasm'.
         Accepted compressed asset 'D:\source\repos\donellmccoy\FormValidationExperiments\ECTSystem.Web\obj\Debug\net10.0\compressed\49qm3v39nt-{0}-kw55oasc07-kw55oasc07.gz' for 'D:\source\repos\donellmccoy\FormValidationExperiments\ECTSystem.Web\bin\Debug\net10.0\wwwroot\_framework\ECTSystem.Web.kw55oasc07.pdb'.
         Accepted compressed asset 'D:\source\repos\donellmccoy\FormValidationExperiments\ECTSystem.Web\obj\Debug\net10.0\compressed\mec0uxprfj-{0}-ouyp566tne-ouyp566tne.gz' for 'D:\source\repos\donellmccoy\FormValidationExperiments\ECTSystem.Web\bin\Debug\net10.0\wwwroot\_framework\dotnet.ouyp566tne.js'.
         Accepted compressed asset 'D:\source\repos\donellmccoy\FormValidationExperiments\ECTSystem.Web\obj\Debug\net10.0\compressed\r8o66dz1as-{0}-m4glpcdewx-m4glpcdewx.gz' for 'D:\source\repos\donellmccoy\FormValidationExperiments\ECTSystem.Web\obj\Debug\net10.0\staticwebassets\htmlassetplaceholders\build\zvel0phx8q.html'.
         Accepted compressed asset 'D:\source\repos\donellmccoy\FormValidationExperiments\ECTSystem.Web\obj\Debug\net10.0\compressed\aluk2yd60g-{0}-xma8j95wqm-xma8j95wqm.gz' for 'D:\source\repos\donellmccoy\FormValidationExperiments\ECTSystem.Web\obj\Debug\net10.0\service-worker\service-worker.js.build'.
         Accepted compressed asset 'D:\source\repos\donellmccoy\FormValidationExperiments\ECTSystem.Web\obj\Debug\net10.0\compressed\oz2zrnwl67-{0}-hfrandkscy-hfrandkscy.gz' for 'D:\source\repos\donellmccoy\FormValidationExperiments\ECTSystem.Web\obj\Debug\net10.0\service-worker\service-worker-assets.js.build'.
         Resolved 295 compressed assets for 295 candidate assets.
       ResolveBuildCompressedStaticWebAssets:
         Processing compressed asset: D:\source\repos\donellmccoy\FormValidationExperiments\ECTSystem.Web\obj\Debug\net10.0\compressed\qbu6cec86u-{0}-bm8d2pac0a-bm8d2pac0a.gz
         Processing compressed asset: D:\source\repos\donellmccoy\FormValidationExperiments\ECTSystem.Web\obj\Debug\net10.0\compressed\umq7d7hlv3-{0}-byw33130mf-byw33130mf.gz
         Processing compressed asset: D:\source\repos\donellmccoy\FormValidationExperiments\ECTSystem.Web\obj\Debug\net10.0\compressed\tk49g4xv5u-{0}-wx4hensadt-wx4hensadt.gz
         Processing compressed asset: D:\source\repos\donellmccoy\FormValidationExperiments\ECTSystem.Web\obj\Debug\net10.0\compressed\puhzzxxpds-{0}-4owp47ww22-4owp47ww22.gz
         Processing compressed asset: D:\source\repos\donellmccoy\FormValidationExperiments\ECTSystem.Web\obj\Debug\net10.0\compressed\5fjqvhpl0d-{0}-ruehy0ud5k-ruehy0ud5k.gz
         Processing compressed asset: D:\source\repos\donellmccoy\FormValidationExperiments\ECTSystem.Web\obj\Debug\net10.0\compressed\5fzreah1zf-{0}-t0sjw89o0i-t0sjw89o0i.gz
         Processing compressed asset: D:\source\repos\donellmccoy\FormValidationExperiments\ECTSystem.Web\obj\Debug\net10.0\compressed\6o9s175gvo-{0}-xualez7bry-xualez7bry.gz
         Processing compressed asset: D:\source\repos\donellmccoy\FormValidationExperiments\ECTSystem.Web\obj\Debug\net10.0\compressed\1i7dq2ynh3-{0}-nfipy3i7sp-nfipy3i7sp.gz
         Processing compressed asset: D:\source\repos\donellmccoy\FormValidationExperiments\ECTSystem.Web\obj\Debug\net10.0\compressed\tpbz3kwmi1-{0}-i3e4j215l4-i3e4j215l4.gz
         Processing compressed asset: D:\source\repos\donellmccoy\FormValidationExperiments\ECTSystem.Web\obj\Debug\net10.0\compressed\hhff85vxhh-{0}-cw3g6c6mi4-cw3g6c6mi4.gz
         Processing compressed asset: D:\source\repos\donellmccoy\FormValidationExperiments\ECTSystem.Web\obj\Debug\net10.0\compressed\ljz8shcmxy-{0}-9ede6580t1-9ede6580t1.gz
         Processing compressed asset: D:\source\repos\donellmccoy\FormValidationExperiments\ECTSystem.Web\obj\Debug\net10.0\compressed\lajis6h9q2-{0}-b9puhc56nt-b9puhc56nt.gz
         Processing compressed asset: D:\source\repos\donellmccoy\FormValidationExperiments\ECTSystem.Web\obj\Debug\net10.0\compressed\swo87tw2vm-{0}-esodb2rpbi-esodb2rpbi.gz
         Processing compressed asset: D:\source\repos\donellmccoy\FormValidationExperiments\ECTSystem.Web\obj\Debug\net10.0\compressed\ljd9rri18n-{0}-s3i62rxr2p-s3i62rxr2p.gz
         Processing compressed asset: D:\source\repos\donellmccoy\FormValidationExperiments\ECTSystem.Web\obj\Debug\net10.0\compressed\s9otf05z8q-{0}-h7er6lhgnt-h7er6lhgnt.gz
         Processing compressed asset: D:\source\repos\donellmccoy\FormValidationExperiments\ECTSystem.Web\obj\Debug\net10.0\compressed\fp7uetamp1-{0}-2iaqigxizv-2iaqigxizv.gz
         Processing compressed asset: D:\source\repos\donellmccoy\FormValidationExperiments\ECTSystem.Web\obj\Debug\net10.0\compressed\l647vub447-{0}-dlszvg16vp-dlszvg16vp.gz
         Processing compressed asset: D:\source\repos\donellmccoy\FormValidationExperiments\ECTSystem.Web\obj\Debug\net10.0\compressed\4d1o7blez5-{0}-e0myv1rzzt-e0myv1rzzt.gz
         Processing compressed asset: D:\source\repos\donellmccoy\FormValidationExperiments\ECTSystem.Web\obj\Debug\net10.0\compressed\iziymon70z-{0}-yxfjmmom7a-yxfjmmom7a.gz
         Processing compressed asset: D:\source\repos\donellmccoy\FormValidationExperiments\ECTSystem.Web\obj\Debug\net10.0\compressed\gkqy78lw9w-{0}-x2fspauj3u-x2fspauj3u.gz
         Processing compressed asset: D:\source\repos\donellmccoy\FormValidationExperiments\ECTSystem.Web\obj\Debug\net10.0\compressed\63oc1n27oy-{0}-uy6j2rpg6j-uy6j2rpg6j.gz
         Processing compressed asset: D:\source\repos\donellmccoy\FormValidationExperiments\ECTSystem.Web\obj\Debug\net10.0\compressed\hzxay3wjwu-{0}-ju2iwv8des-ju2iwv8des.gz
         Processing compressed asset: D:\source\repos\donellmccoy\FormValidationExperiments\ECTSystem.Web\obj\Debug\net10.0\compressed\4tfzvf9qks-{0}-egy13jlyl1-egy13jlyl1.gz
         Processing compressed asset: D:\source\repos\donellmccoy\FormValidationExperiments\ECTSystem.Web\obj\Debug\net10.0\compressed\pzoc9euazt-{0}-hyts3pyym0-hyts3pyym0.gz
         Processing compressed asset: D:\source\repos\donellmccoy\FormValidationExperiments\ECTSystem.Web\obj\Debug\net10.0\compressed\a9qr3lfjcz-{0}-hi84ijhz2t-hi84ijhz2t.gz
         Processing compressed asset: D:\source\repos\donellmccoy\FormValidationExperiments\ECTSystem.Web\obj\Debug\net10.0\compressed\6crp8u0vy1-{0}-pcfajf7zxp-pcfajf7zxp.gz
         Processing compressed asset: D:\source\repos\donellmccoy\FormValidationExperiments\ECTSystem.Web\obj\Debug\net10.0\compressed\tyl999z8ld-{0}-779xqrv1gv-779xqrv1gv.gz
         Processing compressed asset: D:\source\repos\donellmccoy\FormValidationExperiments\ECTSystem.Web\obj\Debug\net10.0\compressed\r9w1mufl9l-{0}-4vyp0a2xjt-4vyp0a2xjt.gz
         Processing compressed asset: D:\source\repos\donellmccoy\FormValidationExperiments\ECTSystem.Web\obj\Debug\net10.0\compressed\i1901ftr2x-{0}-cjvtifvnlk-cjvtifvnlk.gz
         Processing compressed asset: D:\source\repos\donellmccoy\FormValidationExperiments\ECTSystem.Web\obj\Debug\net10.0\compressed\6xb9o06z95-{0}-7zqmirtkch-7zqmirtkch.gz
         Processing compressed asset: D:\source\repos\donellmccoy\FormValidationExperiments\ECTSystem.Web\obj\Debug\net10.0\compressed\23k2u02q7k-{0}-29qxocl83q-29qxocl83q.gz
         Processing compressed asset: D:\source\repos\donellmccoy\FormValidationExperiments\ECTSystem.Web\obj\Debug\net10.0\compressed\gx01nmpfm0-{0}-lruor1g3w9-lruor1g3w9.gz
         Processing compressed asset: D:\source\repos\donellmccoy\FormValidationExperiments\ECTSystem.Web\obj\Debug\net10.0\compressed\bxwb1uf4ma-{0}-u0zj27cx7o-u0zj27cx7o.gz
         Processing compressed asset: D:\source\repos\donellmccoy\FormValidationExperiments\ECTSystem.Web\obj\Debug\net10.0\compressed\nzdneg7gvn-{0}-nrqb74wf92-nrqb74wf92.gz
         Processing compressed asset: D:\source\repos\donellmccoy\FormValidationExperiments\ECTSystem.Web\obj\Debug\net10.0\compressed\2uykadwvjd-{0}-tjcz0u77k5-tjcz0u77k5.gz
         Processing compressed asset: D:\source\repos\donellmccoy\FormValidationExperiments\ECTSystem.Web\obj\Debug\net10.0\compressed\mec0uxprfj-{0}-ouyp566tne-ouyp566tne.gz
         Processing compressed asset: D:\source\repos\donellmccoy\FormValidationExperiments\ECTSystem.Web\obj\Debug\net10.0\compressed\70ucnga118-{0}-0t8gsucp6m-0t8gsucp6m.gz
         Processing compressed asset: D:\source\repos\donellmccoy\FormValidationExperiments\ECTSystem.Web\obj\Debug\net10.0\compressed\2u42paajbc-{0}-ewsmvs08vw-ewsmvs08vw.gz
         Processing compressed asset: D:\source\repos\donellmccoy\FormValidationExperiments\ECTSystem.Web\obj\Debug\net10.0\compressed\szfz6g4sx5-{0}-d039sms3sd-d039sms3sd.gz
         Processing compressed asset: D:\source\repos\donellmccoy\FormValidationExperiments\ECTSystem.Web\obj\Debug\net10.0\compressed\s0dw6picvw-{0}-lfu7j35m59-lfu7j35m59.gz
         Processing compressed asset: D:\source\repos\donellmccoy\FormValidationExperiments\ECTSystem.Web\obj\Debug\net10.0\compressed\t1iec63g8o-{0}-12n6dz54qr-12n6dz54qr.gz
         Processing compressed asset: D:\source\repos\donellmccoy\FormValidationExperiments\ECTSystem.Web\obj\Debug\net10.0\compressed\9m7b1mta63-{0}-i178n7uvlk-i178n7uvlk.gz
         Processing compressed asset: D:\source\repos\donellmccoy\FormValidationExperiments\ECTSystem.Web\obj\Debug\net10.0\compressed\dqwb45bvr0-{0}-3ur142rhlk-3ur142rhlk.gz
         Processing compressed asset: D:\source\repos\donellmccoy\FormValidationExperiments\ECTSystem.Web\obj\Debug\net10.0\compressed\f4iiz58w9n-{0}-ld1j2d23tn-ld1j2d23tn.gz
         Processing compressed asset: D:\source\repos\donellmccoy\FormValidationExperiments\ECTSystem.Web\obj\Debug\net10.0\compressed\l0a4z5q4xb-{0}-br78doeg3e-br78doeg3e.gz
         Processing compressed asset: D:\source\repos\donellmccoy\FormValidationExperiments\ECTSystem.Web\obj\Debug\net10.0\compressed\yb753b6uu9-{0}-jnskqyrki7-jnskqyrki7.gz
         Processing compressed asset: D:\source\repos\donellmccoy\FormValidationExperiments\ECTSystem.Web\obj\Debug\net10.0\compressed\07dvhoryo3-{0}-a9671ymty2-a9671ymty2.gz
         Processing compressed asset: D:\source\repos\donellmccoy\FormValidationExperiments\ECTSystem.Web\obj\Debug\net10.0\compressed\mhuzu2aisl-{0}-cejwwy890b-cejwwy890b.gz
         Processing compressed asset: D:\source\repos\donellmccoy\FormValidationExperiments\ECTSystem.Web\obj\Debug\net10.0\compressed\bq2gqsp214-{0}-hrhwg3a64c-hrhwg3a64c.gz
         Processing compressed asset: D:\source\repos\donellmccoy\FormValidationExperiments\ECTSystem.Web\obj\Debug\net10.0\compressed\m73p78mmyd-{0}-b07hl8kc7e-b07hl8kc7e.gz
         Processing compressed asset: D:\source\repos\donellmccoy\FormValidationExperiments\ECTSystem.Web\obj\Debug\net10.0\compressed\p3lb7646bf-{0}-0s0u9vohhl-0s0u9vohhl.gz
         Processing compressed asset: D:\source\repos\donellmccoy\FormValidationExperiments\ECTSystem.Web\obj\Debug\net10.0\compressed\wichti9hcg-{0}-0foh9fjffd-0foh9fjffd.gz
         Processing compressed asset: D:\source\repos\donellmccoy\FormValidationExperiments\ECTSystem.Web\obj\Debug\net10.0\compressed\pqkwucy92a-{0}-rerhkqr3eb-rerhkqr3eb.gz
         Processing compressed asset: D:\source\repos\donellmccoy\FormValidationExperiments\ECTSystem.Web\obj\Debug\net10.0\compressed\m02bjb8is8-{0}-yli8mx0eos-yli8mx0eos.gz
         Processing compressed asset: D:\source\repos\donellmccoy\FormValidationExperiments\ECTSystem.Web\obj\Debug\net10.0\compressed\hv73puyvcv-{0}-slxs9murh9-slxs9murh9.gz
         Processing compressed asset: D:\source\repos\donellmccoy\FormValidationExperiments\ECTSystem.Web\obj\Debug\net10.0\compressed\5j6sx5hybn-{0}-bo3l2cgml4-bo3l2cgml4.gz
         Processing compressed asset: D:\source\repos\donellmccoy\FormValidationExperiments\ECTSystem.Web\obj\Debug\net10.0\compressed\ujqjaj8hak-{0}-5m14pyqyxw-5m14pyqyxw.gz
         Processing compressed asset: D:\source\repos\donellmccoy\FormValidationExperiments\ECTSystem.Web\obj\Debug\net10.0\compressed\jbfza82tln-{0}-uwboh8k0t2-uwboh8k0t2.gz
         Processing compressed asset: D:\source\repos\donellmccoy\FormValidationExperiments\ECTSystem.Web\obj\Debug\net10.0\compressed\hioko8hpdo-{0}-l0tb2qjzko-l0tb2qjzko.gz
         Processing compressed asset: D:\source\repos\donellmccoy\FormValidationExperiments\ECTSystem.Web\obj\Debug\net10.0\compressed\xcdu1o1bi6-{0}-wdatjiax62-wdatjiax62.gz
         Processing compressed asset: D:\source\repos\donellmccoy\FormValidationExperiments\ECTSystem.Web\obj\Debug\net10.0\compressed\8h78ypyjij-{0}-6x98xfwa0f-6x98xfwa0f.gz
         Processing compressed asset: D:\source\repos\donellmccoy\FormValidationExperiments\ECTSystem.Web\obj\Debug\net10.0\compressed\61tjce6q3g-{0}-lp2m26x9dr-lp2m26x9dr.gz
         Processing compressed asset: D:\source\repos\donellmccoy\FormValidationExperiments\ECTSystem.Web\obj\Debug\net10.0\compressed\r214i2muun-{0}-h2nvdx8wws-h2nvdx8wws.gz
         Processing compressed asset: D:\source\repos\donellmccoy\FormValidationExperiments\ECTSystem.Web\obj\Debug\net10.0\compressed\oma787zxdg-{0}-dzi10xomgb-dzi10xomgb.gz
         Processing compressed asset: D:\source\repos\donellmccoy\FormValidationExperiments\ECTSystem.Web\obj\Debug\net10.0\compressed\vejtf4fxfb-{0}-dqct702y6d-dqct702y6d.gz
         Processing compressed asset: D:\source\repos\donellmccoy\FormValidationExperiments\ECTSystem.Web\obj\Debug\net10.0\compressed\3e11vhhh0l-{0}-cl88u6s2p3-cl88u6s2p3.gz
         Processing compressed asset: D:\source\repos\donellmccoy\FormValidationExperiments\ECTSystem.Web\obj\Debug\net10.0\compressed\0xc7yywch5-{0}-2m2hn9zxqe-2m2hn9zxqe.gz
         Processing compressed asset: D:\source\repos\donellmccoy\FormValidationExperiments\ECTSystem.Web\obj\Debug\net10.0\compressed\rxzwsql60f-{0}-z05jp344dk-z05jp344dk.gz
         Processing compressed asset: D:\source\repos\donellmccoy\FormValidationExperiments\ECTSystem.Web\obj\Debug\net10.0\compressed\6q4ix0tlsg-{0}-ya5jjh9lxk-ya5jjh9lxk.gz
         Processing compressed asset: D:\source\repos\donellmccoy\FormValidationExperiments\ECTSystem.Web\obj\Debug\net10.0\compressed\53i3c9ek5d-{0}-czes0k4x7b-czes0k4x7b.gz
         Processing compressed asset: D:\source\repos\donellmccoy\FormValidationExperiments\ECTSystem.Web\obj\Debug\net10.0\compressed\2k99p44jcs-{0}-tpsadyu7ul-tpsadyu7ul.gz
         Processing compressed asset: D:\source\repos\donellmccoy\FormValidationExperiments\ECTSystem.Web\obj\Debug\net10.0\compressed\8gb97tf24y-{0}-zh9llui9wt-zh9llui9wt.gz
         Processing compressed asset: D:\source\repos\donellmccoy\FormValidationExperiments\ECTSystem.Web\obj\Debug\net10.0\compressed\rsl3ybkx1e-{0}-wbofut26dc-wbofut26dc.gz
         Processing compressed asset: D:\source\repos\donellmccoy\FormValidationExperiments\ECTSystem.Web\obj\Debug\net10.0\compressed\hyn793knqi-{0}-77fpsnyqm1-77fpsnyqm1.gz
         Processing compressed asset: D:\source\repos\donellmccoy\FormValidationExperiments\ECTSystem.Web\obj\Debug\net10.0\compressed\ptqauacbkp-{0}-9hic17cyez-9hic17cyez.gz
         Processing compressed asset: D:\source\repos\donellmccoy\FormValidationExperiments\ECTSystem.Web\obj\Debug\net10.0\compressed\oibtp3bc1q-{0}-chhix0v2ww-chhix0v2ww.gz
         Processing compressed asset: D:\source\repos\donellmccoy\FormValidationExperiments\ECTSystem.Web\obj\Debug\net10.0\compressed\uvqi77yb04-{0}-hjuhjeexw9-hjuhjeexw9.gz
         Processing compressed asset: D:\source\repos\donellmccoy\FormValidationExperiments\ECTSystem.Web\obj\Debug\net10.0\compressed\w22virkbcw-{0}-bgo5wowxjs-bgo5wowxjs.gz
         Processing compressed asset: D:\source\repos\donellmccoy\FormValidationExperiments\ECTSystem.Web\obj\Debug\net10.0\compressed\6fce8d4g10-{0}-hwcb405m6v-hwcb405m6v.gz
         Processing compressed asset: D:\source\repos\donellmccoy\FormValidationExperiments\ECTSystem.Web\obj\Debug\net10.0\compressed\0hp4vutske-{0}-e12aoin6r0-e12aoin6r0.gz
         Processing compressed asset: D:\source\repos\donellmccoy\FormValidationExperiments\ECTSystem.Web\obj\Debug\net10.0\compressed\v7sojjzmqh-{0}-0l1hebbunv-0l1hebbunv.gz
         Processing compressed asset: D:\source\repos\donellmccoy\FormValidationExperiments\ECTSystem.Web\obj\Debug\net10.0\compressed\h4t35vs29w-{0}-452y5fjxmv-452y5fjxmv.gz
         Processing compressed asset: D:\source\repos\donellmccoy\FormValidationExperiments\ECTSystem.Web\obj\Debug\net10.0\compressed\bwdt1716r5-{0}-re3geseai5-re3geseai5.gz
         Processing compressed asset: D:\source\repos\donellmccoy\FormValidationExperiments\ECTSystem.Web\obj\Debug\net10.0\compressed\vskosmm08l-{0}-91iw3j3d9p-91iw3j3d9p.gz
         Processing compressed asset: D:\source\repos\donellmccoy\FormValidationExperiments\ECTSystem.Web\obj\Debug\net10.0\compressed\9tqqe1ib84-{0}-2mjytoh92q-2mjytoh92q.gz
         Processing compressed asset: D:\source\repos\donellmccoy\FormValidationExperiments\ECTSystem.Web\obj\Debug\net10.0\compressed\iwxysxo9np-{0}-yz8nt3ycsq-yz8nt3ycsq.gz
         Processing compressed asset: D:\source\repos\donellmccoy\FormValidationExperiments\ECTSystem.Web\obj\Debug\net10.0\compressed\u1gdgynx9h-{0}-uwq3fpef1w-uwq3fpef1w.gz
         Processing compressed asset: D:\source\repos\donellmccoy\FormValidationExperiments\ECTSystem.Web\obj\Debug\net10.0\compressed\20zildyrdo-{0}-m4yhcvz2y2-m4yhcvz2y2.gz
         Processing compressed asset: D:\source\repos\donellmccoy\FormValidationExperiments\ECTSystem.Web\obj\Debug\net10.0\compressed\h51vta1wqv-{0}-1zv6wuzklu-1zv6wuzklu.gz
         Processing compressed asset: D:\source\repos\donellmccoy\FormValidationExperiments\ECTSystem.Web\obj\Debug\net10.0\compressed\bj4739p398-{0}-6uzpuv4o5d-6uzpuv4o5d.gz
         Processing compressed asset: D:\source\repos\donellmccoy\FormValidationExperiments\ECTSystem.Web\obj\Debug\net10.0\compressed\3vf1kpytnq-{0}-k5rgagff9o-k5rgagff9o.gz
         Processing compressed asset: D:\source\repos\donellmccoy\FormValidationExperiments\ECTSystem.Web\obj\Debug\net10.0\compressed\a1kge7kb61-{0}-84wojkejb4-84wojkejb4.gz
         Processing compressed asset: D:\source\repos\donellmccoy\FormValidationExperiments\ECTSystem.Web\obj\Debug\net10.0\compressed\8wgu91r1rk-{0}-63jrcion39-63jrcion39.gz
         Processing compressed asset: D:\source\repos\donellmccoy\FormValidationExperiments\ECTSystem.Web\obj\Debug\net10.0\compressed\ks2n4gyv0r-{0}-cjsvkufomv-cjsvkufomv.gz
         Processing compressed asset: D:\source\repos\donellmccoy\FormValidationExperiments\ECTSystem.Web\obj\Debug\net10.0\compressed\hkbqzs2i26-{0}-vpng0qt4u6-vpng0qt4u6.gz
         Processing compressed asset: D:\source\repos\donellmccoy\FormValidationExperiments\ECTSystem.Web\obj\Debug\net10.0\compressed\mjjnt8581z-{0}-en4q13ibd5-en4q13ibd5.gz
         Processing compressed asset: D:\source\repos\donellmccoy\FormValidationExperiments\ECTSystem.Web\obj\Debug\net10.0\compressed\bcqbhbwjt6-{0}-u0y5oi3qdg-u0y5oi3qdg.gz
         Processing compressed asset: D:\source\repos\donellmccoy\FormValidationExperiments\ECTSystem.Web\obj\Debug\net10.0\compressed\4b8fwd9u5z-{0}-e2hbv9lola-e2hbv9lola.gz
         Processing compressed asset: D:\source\repos\donellmccoy\FormValidationExperiments\ECTSystem.Web\obj\Debug\net10.0\compressed\d5tq2dpqyd-{0}-m11rh1qn2x-m11rh1qn2x.gz
         Processing compressed asset: D:\source\repos\donellmccoy\FormValidationExperiments\ECTSystem.Web\obj\Debug\net10.0\compressed\7twb2mtlh0-{0}-j8qjkqg593-j8qjkqg593.gz
         Processing compressed asset: D:\source\repos\donellmccoy\FormValidationExperiments\ECTSystem.Web\obj\Debug\net10.0\compressed\g2xtjwi3bv-{0}-x9at0eh4vs-x9at0eh4vs.gz
         Processing compressed asset: D:\source\repos\donellmccoy\FormValidationExperiments\ECTSystem.Web\obj\Debug\net10.0\compressed\gvh9dc9nvf-{0}-ickp29885z-ickp29885z.gz
         Processing compressed asset: D:\source\repos\donellmccoy\FormValidationExperiments\ECTSystem.Web\obj\Debug\net10.0\compressed\6fhrimm7qy-{0}-4wisaz8pj4-4wisaz8pj4.gz
         Processing compressed asset: D:\source\repos\donellmccoy\FormValidationExperiments\ECTSystem.Web\obj\Debug\net10.0\compressed\tskf43jz7q-{0}-904tnen1ot-904tnen1ot.gz
         Processing compressed asset: D:\source\repos\donellmccoy\FormValidationExperiments\ECTSystem.Web\obj\Debug\net10.0\compressed\i7b6hoi66w-{0}-0h75nr7qqd-0h75nr7qqd.gz
         Processing compressed asset: D:\source\repos\donellmccoy\FormValidationExperiments\ECTSystem.Web\obj\Debug\net10.0\compressed\mrwlhuy16l-{0}-z1eotzj35n-z1eotzj35n.gz
         Processing compressed asset: D:\source\repos\donellmccoy\FormValidationExperiments\ECTSystem.Web\obj\Debug\net10.0\compressed\hvupvoz043-{0}-aeh9b1tcuc-aeh9b1tcuc.gz
         Processing compressed asset: D:\source\repos\donellmccoy\FormValidationExperiments\ECTSystem.Web\obj\Debug\net10.0\compressed\f3qbtlr0my-{0}-ou2dt7nfo2-ou2dt7nfo2.gz
         Processing compressed asset: D:\source\repos\donellmccoy\FormValidationExperiments\ECTSystem.Web\obj\Debug\net10.0\compressed\smt3ja054t-{0}-kv9gl8mgag-kv9gl8mgag.gz
         Processing compressed asset: D:\source\repos\donellmccoy\FormValidationExperiments\ECTSystem.Web\obj\Debug\net10.0\compressed\wx5bexteey-{0}-lqtqkmw274-lqtqkmw274.gz
         Processing compressed asset: D:\source\repos\donellmccoy\FormValidationExperiments\ECTSystem.Web\obj\Debug\net10.0\compressed\hqg6gnwovq-{0}-wvlboxd9cz-wvlboxd9cz.gz
         Processing compressed asset: D:\source\repos\donellmccoy\FormValidationExperiments\ECTSystem.Web\obj\Debug\net10.0\compressed\mi58pmxtt3-{0}-mx5w1z1p6w-mx5w1z1p6w.gz
         Processing compressed asset: D:\source\repos\donellmccoy\FormValidationExperiments\ECTSystem.Web\obj\Debug\net10.0\compressed\usxbfkvgsk-{0}-862j1ozg5o-862j1ozg5o.gz
         Processing compressed asset: D:\source\repos\donellmccoy\FormValidationExperiments\ECTSystem.Web\obj\Debug\net10.0\compressed\2blhb2mfzv-{0}-j08okd90mo-j08okd90mo.gz
         Processing compressed asset: D:\source\repos\donellmccoy\FormValidationExperiments\ECTSystem.Web\obj\Debug\net10.0\compressed\6o1g3g8ai2-{0}-bnz7jo4op8-bnz7jo4op8.gz
         Processing compressed asset: D:\source\repos\donellmccoy\FormValidationExperiments\ECTSystem.Web\obj\Debug\net10.0\compressed\8nosw3ced3-{0}-k3z431p3v7-k3z431p3v7.gz
         Processing compressed asset: D:\source\repos\donellmccoy\FormValidationExperiments\ECTSystem.Web\obj\Debug\net10.0\compressed\1764zfsu26-{0}-v0usa2s224-v0usa2s224.gz
         Processing compressed asset: D:\source\repos\donellmccoy\FormValidationExperiments\ECTSystem.Web\obj\Debug\net10.0\compressed\mu7s186gaw-{0}-iktlm0yhdx-iktlm0yhdx.gz
         Processing compressed asset: D:\source\repos\donellmccoy\FormValidationExperiments\ECTSystem.Web\obj\Debug\net10.0\compressed\la69066su6-{0}-9iyl1hnh76-9iyl1hnh76.gz
         Processing compressed asset: D:\source\repos\donellmccoy\FormValidationExperiments\ECTSystem.Web\obj\Debug\net10.0\compressed\9kqtvo63as-{0}-9ikmelhi7g-9ikmelhi7g.gz
         Processing compressed asset: D:\source\repos\donellmccoy\FormValidationExperiments\ECTSystem.Web\obj\Debug\net10.0\compressed\njyyr19dvi-{0}-e8yl47y6cv-e8yl47y6cv.gz
         Processing compressed asset: D:\source\repos\donellmccoy\FormValidationExperiments\ECTSystem.Web\obj\Debug\net10.0\compressed\rtf315wpwf-{0}-fvxkfs32tv-fvxkfs32tv.gz
         Processing compressed asset: D:\source\repos\donellmccoy\FormValidationExperiments\ECTSystem.Web\obj\Debug\net10.0\compressed\2j4a092qtu-{0}-4ulc930few-4ulc930few.gz
         Processing compressed asset: D:\source\repos\donellmccoy\FormValidationExperiments\ECTSystem.Web\obj\Debug\net10.0\compressed\43zpd4l2cj-{0}-ibxx4kh8c6-ibxx4kh8c6.gz
         Processing compressed asset: D:\source\repos\donellmccoy\FormValidationExperiments\ECTSystem.Web\obj\Debug\net10.0\compressed\jio276isbp-{0}-bselp9vv9w-bselp9vv9w.gz
         Processing compressed asset: D:\source\repos\donellmccoy\FormValidationExperiments\ECTSystem.Web\obj\Debug\net10.0\compressed\wz0odtulf5-{0}-b0ha8vyo8i-b0ha8vyo8i.gz
         Processing compressed asset: D:\source\repos\donellmccoy\FormValidationExperiments\ECTSystem.Web\obj\Debug\net10.0\compressed\59ztug4svr-{0}-sgbc42zrd8-sgbc42zrd8.gz
         Processing compressed asset: D:\source\repos\donellmccoy\FormValidationExperiments\ECTSystem.Web\obj\Debug\net10.0\compressed\w7aefx5wwm-{0}-oi9xn5s0h3-oi9xn5s0h3.gz
         Processing compressed asset: D:\source\repos\donellmccoy\FormValidationExperiments\ECTSystem.Web\obj\Debug\net10.0\compressed\7mo5qww314-{0}-fi1uhp9255-fi1uhp9255.gz
         Processing compressed asset: D:\source\repos\donellmccoy\FormValidationExperiments\ECTSystem.Web\obj\Debug\net10.0\compressed\vblx14xt0k-{0}-6j2ed42ac7-6j2ed42ac7.gz
         Processing compressed asset: D:\source\repos\donellmccoy\FormValidationExperiments\ECTSystem.Web\obj\Debug\net10.0\compressed\ba3mcllw40-{0}-v9i07bnq2k-v9i07bnq2k.gz
         Processing compressed asset: D:\source\repos\donellmccoy\FormValidationExperiments\ECTSystem.Web\obj\Debug\net10.0\compressed\sxuo6y9vzz-{0}-fktu0k4b93-fktu0k4b93.gz
         Processing compressed asset: D:\source\repos\donellmccoy\FormValidationExperiments\ECTSystem.Web\obj\Debug\net10.0\compressed\ej1beayeld-{0}-8ll4gxwfs1-8ll4gxwfs1.gz
         Processing compressed asset: D:\source\repos\donellmccoy\FormValidationExperiments\ECTSystem.Web\obj\Debug\net10.0\compressed\6ncrisqsiu-{0}-6do4olk7ib-6do4olk7ib.gz
         Processing compressed asset: D:\source\repos\donellmccoy\FormValidationExperiments\ECTSystem.Web\obj\Debug\net10.0\compressed\dx86hy9lpw-{0}-21z0t9w6sq-21z0t9w6sq.gz
         Processing compressed asset: D:\source\repos\donellmccoy\FormValidationExperiments\ECTSystem.Web\obj\Debug\net10.0\compressed\6g1s4yle0n-{0}-5lvzz4lks7-5lvzz4lks7.gz
         Processing compressed asset: D:\source\repos\donellmccoy\FormValidationExperiments\ECTSystem.Web\obj\Debug\net10.0\compressed\fqb2wdm0o5-{0}-xosph8vk4a-xosph8vk4a.gz
         Processing compressed asset: D:\source\repos\donellmccoy\FormValidationExperiments\ECTSystem.Web\obj\Debug\net10.0\compressed\k7t47yijr7-{0}-d1pja42pyi-d1pja42pyi.gz
         Processing compressed asset: D:\source\repos\donellmccoy\FormValidationExperiments\ECTSystem.Web\obj\Debug\net10.0\compressed\r8ufj7g0ma-{0}-i9g92fmb9y-i9g92fmb9y.gz
         Processing compressed asset: D:\source\repos\donellmccoy\FormValidationExperiments\ECTSystem.Web\obj\Debug\net10.0\compressed\3g9cnzyww9-{0}-4m1mh525k0-4m1mh525k0.gz
         Processing compressed asset: D:\source\repos\donellmccoy\FormValidationExperiments\ECTSystem.Web\obj\Debug\net10.0\compressed\q4ifotvccj-{0}-4nat0rber0-4nat0rber0.gz
         Processing compressed asset: D:\source\repos\donellmccoy\FormValidationExperiments\ECTSystem.Web\obj\Debug\net10.0\compressed\calw5hd3k6-{0}-qf7zemz9aw-qf7zemz9aw.gz
         Processing compressed asset: D:\source\repos\donellmccoy\FormValidationExperiments\ECTSystem.Web\obj\Debug\net10.0\compressed\h3o6zftyvc-{0}-vwinf8twbn-vwinf8twbn.gz
         Processing compressed asset: D:\source\repos\donellmccoy\FormValidationExperiments\ECTSystem.Web\obj\Debug\net10.0\compressed\k5rmfyq224-{0}-rp2jklkmsi-rp2jklkmsi.gz
         Processing compressed asset: D:\source\repos\donellmccoy\FormValidationExperiments\ECTSystem.Web\obj\Debug\net10.0\compressed\zqwlxl0bzj-{0}-3r0soomurg-3r0soomurg.gz
         Processing compressed asset: D:\source\repos\donellmccoy\FormValidationExperiments\ECTSystem.Web\obj\Debug\net10.0\compressed\4et2jf2v2m-{0}-t9gqpmtbpb-t9gqpmtbpb.gz
         Processing compressed asset: D:\source\repos\donellmccoy\FormValidationExperiments\ECTSystem.Web\obj\Debug\net10.0\compressed\48ssz01eo3-{0}-9rl4gopayw-9rl4gopayw.gz
         Processing compressed asset: D:\source\repos\donellmccoy\FormValidationExperiments\ECTSystem.Web\obj\Debug\net10.0\compressed\m5cx5kkvl4-{0}-zg37o92yol-zg37o92yol.gz
         Processing compressed asset: D:\source\repos\donellmccoy\FormValidationExperiments\ECTSystem.Web\obj\Debug\net10.0\compressed\7ow6n89k7e-{0}-qk214miut2-qk214miut2.gz
         Processing compressed asset: D:\source\repos\donellmccoy\FormValidationExperiments\ECTSystem.Web\obj\Debug\net10.0\compressed\xu6el74ysl-{0}-50dzekuu9x-50dzekuu9x.gz
         Processing compressed asset: D:\source\repos\donellmccoy\FormValidationExperiments\ECTSystem.Web\obj\Debug\net10.0\compressed\k6a6m5ruys-{0}-k8343mqust-k8343mqust.gz
         Processing compressed asset: D:\source\repos\donellmccoy\FormValidationExperiments\ECTSystem.Web\obj\Debug\net10.0\compressed\yqx900ec5a-{0}-00vh2kvsiz-00vh2kvsiz.gz
         Processing compressed asset: D:\source\repos\donellmccoy\FormValidationExperiments\ECTSystem.Web\obj\Debug\net10.0\compressed\zdwcroglin-{0}-whs5oed1wm-whs5oed1wm.gz
         Processing compressed asset: D:\source\repos\donellmccoy\FormValidationExperiments\ECTSystem.Web\obj\Debug\net10.0\compressed\tiahxwz31n-{0}-grloe2ix5j-grloe2ix5j.gz
         Processing compressed asset: D:\source\repos\donellmccoy\FormValidationExperiments\ECTSystem.Web\obj\Debug\net10.0\compressed\505yerqr0i-{0}-r8ar2pd94c-r8ar2pd94c.gz
         Processing compressed asset: D:\source\repos\donellmccoy\FormValidationExperiments\ECTSystem.Web\obj\Debug\net10.0\compressed\m41gz86xft-{0}-yn3zcskz4j-yn3zcskz4j.gz
         Processing compressed asset: D:\source\repos\donellmccoy\FormValidationExperiments\ECTSystem.Web\obj\Debug\net10.0\compressed\00wtgdd9tq-{0}-37wbq4jfsy-37wbq4jfsy.gz
         Processing compressed asset: D:\source\repos\donellmccoy\FormValidationExperiments\ECTSystem.Web\obj\Debug\net10.0\compressed\935vjtb4pt-{0}-j436yqvrg9-j436yqvrg9.gz
         Processing compressed asset: D:\source\repos\donellmccoy\FormValidationExperiments\ECTSystem.Web\obj\Debug\net10.0\compressed\ofpkf523o8-{0}-utzdm9sw2p-utzdm9sw2p.gz
         Processing compressed asset: D:\source\repos\donellmccoy\FormValidationExperiments\ECTSystem.Web\obj\Debug\net10.0\compressed\g15b5rsx89-{0}-e5a4gx4ylt-e5a4gx4ylt.gz
         Processing compressed asset: D:\source\repos\donellmccoy\FormValidationExperiments\ECTSystem.Web\obj\Debug\net10.0\compressed\vqqji6difh-{0}-rbzkmij005-rbzkmij005.gz
         Processing compressed asset: D:\source\repos\donellmccoy\FormValidationExperiments\ECTSystem.Web\obj\Debug\net10.0\compressed\olnx549v44-{0}-38jcv8jeeu-38jcv8jeeu.gz
         Processing compressed asset: D:\source\repos\donellmccoy\FormValidationExperiments\ECTSystem.Web\obj\Debug\net10.0\compressed\tu8dulj2i6-{0}-nv5izr3rt6-nv5izr3rt6.gz
         Processing compressed asset: D:\source\repos\donellmccoy\FormValidationExperiments\ECTSystem.Web\obj\Debug\net10.0\compressed\g3im30cu7s-{0}-hdzn84g6uh-hdzn84g6uh.gz
         Processing compressed asset: D:\source\repos\donellmccoy\FormValidationExperiments\ECTSystem.Web\obj\Debug\net10.0\compressed\5umffnuom5-{0}-zku96ychk7-zku96ychk7.gz
         Processing compressed asset: D:\source\repos\donellmccoy\FormValidationExperiments\ECTSystem.Web\obj\Debug\net10.0\compressed\0fflh5daqd-{0}-1l8xruz8uh-1l8xruz8uh.gz
         Processing compressed asset: D:\source\repos\donellmccoy\FormValidationExperiments\ECTSystem.Web\obj\Debug\net10.0\compressed\fvcpjnqq99-{0}-on9qk50okp-on9qk50okp.gz
         Processing compressed asset: D:\source\repos\donellmccoy\FormValidationExperiments\ECTSystem.Web\obj\Debug\net10.0\compressed\ch3epbis75-{0}-4omhtq90sd-4omhtq90sd.gz
         Processing compressed asset: D:\source\repos\donellmccoy\FormValidationExperiments\ECTSystem.Web\obj\Debug\net10.0\compressed\0haf0hzgvl-{0}-zlwtcvnuqv-zlwtcvnuqv.gz
         Processing compressed asset: D:\source\repos\donellmccoy\FormValidationExperiments\ECTSystem.Web\obj\Debug\net10.0\compressed\kedg8gsqki-{0}-clehp4avpy-clehp4avpy.gz
         Processing compressed asset: D:\source\repos\donellmccoy\FormValidationExperiments\ECTSystem.Web\obj\Debug\net10.0\compressed\5heiw67n85-{0}-ga3n3gh9b6-ga3n3gh9b6.gz
         Processing compressed asset: D:\source\repos\donellmccoy\FormValidationExperiments\ECTSystem.Web\obj\Debug\net10.0\compressed\yli873p9v8-{0}-g9rvjereoe-g9rvjereoe.gz
         Processing compressed asset: D:\source\repos\donellmccoy\FormValidationExperiments\ECTSystem.Web\obj\Debug\net10.0\compressed\msa6alh801-{0}-b7qn4zpc0q-b7qn4zpc0q.gz
         Processing compressed asset: D:\source\repos\donellmccoy\FormValidationExperiments\ECTSystem.Web\obj\Debug\net10.0\compressed\vwb19x5djz-{0}-x0vkqyycss-x0vkqyycss.gz
         Processing compressed asset: D:\source\repos\donellmccoy\FormValidationExperiments\ECTSystem.Web\obj\Debug\net10.0\compressed\26dmqnev6b-{0}-3tzjd7znni-3tzjd7znni.gz
         Processing compressed asset: D:\source\repos\donellmccoy\FormValidationExperiments\ECTSystem.Web\obj\Debug\net10.0\compressed\onpq1dpbgb-{0}-3t7flfwg7o-3t7flfwg7o.gz
         Processing compressed asset: D:\source\repos\donellmccoy\FormValidationExperiments\ECTSystem.Web\obj\Debug\net10.0\compressed\dlvhhx8qdx-{0}-ymwga5opgl-ymwga5opgl.gz
         Processing compressed asset: D:\source\repos\donellmccoy\FormValidationExperiments\ECTSystem.Web\obj\Debug\net10.0\compressed\42hazryd90-{0}-9lgg9wjd2a-9lgg9wjd2a.gz
         Processing compressed asset: D:\source\repos\donellmccoy\FormValidationExperiments\ECTSystem.Web\obj\Debug\net10.0\compressed\vwmd6ki9cz-{0}-n2ngq6as7g-n2ngq6as7g.gz
         Processing compressed asset: D:\source\repos\donellmccoy\FormValidationExperiments\ECTSystem.Web\obj\Debug\net10.0\compressed\1wknz4wbqk-{0}-ivmzcfvrc6-ivmzcfvrc6.gz
         Processing compressed asset: D:\source\repos\donellmccoy\FormValidationExperiments\ECTSystem.Web\obj\Debug\net10.0\compressed\22qlttsdgo-{0}-v4mfyzbte8-v4mfyzbte8.gz
         Processing compressed asset: D:\source\repos\donellmccoy\FormValidationExperiments\ECTSystem.Web\obj\Debug\net10.0\compressed\u9kt7qez7t-{0}-c9z9nieytf-c9z9nieytf.gz
         Processing compressed asset: D:\source\repos\donellmccoy\FormValidationExperiments\ECTSystem.Web\obj\Debug\net10.0\compressed\k41w6mxkkg-{0}-f3fiwdwb50-f3fiwdwb50.gz
         Processing compressed asset: D:\source\repos\donellmccoy\FormValidationExperiments\ECTSystem.Web\obj\Debug\net10.0\compressed\075febvwwd-{0}-tx9namivq6-tx9namivq6.gz
         Processing compressed asset: D:\source\repos\donellmccoy\FormValidationExperiments\ECTSystem.Web\obj\Debug\net10.0\compressed\8bt20fmvgf-{0}-ddbsai2xh9-ddbsai2xh9.gz
         Processing compressed asset: D:\source\repos\donellmccoy\FormValidationExperiments\ECTSystem.Web\obj\Debug\net10.0\compressed\tgxd8suuz2-{0}-f4fqaba1oz-f4fqaba1oz.gz
         Processing compressed asset: D:\source\repos\donellmccoy\FormValidationExperiments\ECTSystem.Web\obj\Debug\net10.0\compressed\s1g3xnalwm-{0}-kpe61fymig-kpe61fymig.gz
         Processing compressed asset: D:\source\repos\donellmccoy\FormValidationExperiments\ECTSystem.Web\obj\Debug\net10.0\compressed\hfjrnhuyoa-{0}-ythr5w8c2e-ythr5w8c2e.gz
         Processing compressed asset: D:\source\repos\donellmccoy\FormValidationExperiments\ECTSystem.Web\obj\Debug\net10.0\compressed\vrvlrqpi4h-{0}-e3fl2oogjk-e3fl2oogjk.gz
         Processing compressed asset: D:\source\repos\donellmccoy\FormValidationExperiments\ECTSystem.Web\obj\Debug\net10.0\compressed\epvz3m4t6r-{0}-a0v88kqnif-a0v88kqnif.gz
         Processing compressed asset: D:\source\repos\donellmccoy\FormValidationExperiments\ECTSystem.Web\obj\Debug\net10.0\compressed\s38jttaise-{0}-pez04wd9mo-pez04wd9mo.gz
         Processing compressed asset: D:\source\repos\donellmccoy\FormValidationExperiments\ECTSystem.Web\obj\Debug\net10.0\compressed\jx9p5q1yg8-{0}-xy5d3j3dn1-xy5d3j3dn1.gz
         Processing compressed asset: D:\source\repos\donellmccoy\FormValidationExperiments\ECTSystem.Web\obj\Debug\net10.0\compressed\a3uvcrevow-{0}-mmwsbcsgly-mmwsbcsgly.gz
         Processing compressed asset: D:\source\repos\donellmccoy\FormValidationExperiments\ECTSystem.Web\obj\Debug\net10.0\compressed\lkuaa58tkb-{0}-qfpmfujegm-qfpmfujegm.gz
         Processing compressed asset: D:\source\repos\donellmccoy\FormValidationExperiments\ECTSystem.Web\obj\Debug\net10.0\compressed\v9qthdilmt-{0}-k6ze2203p2-k6ze2203p2.gz
         Processing compressed asset: D:\source\repos\donellmccoy\FormValidationExperiments\ECTSystem.Web\obj\Debug\net10.0\compressed\5zjicfme18-{0}-4mxo8hy5cn-4mxo8hy5cn.gz
         Processing compressed asset: D:\source\repos\donellmccoy\FormValidationExperiments\ECTSystem.Web\obj\Debug\net10.0\compressed\dkio9b55oe-{0}-9n1yusa5e5-9n1yusa5e5.gz
         Processing compressed asset: D:\source\repos\donellmccoy\FormValidationExperiments\ECTSystem.Web\obj\Debug\net10.0\compressed\whjxxensak-{0}-4dnz7b15a9-4dnz7b15a9.gz
         Processing compressed asset: D:\source\repos\donellmccoy\FormValidationExperiments\ECTSystem.Web\obj\Debug\net10.0\compressed\fjz0citqwd-{0}-dyaxkkx3lb-dyaxkkx3lb.gz
         Processing compressed asset: D:\source\repos\donellmccoy\FormValidationExperiments\ECTSystem.Web\obj\Debug\net10.0\compressed\ajkrouvvqn-{0}-20t5iw27a6-20t5iw27a6.gz
         Processing compressed asset: D:\source\repos\donellmccoy\FormValidationExperiments\ECTSystem.Web\obj\Debug\net10.0\compressed\ouwgxx6r8r-{0}-0lu5m0tfx2-0lu5m0tfx2.gz
         Processing compressed asset: D:\source\repos\donellmccoy\FormValidationExperiments\ECTSystem.Web\obj\Debug\net10.0\compressed\v25wbi1mf0-{0}-4m4pzjxi3g-4m4pzjxi3g.gz
         Processing compressed asset: D:\source\repos\donellmccoy\FormValidationExperiments\ECTSystem.Web\obj\Debug\net10.0\compressed\fslvcu1bsc-{0}-7bcdd4uolu-7bcdd4uolu.gz
         Processing compressed asset: D:\source\repos\donellmccoy\FormValidationExperiments\ECTSystem.Web\obj\Debug\net10.0\compressed\bnmehaayaq-{0}-dmew7c9amv-dmew7c9amv.gz
         Processing compressed asset: D:\source\repos\donellmccoy\FormValidationExperiments\ECTSystem.Web\obj\Debug\net10.0\compressed\g8nt4m2j6d-{0}-7ssqvw2wfy-7ssqvw2wfy.gz
         Processing compressed asset: D:\source\repos\donellmccoy\FormValidationExperiments\ECTSystem.Web\obj\Debug\net10.0\compressed\oqwkbp1kvq-{0}-j5dp7k8x6u-j5dp7k8x6u.gz
         Processing compressed asset: D:\source\repos\donellmccoy\FormValidationExperiments\ECTSystem.Web\obj\Debug\net10.0\compressed\3jipjtodgq-{0}-7weoywtuje-7weoywtuje.gz
         Processing compressed asset: D:\source\repos\donellmccoy\FormValidationExperiments\ECTSystem.Web\obj\Debug\net10.0\compressed\hoywgxui4d-{0}-snpv53zusk-snpv53zusk.gz
         Processing compressed asset: D:\source\repos\donellmccoy\FormValidationExperiments\ECTSystem.Web\obj\Debug\net10.0\compressed\9oozp3j04k-{0}-3f1khl8k32-3f1khl8k32.gz
         Processing compressed asset: D:\source\repos\donellmccoy\FormValidationExperiments\ECTSystem.Web\obj\Debug\net10.0\compressed\1v7ke601y7-{0}-a95c1olw0i-a95c1olw0i.gz
         Processing compressed asset: D:\source\repos\donellmccoy\FormValidationExperiments\ECTSystem.Web\obj\Debug\net10.0\compressed\ilzq2ywruv-{0}-8bhn50uz8f-8bhn50uz8f.gz
         Processing compressed asset: D:\source\repos\donellmccoy\FormValidationExperiments\ECTSystem.Web\obj\Debug\net10.0\compressed\x3kn3vaeta-{0}-lzl7igry1t-lzl7igry1t.gz
         Processing compressed asset: D:\source\repos\donellmccoy\FormValidationExperiments\ECTSystem.Web\obj\Debug\net10.0\compressed\6495a6gpdg-{0}-unp0hcfijn-unp0hcfijn.gz
         Processing compressed asset: D:\source\repos\donellmccoy\FormValidationExperiments\ECTSystem.Web\obj\Debug\net10.0\compressed\tmy0mjumob-{0}-02r2ubft18-02r2ubft18.gz
         Processing compressed asset: D:\source\repos\donellmccoy\FormValidationExperiments\ECTSystem.Web\obj\Debug\net10.0\compressed\t8kfz0jwhf-{0}-38fu9w4dua-38fu9w4dua.gz
         Processing compressed asset: D:\source\repos\donellmccoy\FormValidationExperiments\ECTSystem.Web\obj\Debug\net10.0\compressed\e65d2p93v5-{0}-h1qtkesphd-h1qtkesphd.gz
         Processing compressed asset: D:\source\repos\donellmccoy\FormValidationExperiments\ECTSystem.Web\obj\Debug\net10.0\compressed\xhd8k0d5z7-{0}-j8lrpban8m-j8lrpban8m.gz
         Processing compressed asset: D:\source\repos\donellmccoy\FormValidationExperiments\ECTSystem.Web\obj\Debug\net10.0\compressed\yrz2ive1cn-{0}-nfbg9v9bn0-nfbg9v9bn0.gz
         Processing compressed asset: D:\source\repos\donellmccoy\FormValidationExperiments\ECTSystem.Web\obj\Debug\net10.0\compressed\9ufxzoiu2a-{0}-jrzo6stg1k-jrzo6stg1k.gz
         Processing compressed asset: D:\source\repos\donellmccoy\FormValidationExperiments\ECTSystem.Web\obj\Debug\net10.0\compressed\dbeikknv9a-{0}-47ucbn1gg1-47ucbn1gg1.gz
         Processing compressed asset: D:\source\repos\donellmccoy\FormValidationExperiments\ECTSystem.Web\obj\Debug\net10.0\compressed\i1a8zx9h7e-{0}-cig01jt23c-cig01jt23c.gz
         Processing compressed asset: D:\source\repos\donellmccoy\FormValidationExperiments\ECTSystem.Web\obj\Debug\net10.0\compressed\yh5guka4fy-{0}-pl50n6qbg7-pl50n6qbg7.gz
         Processing compressed asset: D:\source\repos\donellmccoy\FormValidationExperiments\ECTSystem.Web\obj\Debug\net10.0\compressed\3y6hn9z0u3-{0}-mj3r9p0pcw-mj3r9p0pcw.gz
         Processing compressed asset: D:\source\repos\donellmccoy\FormValidationExperiments\ECTSystem.Web\obj\Debug\net10.0\compressed\8kngw3xugn-{0}-3jfxpyq4in-3jfxpyq4in.gz
         Processing compressed asset: D:\source\repos\donellmccoy\FormValidationExperiments\ECTSystem.Web\obj\Debug\net10.0\compressed\rcys32jzk4-{0}-2a6wq9gv6d-2a6wq9gv6d.gz
         Processing compressed asset: D:\source\repos\donellmccoy\FormValidationExperiments\ECTSystem.Web\obj\Debug\net10.0\compressed\d0gchbs68b-{0}-bw79ix589z-bw79ix589z.gz
         Processing compressed asset: D:\source\repos\donellmccoy\FormValidationExperiments\ECTSystem.Web\obj\Debug\net10.0\compressed\d4vu1ykjxy-{0}-nvnhbwdsg6-nvnhbwdsg6.gz
         Processing compressed asset: D:\source\repos\donellmccoy\FormValidationExperiments\ECTSystem.Web\obj\Debug\net10.0\compressed\sykaa2laqk-{0}-szsdminork-szsdminork.gz
         Processing compressed asset: D:\source\repos\donellmccoy\FormValidationExperiments\ECTSystem.Web\obj\Debug\net10.0\compressed\pmcuvw6otb-{0}-b9imguls9w-b9imguls9w.gz
         Processing compressed asset: D:\source\repos\donellmccoy\FormValidationExperiments\ECTSystem.Web\obj\Debug\net10.0\compressed\mri6o8y8b1-{0}-8hg6c0at0c-8hg6c0at0c.gz
         Processing compressed asset: D:\source\repos\donellmccoy\FormValidationExperiments\ECTSystem.Web\obj\Debug\net10.0\compressed\ov4n2wueo5-{0}-g7i5gd64yo-g7i5gd64yo.gz
         Processing compressed asset: D:\source\repos\donellmccoy\FormValidationExperiments\ECTSystem.Web\obj\Debug\net10.0\compressed\x3nfnq3egb-{0}-11wk1hhnfk-11wk1hhnfk.gz
         Processing compressed asset: D:\source\repos\donellmccoy\FormValidationExperiments\ECTSystem.Web\obj\Debug\net10.0\compressed\7m3h4epq8w-{0}-isetn6xlxa-isetn6xlxa.gz
         Processing compressed asset: D:\source\repos\donellmccoy\FormValidationExperiments\ECTSystem.Web\obj\Debug\net10.0\compressed\hub3oaj2hd-{0}-okgnp5v9bw-okgnp5v9bw.gz
         Processing compressed asset: D:\source\repos\donellmccoy\FormValidationExperiments\ECTSystem.Web\obj\Debug\net10.0\compressed\xh9hkaq9i3-{0}-zjgi7nrlno-zjgi7nrlno.gz
         Processing compressed asset: D:\source\repos\donellmccoy\FormValidationExperiments\ECTSystem.Web\obj\Debug\net10.0\compressed\gpfdea38zq-{0}-7rk3uansaa-7rk3uansaa.gz
         Processing compressed asset: D:\source\repos\donellmccoy\FormValidationExperiments\ECTSystem.Web\obj\Debug\net10.0\compressed\9oqbh3iylt-{0}-wz82kkc1p3-wz82kkc1p3.gz
         Processing compressed asset: D:\source\repos\donellmccoy\FormValidationExperiments\ECTSystem.Web\obj\Debug\net10.0\compressed\d25v6npoxw-{0}-555t1ekkz8-555t1ekkz8.gz
         Processing compressed asset: D:\source\repos\donellmccoy\FormValidationExperiments\ECTSystem.Web\obj\Debug\net10.0\compressed\b2nnyq3cq6-{0}-0e3bjkca9m-0e3bjkca9m.gz
         Processing compressed asset: D:\source\repos\donellmccoy\FormValidationExperiments\ECTSystem.Web\obj\Debug\net10.0\compressed\2wyciyce2z-{0}-koxlwnosh6-koxlwnosh6.gz
         Processing compressed asset: D:\source\repos\donellmccoy\FormValidationExperiments\ECTSystem.Web\obj\Debug\net10.0\compressed\nczk3rxil3-{0}-clndu25lif-clndu25lif.gz
         Processing compressed asset: D:\source\repos\donellmccoy\FormValidationExperiments\ECTSystem.Web\obj\Debug\net10.0\compressed\pnsf01d0gj-{0}-ykrnppwhq2-ykrnppwhq2.gz
         Processing compressed asset: D:\source\repos\donellmccoy\FormValidationExperiments\ECTSystem.Web\obj\Debug\net10.0\compressed\n0pzkrbc09-{0}-53ez3dx5uy-53ez3dx5uy.gz
         Processing compressed asset: D:\source\repos\donellmccoy\FormValidationExperiments\ECTSystem.Web\obj\Debug\net10.0\compressed\cpjtjd3t7f-{0}-peu2mfb29t-peu2mfb29t.gz
         Processing compressed asset: D:\source\repos\donellmccoy\FormValidationExperiments\ECTSystem.Web\obj\Debug\net10.0\compressed\yrja4rjavn-{0}-pe34czp7g7-pe34czp7g7.gz
         Processing compressed asset: D:\source\repos\donellmccoy\FormValidationExperiments\ECTSystem.Web\obj\Debug\net10.0\compressed\d4gxi8uscn-{0}-lwayybchln-lwayybchln.gz
         Processing compressed asset: D:\source\repos\donellmccoy\FormValidationExperiments\ECTSystem.Web\obj\Debug\net10.0\compressed\6r4m6i5vje-{0}-i87u3da4xe-i87u3da4xe.gz
         Processing compressed asset: D:\source\repos\donellmccoy\FormValidationExperiments\ECTSystem.Web\obj\Debug\net10.0\compressed\riz7o6txdj-{0}-bzcztxg906-bzcztxg906.gz
         Processing compressed asset: D:\source\repos\donellmccoy\FormValidationExperiments\ECTSystem.Web\obj\Debug\net10.0\compressed\nzmkh0ci1v-{0}-tqz9dyg6j7-tqz9dyg6j7.gz
         Processing compressed asset: D:\source\repos\donellmccoy\FormValidationExperiments\ECTSystem.Web\obj\Debug\net10.0\compressed\llm44lxqr6-{0}-hyku0ejwye-hyku0ejwye.gz
         Processing compressed asset: D:\source\repos\donellmccoy\FormValidationExperiments\ECTSystem.Web\obj\Debug\net10.0\compressed\s0x82sxc3p-{0}-5j2hllj6bi-5j2hllj6bi.gz
         Processing compressed asset: D:\source\repos\donellmccoy\FormValidationExperiments\ECTSystem.Web\obj\Debug\net10.0\compressed\f5t4n072a3-{0}-s9ic8sulfi-s9ic8sulfi.gz
         Processing compressed asset: D:\source\repos\donellmccoy\FormValidationExperiments\ECTSystem.Web\obj\Debug\net10.0\compressed\c1kki6wrpy-{0}-ufbwknq582-ufbwknq582.gz
         Processing compressed asset: D:\source\repos\donellmccoy\FormValidationExperiments\ECTSystem.Web\obj\Debug\net10.0\compressed\2jaclh288a-{0}-y8l1kxazi5-y8l1kxazi5.gz
         Processing compressed asset: D:\source\repos\donellmccoy\FormValidationExperiments\ECTSystem.Web\obj\Debug\net10.0\compressed\fhkat1rjl4-{0}-5yw8jyjkyt-5yw8jyjkyt.gz
         Processing compressed asset: D:\source\repos\donellmccoy\FormValidationExperiments\ECTSystem.Web\obj\Debug\net10.0\compressed\83s419kl4d-{0}-5rp84ijz8t-5rp84ijz8t.gz
         Processing compressed asset: D:\source\repos\donellmccoy\FormValidationExperiments\ECTSystem.Web\obj\Debug\net10.0\compressed\e8lwkmfe8l-{0}-z84a0of3gc-z84a0of3gc.gz
         Processing compressed asset: D:\source\repos\donellmccoy\FormValidationExperiments\ECTSystem.Web\obj\Debug\net10.0\compressed\o7ej72sj20-{0}-1hqyf75c7q-1hqyf75c7q.gz
         Processing compressed asset: D:\source\repos\donellmccoy\FormValidationExperiments\ECTSystem.Web\obj\Debug\net10.0\compressed\l4eto4c8ju-{0}-p9bjzp5pyo-p9bjzp5pyo.gz
         Processing compressed asset: D:\source\repos\donellmccoy\FormValidationExperiments\ECTSystem.Web\obj\Debug\net10.0\compressed\u2wfnkw1dm-{0}-be076d6uos-be076d6uos.gz
         Processing compressed asset: D:\source\repos\donellmccoy\FormValidationExperiments\ECTSystem.Web\obj\Debug\net10.0\compressed\9pawogmopu-{0}-mpgzemyed2-mpgzemyed2.gz
         Processing compressed asset: D:\source\repos\donellmccoy\FormValidationExperiments\ECTSystem.Web\obj\Debug\net10.0\compressed\f8s0r1389f-{0}-b7hjew9l8i-b7hjew9l8i.gz
         Processing compressed asset: D:\source\repos\donellmccoy\FormValidationExperiments\ECTSystem.Web\obj\Debug\net10.0\compressed\r1sqplipov-{0}-0ycr47j6ov-0ycr47j6ov.gz
         Processing compressed asset: D:\source\repos\donellmccoy\FormValidationExperiments\ECTSystem.Web\obj\Debug\net10.0\compressed\6t3lvijj4b-{0}-tgkwkkq1be-tgkwkkq1be.gz
         Processing compressed asset: D:\source\repos\donellmccoy\FormValidationExperiments\ECTSystem.Web\obj\Debug\net10.0\compressed\e72srl2sv3-{0}-96honmlmct-96honmlmct.gz
         Processing compressed asset: D:\source\repos\donellmccoy\FormValidationExperiments\ECTSystem.Web\obj\Debug\net10.0\compressed\ij1ptatll4-{0}-zdinc1wo6g-zdinc1wo6g.gz
         Processing compressed asset: D:\source\repos\donellmccoy\FormValidationExperiments\ECTSystem.Web\obj\Debug\net10.0\compressed\g76pqese9o-{0}-yjc3y1bk49-yjc3y1bk49.gz
         Processing compressed asset: D:\source\repos\donellmccoy\FormValidationExperiments\ECTSystem.Web\obj\Debug\net10.0\compressed\3tz08ucs3z-{0}-qafrifugjr-qafrifugjr.gz
         Processing compressed asset: D:\source\repos\donellmccoy\FormValidationExperiments\ECTSystem.Web\obj\Debug\net10.0\compressed\sv7dcygva4-{0}-log61ajt28-log61ajt28.gz
         Processing compressed asset: D:\source\repos\donellmccoy\FormValidationExperiments\ECTSystem.Web\obj\Debug\net10.0\compressed\pis7llidsi-{0}-rq6fr0awtg-rq6fr0awtg.gz
         Processing compressed asset: D:\source\repos\donellmccoy\FormValidationExperiments\ECTSystem.Web\obj\Debug\net10.0\compressed\wr5rt2idnl-{0}-nftbn7gcfk-nftbn7gcfk.gz
         Processing compressed asset: D:\source\repos\donellmccoy\FormValidationExperiments\ECTSystem.Web\obj\Debug\net10.0\compressed\zt3qq05f71-{0}-hvilx8x6d4-hvilx8x6d4.gz
         Processing compressed asset: D:\source\repos\donellmccoy\FormValidationExperiments\ECTSystem.Web\obj\Debug\net10.0\compressed\ykol1ispkm-{0}-xr0hippj5z-xr0hippj5z.gz
         Processing compressed asset: D:\source\repos\donellmccoy\FormValidationExperiments\ECTSystem.Web\obj\Debug\net10.0\compressed\19r65sdffv-{0}-y1cse46x0j-y1cse46x0j.gz
         Processing compressed asset: D:\source\repos\donellmccoy\FormValidationExperiments\ECTSystem.Web\obj\Debug\net10.0\compressed\f9o902iofb-{0}-99zm1jdh75-99zm1jdh75.gz
         Processing compressed asset: D:\source\repos\donellmccoy\FormValidationExperiments\ECTSystem.Web\obj\Debug\net10.0\compressed\b9p5czqe9a-{0}-whqb1l4zue-whqb1l4zue.gz
         Processing compressed asset: D:\source\repos\donellmccoy\FormValidationExperiments\ECTSystem.Web\obj\Debug\net10.0\compressed\q2w9w4oq5r-{0}-nla4dzqv36-nla4dzqv36.gz
         Processing compressed asset: D:\source\repos\donellmccoy\FormValidationExperiments\ECTSystem.Web\obj\Debug\net10.0\compressed\bzd88wugf7-{0}-z63f4u7x7n-z63f4u7x7n.gz
         Processing compressed asset: D:\source\repos\donellmccoy\FormValidationExperiments\ECTSystem.Web\obj\Debug\net10.0\compressed\c3onxnxibh-{0}-jajyg5jqf4-jajyg5jqf4.gz
         Processing compressed asset: D:\source\repos\donellmccoy\FormValidationExperiments\ECTSystem.Web\obj\Debug\net10.0\compressed\t2tvocn0z4-{0}-ceh8u7ziaj-ceh8u7ziaj.gz
         Processing compressed asset: D:\source\repos\donellmccoy\FormValidationExperiments\ECTSystem.Web\obj\Debug\net10.0\compressed\vr3s8khe9q-{0}-66stpp682q-66stpp682q.gz
         Processing compressed asset: D:\source\repos\donellmccoy\FormValidationExperiments\ECTSystem.Web\obj\Debug\net10.0\compressed\8ltt89qj2w-{0}-jo6ym5gycc-jo6ym5gycc.gz
         Processing compressed asset: D:\source\repos\donellmccoy\FormValidationExperiments\ECTSystem.Web\obj\Debug\net10.0\compressed\4kt63ecug1-{0}-jajyg5jqf4-jajyg5jqf4.gz
         Processing compressed asset: D:\source\repos\donellmccoy\FormValidationExperiments\ECTSystem.Web\obj\Debug\net10.0\compressed\vp43n8brm6-{0}-odyim21f0k-odyim21f0k.gz
         Processing compressed asset: D:\source\repos\donellmccoy\FormValidationExperiments\ECTSystem.Web\obj\Debug\net10.0\compressed\13w5d5gf1p-{0}-fcngimj9x2-fcngimj9x2.gz
         Processing compressed asset: D:\source\repos\donellmccoy\FormValidationExperiments\ECTSystem.Web\obj\Debug\net10.0\compressed\cx7bzp8hnb-{0}-29qxocl83q-29qxocl83q.gz
         Processing compressed asset: D:\source\repos\donellmccoy\FormValidationExperiments\ECTSystem.Web\obj\Debug\net10.0\compressed\r8o66dz1as-{0}-m4glpcdewx-m4glpcdewx.gz
         Processing compressed asset: D:\source\repos\donellmccoy\FormValidationExperiments\ECTSystem.Web\obj\Debug\net10.0\compressed\3mkt4spddn-{0}-0rcyclkryr-0rcyclkryr.gz
         Processing compressed asset: D:\source\repos\donellmccoy\FormValidationExperiments\ECTSystem.Web\obj\Debug\net10.0\compressed\cyhnwtkn6s-{0}-07hq35kp92-07hq35kp92.gz
         Processing compressed asset: D:\source\repos\donellmccoy\FormValidationExperiments\ECTSystem.Web\obj\Debug\net10.0\compressed\at08j8qr2d-{0}-2alhj4y3bm-2alhj4y3bm.gz
         Processing compressed asset: D:\source\repos\donellmccoy\FormValidationExperiments\ECTSystem.Web\obj\Debug\net10.0\compressed\45jy0afkgd-{0}-tptq2av103-tptq2av103.gz
         Processing compressed asset: D:\source\repos\donellmccoy\FormValidationExperiments\ECTSystem.Web\obj\Debug\net10.0\compressed\6ljk4e1jww-{0}-g2f3fcm2ae-g2f3fcm2ae.gz
         Processing compressed asset: D:\source\repos\donellmccoy\FormValidationExperiments\ECTSystem.Web\obj\Debug\net10.0\compressed\49qm3v39nt-{0}-kw55oasc07-kw55oasc07.gz
         Processing compressed asset: D:\source\repos\donellmccoy\FormValidationExperiments\ECTSystem.Web\obj\Debug\net10.0\compressed\oz2zrnwl67-{0}-hfrandkscy-hfrandkscy.gz
         Processing compressed asset: D:\source\repos\donellmccoy\FormValidationExperiments\ECTSystem.Web\obj\Debug\net10.0\compressed\aluk2yd60g-{0}-xma8j95wqm-xma8j95wqm.gz
       _BuildCopyStaticWebAssetsPreserveNewest:
       Skipping target "_BuildCopyStaticWebAssetsPreserveNewest" because all output files are up-to-date with respect to the input files.
       _CopyOutOfDateSourceItemsToOutputDirectory:
       Skipping target "_CopyOutOfDateSourceItemsToOutputDirectory" because all output files are up-to-date with respect to the input files.
       CopyFilesToOutputDirectory:
         ECTSystem.Web -> D:\source\repos\donellmccoy\FormValidationExperiments\ECTSystem.Web\bin\Debug\net10.0\ECTSystem.Web.dll
       _BlazorCopyFilesToOutputDirectory:
         ECTSystem.Web (Blazor output) -> D:\source\repos\donellmccoy\FormValidationExperiments\ECTSystem.Web\bin\Debug\net10.0\wwwroot
     5>Done Building Project "D:\source\repos\donellmccoy\FormValidationExperiments\ECTSystem.Web\ECTSystem.Web.csproj" (default targets).
     1>GenerateTargetFrameworkMonikerAttribute:
       Skipping target "GenerateTargetFrameworkMonikerAttribute" because all output files are up-to-date with respect to the input files.
       CoreGenerateAssemblyInfo:
       Skipping target "CoreGenerateAssemblyInfo" because all output files are up-to-date with respect to the input files.
       _GenerateSourceLinkFile:
         Source Link file 'obj\Debug\net10.0\ECTSystem.Tests.sourcelink.json' is up-to-date.
       CoreCompile:
       Skipping target "CoreCompile" because all output files are up-to-date with respect to the input files.
       _CopyOutOfDateSourceItemsToOutputDirectory:
       Building target "_CopyOutOfDateSourceItemsToOutputDirectory" partially, because some output files are out of date with respect to their input files.
         Copying file from "D:\source\repos\donellmccoy\FormValidationExperiments\ECTSystem.Tests\obj\Debug\net10.0\MvcTestingAppManifest.json" to "D:\source\repos\donellmccoy\FormValidationExperiments\ECTSystem.Tests\bin\Debug\net10.0\MvcTestingAppManifest.json".
       GenerateBuildDependencyFile:
       Skipping target "GenerateBuildDependencyFile" because all output files are up-to-date with respect to the input files.
       GenerateBuildRuntimeConfigurationFiles:
       Skipping target "GenerateBuildRuntimeConfigurationFiles" because all output files are up-to-date with respect to the input files.
       CopyFilesToOutputDirectory:
         ECTSystem.Tests -> D:\source\repos\donellmccoy\FormValidationExperiments\ECTSystem.Tests\bin\Debug\net10.0\ECTSystem.Tests.dll
       _MvcCopyDependencyFiles:
         Copying file from "D:\source\repos\donellmccoy\FormValidationExperiments\ECTSystem.Api\bin\Debug\net10.0\ECTSystem.Api.deps.json" to "D:\source\repos\donellmccoy\FormValidationExperiments\ECTSystem.Tests\bin\Debug\net10.0\ECTSystem.Api.deps.json".
         Copying file from "D:\source\repos\donellmccoy\FormValidationExperiments\ECTSystem.Persistence\bin\Debug\net10.0\ECTSystem.Persistence.deps.json" to "D:\source\repos\donellmccoy\FormValidationExperiments\ECTSystem.Tests\bin\Debug\net10.0\ECTSystem.Persistence.deps.json".
         Copying file from "D:\source\repos\donellmccoy\FormValidationExperiments\ECTSystem.Shared\bin\Debug\net10.0\ECTSystem.Shared.deps.json" to "D:\source\repos\donellmccoy\FormValidationExperiments\ECTSystem.Tests\bin\Debug\net10.0\ECTSystem.Shared.deps.json".
     1>Done Building Project "D:\source\repos\donellmccoy\FormValidationExperiments\ECTSystem.Tests\ECTSystem.Tests.csproj" (default targets).
     1>BuildProject:
         Build completed.
         
Test run for D:\source\repos\donellmccoy\FormValidationExperiments\ECTSystem.Tests\bin\Debug\net10.0\ECTSystem.Tests.dll (.NETCoreApp,Version=v10.0)
A total of 1 test files matched the specified pattern.
[xUnit.net 00:00:00.00] xUnit.net VSTest Adapter v3.1.5+1b188a7b0a (64-bit .NET 10.0.5)
[xUnit.net 00:00:00.07]   Discovering: ECTSystem.Tests
[xUnit.net 00:00:00.16]   Discovered:  ECTSystem.Tests
[xUnit.net 00:00:00.21]   Starting:    ECTSystem.Tests
